Gemmini extension configured with:
    dim = 16
GEMMINI: flush
GEMMINI: config_ex - set dataflow mode from 0 to 1
GEMMINI: config_ex - set activation function from 0 to 0
GEMMINI: config_ex - set sys_shift from 0 to 0
GEMMINI: config_mvout - set store stride from 0 to 64
GEMMINI: config_mvout - no pooling
GEMMINI: config_mvin - set load stride from 0 to 16
GEMMINI: config_mvin - set load scale from 187908284425488 to 187908284425488
GEMMINI: config_mvin - set load stride from 0 to 16
GEMMINI: config_mvin - set load scale from 187908284425492 to 187908284425490
GEMMINI: mvin - 0x10 cols and 0x10 rows from 0x20000000 to addr 0x00000010
0 0 0 0 0 0 0 0 0 0 0 0 0 0 0 0 
0 0 0 0 0 0 0 0 0 0 0 0 0 0 0 0 
0 0 0 0 0 0 0 0 0 0 0 0 0 0 0 0 
0 0 0 0 0 0 0 0 0 0 0 0 0 0 0 0 
0 0 0 0 0 0 0 0 0 0 0 0 0 0 0 0 
0 0 0 0 0 0 0 0 0 0 0 0 0 0 0 0 
0 0 0 0 0 0 0 0 0 0 0 0 0 0 0 0 
0 0 0 0 0 0 0 0 0 0 0 0 0 0 0 0 
0 0 0 0 0 0 0 0 0 0 0 0 0 0 0 0 
0 0 0 0 0 0 0 0 0 0 0 0 0 0 0 0 
0 0 0 0 0 0 0 0 0 0 0 0 0 0 0 0 
0 0 0 0 0 0 0 0 0 0 0 0 0 0 0 0 
0 0 0 0 0 0 0 0 0 0 0 0 0 0 0 0 
0 0 0 0 0 0 0 0 0 0 0 0 0 0 0 0 
0 0 0 0 0 0 0 0 0 0 0 0 0 0 0 0 
0 0 0 0 0 0 0 0 0 0 0 0 0 0 0 0 
GEMMINI: mvin - 0x10 cols and 0x10 rows from 0x10000000 to addr 0x00000000
0 0 0 0 0 0 0 0 0 0 0 0 0 0 0 0 
0 0 0 0 0 0 0 0 0 0 0 0 0 0 0 0 
0 0 0 0 0 0 0 0 0 0 0 0 0 0 0 0 
0 0 0 0 0 0 0 0 0 0 0 0 0 0 0 0 
0 0 0 0 0 0 0 0 0 0 0 0 0 0 0 0 
0 0 0 0 0 0 0 0 0 0 0 0 0 0 0 0 
0 0 0 0 0 0 0 0 0 0 0 0 0 0 0 0 
0 0 0 0 0 0 0 0 0 0 0 0 0 0 0 0 
0 0 0 0 0 0 0 0 0 0 0 0 0 0 0 0 
0 0 0 0 0 0 0 0 0 0 0 0 0 0 0 0 
0 0 0 0 0 0 0 0 0 0 0 0 0 0 0 0 
0 0 0 0 0 0 0 0 0 0 0 0 0 0 0 0 
0 0 0 0 0 0 0 0 0 0 0 0 0 0 0 0 
0 0 0 0 0 0 0 0 0 0 0 0 0 0 0 0 
0 0 0 0 0 0 0 0 0 0 0 0 0 0 0 0 
0 0 0 0 0 0 0 0 0 0 0 0 0 0 0 0 
GEMMINI: preload - scratchpad output addr = 0xa0000000, scratchpad preload addr = 0x00000010
GEMMINI: compute - preload = 1, scratchpad A addr = 0x00000000,scratchpad B addr 0xffffffff
GEMMINI: compute - PEs after preloading:
0 0 0 0 0 0 0 0 0 0 0 0 0 0 0 0 
0 0 0 0 0 0 0 0 0 0 0 0 0 0 0 0 
0 0 0 0 0 0 0 0 0 0 0 0 0 0 0 0 
0 0 0 0 0 0 0 0 0 0 0 0 0 0 0 0 
0 0 0 0 0 0 0 0 0 0 0 0 0 0 0 0 
0 0 0 0 0 0 0 0 0 0 0 0 0 0 0 0 
0 0 0 0 0 0 0 0 0 0 0 0 0 0 0 0 
0 0 0 0 0 0 0 0 0 0 0 0 0 0 0 0 
0 0 0 0 0 0 0 0 0 0 0 0 0 0 0 0 
0 0 0 0 0 0 0 0 0 0 0 0 0 0 0 0 
0 0 0 0 0 0 0 0 0 0 0 0 0 0 0 0 
0 0 0 0 0 0 0 0 0 0 0 0 0 0 0 0 
0 0 0 0 0 0 0 0 0 0 0 0 0 0 0 0 
0 0 0 0 0 0 0 0 0 0 0 0 0 0 0 0 
0 0 0 0 0 0 0 0 0 0 0 0 0 0 0 0 
0 0 0 0 0 0 0 0 0 0 0 0 0 0 0 0 
GEMMINI: compute - PEs after matmul:
0 0 0 0 0 0 0 0 0 0 0 0 0 0 0 0 
0 0 0 0 0 0 0 0 0 0 0 0 0 0 0 0 
0 0 0 0 0 0 0 0 0 0 0 0 0 0 0 0 
0 0 0 0 0 0 0 0 0 0 0 0 0 0 0 0 
0 0 0 0 0 0 0 0 0 0 0 0 0 0 0 0 
0 0 0 0 0 0 0 0 0 0 0 0 0 0 0 0 
0 0 0 0 0 0 0 0 0 0 0 0 0 0 0 0 
0 0 0 0 0 0 0 0 0 0 0 0 0 0 0 0 
0 0 0 0 0 0 0 0 0 0 0 0 0 0 0 0 
0 0 0 0 0 0 0 0 0 0 0 0 0 0 0 0 
0 0 0 0 0 0 0 0 0 0 0 0 0 0 0 0 
0 0 0 0 0 0 0 0 0 0 0 0 0 0 0 0 
0 0 0 0 0 0 0 0 0 0 0 0 0 0 0 0 
0 0 0 0 0 0 0 0 0 0 0 0 0 0 0 0 
0 0 0 0 0 0 0 0 0 0 0 0 0 0 0 0 
0 0 0 0 0 0 0 0 0 0 0 0 0 0 0 0 
GEMMINI: compute - writing results to addr 0xa0000000, :
0 0 0 0 0 0 0 0 0 0 0 0 0 0 0 0 
0 0 0 0 0 0 0 0 0 0 0 0 0 0 0 0 
0 0 0 0 0 0 0 0 0 0 0 0 0 0 0 0 
0 0 0 0 0 0 0 0 0 0 0 0 0 0 0 0 
0 0 0 0 0 0 0 0 0 0 0 0 0 0 0 0 
0 0 0 0 0 0 0 0 0 0 0 0 0 0 0 0 
0 0 0 0 0 0 0 0 0 0 0 0 0 0 0 0 
0 0 0 0 0 0 0 0 0 0 0 0 0 0 0 0 
0 0 0 0 0 0 0 0 0 0 0 0 0 0 0 0 
0 0 0 0 0 0 0 0 0 0 0 0 0 0 0 0 
0 0 0 0 0 0 0 0 0 0 0 0 0 0 0 0 
0 0 0 0 0 0 0 0 0 0 0 0 0 0 0 0 
0 0 0 0 0 0 0 0 0 0 0 0 0 0 0 0 
0 0 0 0 0 0 0 0 0 0 0 0 0 0 0 0 
0 0 0 0 0 0 0 0 0 0 0 0 0 0 0 0 
0 0 0 0 0 0 0 0 0 0 0 0 0 0 0 0 
GEMMINI: mvout - 0x10 cols and 0x10 rows from 0x100010e0000000 to addr 0x30000000
0 0 0 0 0 0 0 0 0 0 0 0 0 0 0 0 
0 0 0 0 0 0 0 0 0 0 0 0 0 0 0 0 
0 0 0 0 0 0 0 0 0 0 0 0 0 0 0 0 
0 0 0 0 0 0 0 0 0 0 0 0 0 0 0 0 
0 0 0 0 0 0 0 0 0 0 0 0 0 0 0 0 
0 0 0 0 0 0 0 0 0 0 0 0 0 0 0 0 
0 0 0 0 0 0 0 0 0 0 0 0 0 0 0 0 
0 0 0 0 0 0 0 0 0 0 0 0 0 0 0 0 
0 0 0 0 0 0 0 0 0 0 0 0 0 0 0 0 
0 0 0 0 0 0 0 0 0 0 0 0 0 0 0 0 
0 0 0 0MODE 0 PASS
 0 0 0 0 0 0 0 0 0 0 0 0 
0 0 0 0 0 0 0 0 0 0 0 0 0 0 0 0 
0 0 0 0 0 0 0 0 0 0 0 0 0 0 0 0 
0 0 0 0 0 0 0 0 0 0 0 0 0 0 0 0 
0 0 0 0 0 0 0 0 0 0 0 0 0 0 0 0 
0 0 0 0 0 0 0 0 0 0 0 0 0 0 0 0 
GEMMINI: flush
GEMMINI: config_ex - set dataflow mode from 1 to 1
GEMMINI: config_ex - set activation function from 0 to 0
GEMMINI: config_ex - set sys_shift from 0 to 0
GEMMINI: config_mvout - set store stride from 64 to 64
GEMMINI: config_mvout - no pooling
GEMMINI: config_mvin - set load stride from 16 to 16
GEMMINI: config_mvin - set load scale from 187908284425488 to 187908284425488
GEMMINI: config_mvin - set load stride from 16 to 16
GEMMINI: config_mvin - set load scale from 187908284425492 to 187908284425490
GEMMINI: mvin - 0x10 cols and 0x10 rows from 0x20000000 to addr 0x00000010
127 -128 127 -128 127 -128 127 -128 127 -128 127 -128 127 -128 127 -128 
127 -128 127 -128 127 -128 127 -128 127 -128 127 -128 127 -128 127 -128 
127 -128 127 -128 127 -128 127 -128 127 -128 127 -128 127 -128 127 -128 
127 -128 127 -128 127 -128 127 -128 127 -128 127 -128 127 -128 127 -128 
127 -128 127 -128 127 -128 127 -128 127 -128 127 -128 127 -128 127 -128 
127 -128 127 -128 127 -128 127 -128 127 -128 127 -128 127 -128 127 -128 
127 -128 127 -128 127 -128 127 -128 127 -128 127 -128 127 -128 127 -128 
127 -128 127 -128 127 -128 127 -128 127 -128 127 -128 127 -128 127 -128 
127 -128 127 -128 127 -128 127 -128 127 -128 127 -128 127 -128 127 -128 
127 -128 127 -128 127 -128 127 -128 127 -128 127 -128 127 -128 127 -128 
127 -128 127 -128 127 -128 127 -128 127 -128 127 -128 127 -128 127 -128 
127 -128 127 -128 127 -128 127 -128 127 -128 127 -128 127 -128 127 -128 
127 -128 127 -128 127 -128 127 -128 127 -128 127 -128 127 -128 127 -128 
127 -128 127 -128 127 -128 127 -128 127 -128 127 -128 127 -128 127 -128 
127 -128 127 -128 127 -128 127 -128 127 -128 127 -128 127 -128 127 -128 
127 -128 127 -128 127 -128 127 -128 127 -128 127 -128 127 -128 127 -128 
GEMMINI: mvin - 0x10 cols and 0x10 rows from 0x10000000 to addr 0x00000000
-128 127 -128 127 -128 127 -128 127 -128 127 -128 127 -128 127 -128 127 
-128 127 -128 127 -128 127 -128 127 -128 127 -128 127 -128 127 -128 127 
-128 127 -128 127 -128 127 -128 127 -128 127 -128 127 -128 127 -128 127 
-128 127 -128 127 -128 127 -128 127 -128 127 -128 127 -128 127 -128 127 
-128 127 -128 127 -128 127 -128 127 -128 127 -128 127 -128 127 -128 127 
-128 127 -128 127 -128 127 -128 127 -128 127 -128 127 -128 127 -128 127 
-128 127 -128 127 -128 127 -128 127 -128 127 -128 127 -128 127 -128 127 
-128 127 -128 127 -128 127 -128 127 -128 127 -128 127 -128 127 -128 127 
-128 127 -128 127 -128 127 -128 127 -128 127 -128 127 -128 127 -128 127 
-128 127 -128 127 -128 127 -128 127 -128 127 -128 127 -128 127 -128 127 
-128 127 -128 127 -128 127 -128 127 -128 127 -128 127 -128 127 -128 127 
-128 127 -128 127 -128 127 -128 127 -128 127 -128 127 -128 127 -128 127 
-128 127 -128 127 -128 127 -128 127 -128 127 -128 127 -128 127 -128 127 
-128 127 -128 127 -128 127 -128 127 -128 127 -128 127 -128 127 -128 127 
-128 127 -128 127 -128 127 -128 127 -128 127 -128 127 -128 127 -128 127 
-128 127 -128 127 -128 127 -128 127 -128 127 -128 127 -128 127 -128 127 
GEMMINI: preload - scratchpad output addr = 0xa0000000, scratchpad preload addr = 0x00000010
GEMMINI: compute - preload = 1, scratchpad A addr = 0x00000000,scratchpad B addr 0xffffffff
GEMMINI: compute - PEs after preloading:
127 -128 127 -128 127 -128 127 -128 127 -128 127 -128 127 -128 127 -128 
127 -128 127 -128 127 -128 127 -128 127 -128 127 -128 127 -128 127 -128 
127 -128 127 -128 127 -128 127 -128 127 -128 127 -128 127 -128 127 -128 
127 -128 127 -128 127 -128 127 -128 127 -128 127 -128 127 -128 127 -128 
127 -128 127 -128 127 -128 127 -128 127 -128 127 -128 127 -128 127 -128 
127 -128 127 -128 127 -128 127 -128 127 -128 127 -128 127 -128 127 -128 
127 -128 127 -128 127 -128 127 -128 127 -128 127 -128 127 -128 127 -128 
127 -128 127 -128 127 -128 127 -128 127 -128 127 -128 127 -128 127 -128 
127 -128 127 -128 127 -128 127 -128 127 -128 127 -128 127 -128 127 -128 
127 -128 127 -128 127 -128 127 -128 127 -128 127 -128 127 -128 127 -128 
127 -128 127 -128 127 -128 127 -128 127 -128 127 -128 127 -128 127 -128 
127 -128 127 -128 127 -128 127 -128 127 -128 127 -128 127 -128 127 -128 
127 -128 127 -128 127 -128 127 -128 127 -128 127 -128 127 -128 127 -128 
127 -128 127 -128 127 -128 127 -128 127 -128 127 -128 127 -128 127 -128 
127 -128 127 -128 127 -128 127 -128 127 -128 127 -128 127 -128 127 -128 
127 -128 127 -128 127 -128 127 -128 127 -128 127 -128 127 -128 127 -128 
GEMMINI: compute - PEs after matmul:
127 -128 127 -128 127 -128 127 -128 127 -128 127 -128 127 -128 127 -128 
127 -128 127 -128 127 -128 127 -128 127 -128 127 -128 127 -128 127 -128 
127 -128 127 -128 127 -128 127 -128 127 -128 127 -128 127 -128 127 -128 
127 -128 127 -128 127 -128 127 -128 127 -128 127 -128 127 -128 127 -128 
127 -128 127 -128 127 -128 127 -128 127 -128 127 -128 127 -128 127 -128 
127 -128 127 -128 127 -128 127 -128 127 -128 127 -128 127 -128 127 -128 
127 -128 127 -128 127 -128 127 -128 127 -128 127 -128 127 -128 127 -128 
127 -128 127 -128 127 -128 127 -128 127 -128 127 -128 127 -128 127 -128 
127 -128 127 -128 127 -128 127 -128 127 -128 127 -128 127 -128 127 -128 
127 -128 127 -128 127 -128 127 -128 127 -128 127 -128 127 -128 127 -128 
127 -128 127 -128 127 -128 127 -128 127 -128 127 -128 127 -128 127 -128 
127 -128 127 -128 127 -128 127 -128 127 -128 127 -128 127 -128 127 -128 
127 -128 127 -128 127 -128 127 -128 127 -128 127 -128 127 -128 127 -128 
127 -128 127 -128 127 -128 127 -128 127 -128 127 -128 127 -128 127 -128 
127 -128 127 -128 127 -128 127 -128 127 -128 127 -128 127 -128 127 -128 
127 -128 127 -128 127 -128 127 -128 127 -128 127 -128 127 -128 127 -128 
GEMMINI: compute - writing results to addr 0xa0000000, :
-1016 1024 -1016 1024 -1016 1024 -1016 1024 -1016 1024 -1016 1024 -1016 1024 -1016 1024 
-1016 1024 -1016 1024 -1016 1024 -1016 1024 -1016 1024 -1016 1024 -1016 1024 -1016 1024 
-1016 1024 -1016 1024 -1016 1024 -1016 1024 -1016 1024 -1016 1024 -1016 1024 -1016 1024 
-1016 1024 -1016 1024 -1016 1024 -1016 1024 -1016 1024 -1016 1024 -1016 1024 -1016 1024 
-1016 1024 -1016 1024 -1016 1024 -1016 1024 -1016 1024 -1016 1024 -1016 1024 -1016 1024 
-1016 1024 -1016 1024 -1016 1024 -1016 1024 -1016 1024 -1016 1024 -1016 1024 -1016 1024 
-1016 1024 -1016 1024 -1016 1024 -1016 1024 -1016 1024 -1016 1024 -1016 1024 -1016 1024 
-1016 1024 -1016 1024 -1016 1024 -1016 1024 -1016 1024 -1016 1024 -1016 1024 -1016 1024 
-1016 1024 -1016 1024 -1016 1024 -1016 1024 -1016 1024 -1016 1024 -1016 1024 -1016 1024 
-1016 1024 -1016 1024 -1016 1024 -1016 1024 -1016 1024 -1016 1024 -1016 1024 -1016 1024 
-1016 1024 -1016 1024 -1016 1024 -1016 1024 -1016 1024 -1016 1024 -1016 1024 -1016 1024 
-1016 1024 -1016 1024 -1016 1024 -1016 1024 -1016 1024 -1016 1024 -1016 1024 -1016 1024 
-1016 1024 -1016 1024 -1016 1024 -1016 1024 -1016 1024 -1016 1024 -1016 1024 -1016 1024 
-1016 1024 -1016 1024 -1016 1024 -1016 1024 -1016 1024 -1016 1024 -1016 1024 -1016 1024 
-1016 1024 -1016 1024 -1016 1024 -1016 1024 -1016 1024 -1016 1024 -1016 1024 -1016 1024 
-1016 1024 -1016 1024 -1016 1024 -1016 1024 -1016 1024 -1016 1024 -1016 1024 -1016 1024 
GEMMINI: mvout - 0x10 cols and 0x10 rows from 0x100010e0000000 to addr 0x30000000
-1016 1024 -1016 1024 -1016 1024 -1016 1024 -1016 1024 -1016 1024 -1016 1024 -1016 1024 
-1016 1024 -1016 1024 -1016 1024 -1016 1024 -1016 1024 -1016 1024 -1016 1024 -1016 1024 
-1016 1024 -1016 1024 -1016 1024 -1016 1024 -1016 1024 -1016 1024 -1016 1024 -1016 1024 
-1016 1024 -1016 1024 -1016 1024 -1016 1024 -1016 1024 -1016 1024 -1016 1024 -1016 1024 
-1016 1024 -1016 1024 -1016 1024 -1016 1024 -1016 1024 -1016 1024 -1016 1024 -1016 1024 
-1016 1024 -1016 1024 -1016 1024 -1016 1024 -1016 1024 -1016 1024 -1016 1024 -1016 1024 
-1016 1024 -1016 1024 -1016 1024 -1016 1024 -1016 1024 -1016 1024 -1016 1024 -1016 1024 
-1016 1024 -1016 1024 -1016 1024 -1016 1024 -1016 1024 -1016 1024 -1016 1024 -1016 1024 
-1016 1024 -1016 1024 -1016 1024 -1016 1024 -1016 1024 -1016 1024 -1016 1024 -1016 1024 
-1016 1024 -1016 1024 -1016 10MODE 1 PASS
24 -1016 1024 -1016 1024 -1016 1024 -1016 1024 -1016 1024 
-1016 1024 -1016 1024 -1016 1024 -1016 1024 -1016 1024 -1016 1024 -1016 1024 -1016 1024 
-1016 1024 -1016 1024 -1016 1024 -1016 1024 -1016 1024 -1016 1024 -1016 1024 -1016 1024 
-1016 1024 -1016 1024 -1016 1024 -1016 1024 -1016 1024 -1016 1024 -1016 1024 -1016 1024 
-1016 1024 -1016 1024 -1016 1024 -1016 1024 -1016 1024 -1016 1024 -1016 1024 -1016 1024 
-1016 1024 -1016 1024 -1016 1024 -1016 1024 -1016 1024 -1016 1024 -1016 1024 -1016 1024 
-1016 1024 -1016 1024 -1016 1024 -1016 1024 -1016 1024 -1016 1024 -1016 1024 -1016 1024 
GEMMINI: flush
GEMMINI: config_ex - set dataflow mode from 1 to 1
GEMMINI: config_ex - set activation function from 0 to 0
GEMMINI: config_ex - set sys_shift from 0 to 0
GEMMINI: config_mvout - set store stride from 64 to 64
GEMMINI: config_mvout - no pooling
GEMMINI: config_mvin - set load stride from 16 to 16
GEMMINI: config_mvin - set load scale from 187908284425488 to 187908284425488
GEMMINI: config_mvin - set load stride from 16 to 16
GEMMINI: config_mvin - set load scale from 187908284425492 to 187908284425490
GEMMINI: mvin - 0x10 cols and 0x10 rows from 0x20000000 to addr 0x00000010
23 1 18 -26 93 -107 -15 122 -74 -124 45 -57 -26 -36 -113 -11 
66 91 87 -49 -22 4 -43 49 -57 102 -57 47 67 -89 118 6 
-53 83 -113 -61 6 -25 -62 -75 -46 27 28 -108 3 -13 37 110 
-38 -124 -71 85 71 -121 -89 -54 -33 -97 11 -25 -101 106 107 80 
86 73 -108 -40 4 -16 51 -14 -77 -84 50 -34 68 119 -40 -113 
-26 -66 -97 94 86 -20 -44 113 -41 -66 -15 -23 -13 70 -70 -49 
-16 -68 26 -68 17 8 -69 74 -110 16 103 62 97 -63 33 114 
-100 -33 2 -125 -50 -115 -43 64 -23 -100 114 -51 3 -109 -37 -102 
-47 -126 24 8 -28 -121 -46 -43 -91 29 -79 75 17 40 119 45 
53 -63 -39 92 105 -63 33 76 76 15 -123 43 -125 -86 68 -53 
48 117 -122 83 52 -58 -15 -86 37 -83 11 -97 14 4 82 -40 
-23 59 29 -127 -35 -32 49 -80 56 -15 34 -102 43 -30 112 120 
71 108 93 55 -69 27 -113 -30 74 -106 106 -48 15 -83 43 -115 
-15 37 -59 -119 -28 67 124 -126 -28 25 66 -77 -78 -110 -44 -70 
77 63 -108 74 47 -32 37 -107 77 -78 -55 118 -53 124 122 98 
-125 87 -55 13 52 64 122 -37 -118 95 -35 13 -46 20 -22 -88 
GEMMINI: mvin - 0x10 cols and 0x10 rows from 0x10000000 to addr 0x00000000
113 71 29 -108 -20 -119 -109 -57 68 -68 -40 -49 -53 60 -59 -90 
104 25 -88 -26 -54 -92 -30 59 105 -67 65 -119 65 -38 30 -36 
78 -40 54 19 -58 -126 73 76 25 -30 116 14 -87 74 79 57 
73 32 -58 -82 119 109 -72 -66 89 37 81 84 122 52 40 -31 
65 77 24 10 53 113 -34 20 -14 65 119 11 -22 5 55 -75 
-35 120 -87 58 22 89 42 -112 107 -78 68 -88 -14 -26 -53 90 
-125 126 -70 17 -14 -80 -53 54 9 -77 -40 94 72 -59 -12 50 
92 -8 72 34 95 -64 -81 -55 -43 62 17 30 98 74 -128 96 
77 67 20 -64 -75 -106 -121 -53 -107 15 -113 -98 121 -30 -1 -56 
-3 120 -100 -3 10 -5 -64 -128 -48 -96 -79 78 -125 -73 -66 11 
-43 116 31 -82 54 123 -118 -21 -50 45 -107 99 54 -75 -49 -114 
-6 -47 -100 100 -49 96 -44 -50 -107 -80 27 -48 11 -123 -2 115 
84 -23 -46 115 45 -73 77 -83 -21 -27 -31 71 55 -108 -36 -99 
-118 -39 65 -17 102 73 100 -53 90 71 71 59 -77 13 -73 -81 
2 123 38 -87 82 -94 71 43 38 16 108 -32 53 -39 -97 12 
-28 106 -126 53 -121 13 -25 -113 88 59 46 40 51 -91 98 -40 
GEMMINI: preload - scratchpad output addr = 0xa0000000, scratchpad preload addr = 0x00000010
GEMMINI: compute - preload = 1, scratchpad A addr = 0x00000000,scratchpad B addr 0xffffffff
GEMMINI: compute - PEs after preloading:
23 1 18 -26 93 -107 -15 122 -74 -124 45 -57 -26 -36 -113 -11 
66 91 87 -49 -22 4 -43 49 -57 102 -57 47 67 -89 118 6 
-53 83 -113 -61 6 -25 -62 -75 -46 27 28 -108 3 -13 37 110 
-38 -124 -71 85 71 -121 -89 -54 -33 -97 11 -25 -101 106 107 80 
86 73 -108 -40 4 -16 51 -14 -77 -84 50 -34 68 119 -40 -113 
-26 -66 -97 94 86 -20 -44 113 -41 -66 -15 -23 -13 70 -70 -49 
-16 -68 26 -68 17 8 -69 74 -110 16 103 62 97 -63 33 114 
-100 -33 2 -125 -50 -115 -43 64 -23 -100 114 -51 3 -109 -37 -102 
-47 -126 24 8 -28 -121 -46 -43 -91 29 -79 75 17 40 119 45 
53 -63 -39 92 105 -63 33 76 76 15 -123 43 -125 -86 68 -53 
48 117 -122 83 52 -58 -15 -86 37 -83 11 -97 14 4 82 -40 
-23 59 29 -127 -35 -32 49 -80 56 -15 34 -102 43 -30 112 120 
71 108 93 55 -69 27 -113 -30 74 -106 106 -48 15 -83 43 -115 
-15 37 -59 -119 -28 67 124 -126 -28 25 66 -77 -78 -110 -44 -70 
77 63 -108 74 47 -32 37 -107 77 -78 -55 118 -53 124 122 98 
-125 87 -55 13 52 64 122 -37 -118 95 -35 13 -46 20 -22 -88 
GEMMINI: compute - PEs after matmul:
23 1 18 -26 93 -107 -15 122 -74 -124 45 -57 -26 -36 -113 -11 
66 91 87 -49 -22 4 -43 49 -57 102 -57 47 67 -89 118 6 
-53 83 -113 -61 6 -25 -62 -75 -46 27 28 -108 3 -13 37 110 
-38 -124 -71 85 71 -121 -89 -54 -33 -97 11 -25 -101 106 107 80 
86 73 -108 -40 4 -16 51 -14 -77 -84 50 -34 68 119 -40 -113 
-26 -66 -97 94 86 -20 -44 113 -41 -66 -15 -23 -13 70 -70 -49 
-16 -68 26 -68 17 8 -69 74 -110 16 103 62 97 -63 33 114 
-100 -33 2 -125 -50 -115 -43 64 -23 -100 114 -51 3 -109 -37 -102 
-47 -126 24 8 -28 -121 -46 -43 -91 29 -79 75 17 40 119 45 
53 -63 -39 92 105 -63 33 76 76 15 -123 43 -125 -86 68 -53 
48 117 -122 83 52 -58 -15 -86 37 -83 11 -97 14 4 82 -40 
-23 59 29 -127 -35 -32 49 -80 56 -15 34 -102 43 -30 112 120 
71 108 93 55 -69 27 -113 -30 74 -106 106 -48 15 -83 43 -115 
-15 37 -59 -119 -28 67 124 -126 -28 25 66 -77 -78 -110 -44 -70 
77 63 -108 74 47 -32 37 -107 77 -78 -55 118 -53 124 122 98 
-125 87 -55 13 52 64 122 -37 -118 95 -35 13 -46 20 -22 -88 
GEMMINI: compute - writing results to addr 0xa0000000, :
13121 11154 33953 -31615 -22749 7580 10347 -1018 -5564 26156 -10655 -3124 11038 -21281 -22669 1629 
11388 -3531 30710 12439 -11153 -22504 -23224 9116 -816 -21142 3428 18189 6082 -9411 -553 -18893 
-20758 11590 -25091 -27449 8480 -21445 15482 -32407 -15381 -6619 15473 -10667 -8947 -12900 14636 26966 
39704 32717 -10045 14984 4900 -10353 7890 -7695 10678 -33686 -4276 -15696 6561 6783 9960 -35953 
26624 12877 -34308 17875 26640 -30611 -9913 11502 6483 -33413 -8557 -15191 -4981 6326 12745 -7600 
-182 -10743 1150 33969 11070 6641 -10730 7392 -42635 23882 -23428 25743 16132 29419 14767 -8475 
-4934 23273 42965 -18842 -39134 13411 -4120 -19665 10942 22616 781 8435 22152 -9787 36846 -2617 
2535 38487 -7220 -9614 5517 6842 17406 -13901 -10372 -4742 14013 -47747 -15763 -20119 -17913 -41386 
29725 27825 48631 8958 -15903 27117 -10065 16987 33858 9847 -6269 7622 -9313 -29793 -22837 -17919 
5424 678 33081 -9083 -6245 26304 20022 14468 -7569 41642 -27857 14976 22517 23355 -7387 21885 
26332 14634 24743 -4303 -15110 9317 -13462 29751 27442 5527 -14211 -9920 18614 -6968 -1391 -9625 
-11460 -4889 -7224 53995 23039 12553 -5140 15309 2752 -13358 -7322 6727 -11321 44227 -20454 -12685 
22881 -18509 27811 5685 1613 -18111 -32889 13178 5075 -29222 18082 -1450 17099 16351 13297 35479 
2913 -22093 -30407 -4409 3971 -8720 -3942 -7255 -11090 10955 -6701 -8020 19507 12094 22350 21003 
13877 35246 18044 -22773 -16316 -2110 -15720 10468 -21204 12886 14000 -9184 38112 -37078 13216 -24241 
29783 -13902 27211 54848 10208 -14101 -20334 -3079 33216 5841 -48882 43087 -8068 13792 65736 30458 
GEMMINI: mvout - 0x10 cols and 0x10 rows from 0x100010e0000000 to addr 0x30000000
13121 11154 33953 -31615 -22749 7580 10347 -1018 -5564 26156 -10655 -3124 11038 -21281 -22669 1629 
11388 -3531 30710 12439 -11153 -22504 -23224 9116 -816 -21142 3428 18189 6082 -9411 -553 -18893 
-20758 11590 -25091 -27449 8480 -21445 15482 -32407 -15381 -6619 15473 -10667 -8947 -12900 14636 26966 
39704 32717 -10045 14984 4900 -10353 7890 -7695 10678 -33686 -4276 -15696 6561 6783 9960 -35953 
26624 12877 -34308 17875 26640 -30611 -9913 11502 6483 -33413 -8557 -15191 -4981 6326 12745 -7600 
-182 -10743 1150 33969 11070 6641 -10730 7392 -42635 23882 -23428 25743 16132 29419 14767 -8475 
-4934 23273 42965 -18842 -39134 13411 -4120 -19665 10942 22616 781 8435 22152 -9787 36846 -2617 
2535 38487 -7220 -9614 5517 6842 17406 -13901 -10372 -4742 14013 -47747 -15763 -20119 -17913 -41386 
29725 27825 48631 8958 -15903 27117 -10065 16987 33858 9847 -6269 7622 -9313 -29793 -22837 -17919 
5424 678 33081 -9083 -6245 26304 20022 14468 -7569 41642 -27857 14976 22517 23355 -7387 21885 
26332 14634 24743 -4303 -15110 9317 -13462 29751 27442 5527 -14211 -9920 18614 -6968 -1391 -9625 
-11460 MODE 2 PASS
VERITAC_GEMMINI_RAW_PASS
-4889 -7224 53995 23039 12553 -5140 15309 2752 -13358 -7322 6727 -11321 44227 -20454 -12685 
22881 -18509 27811 5685 1613 -18111 -32889 13178 5075 -29222 18082 -1450 17099 16351 13297 35479 
2913 -22093 -30407 -4409 3971 -8720 -3942 -7255 -11090 10955 -6701 -8020 19507 12094 22350 21003 
13877 35246 18044 -22773 -16316 -2110 -15720 10468 -21204 12886 14000 -9184 38112 -37078 13216 -24241 
29783 -13902 27211 54848 10208 -14101 -20334 -3079 33216 5841 -48882 43087 -8068 13792 65736 30458 
