{
  "experiment": "/Users/cake/Documents/codework/VeriTac/benchmarks/gemmini/blind_search/2026-09-17/runs/mixed_cache",
  "task_id": "mixed_cache",
  "status": "certified",
  "rounds": [
    {
      "round": 1,
      "status": "model_timeout"
    },
    {
      "round": 2,
      "status": "native_accepted"
    },
    {
      "round": 3,
      "status": "native_accepted"
    },
    {
      "round": 4,
      "status": "native_accepted"
    }
  ],
  "isolation_enforced": true,
  "winner": {
    "round": 3,
    "certified": true,
    "objective": [
      5376,
      68
    ],
    "certification_path": "/Users/cake/Documents/codework/VeriTac/benchmarks/gemmini/blind_search/2026-09-17/runs/mixed_cache/certification/winner"
  }
}
