{
  "experiment": "/Users/cake/Documents/codework/VeriTac/benchmarks/gemmini/blind_search/2026-09-17/runs/square_tight",
  "task_id": "square_tight",
  "status": "no_certified_winner",
  "rounds": [
    {
      "round": 1,
      "status": "model_timeout"
    },
    {
      "round": 2,
      "status": "model_timeout"
    },
    {
      "round": 3,
      "status": "model_timeout"
    },
    {
      "round": 4,
      "status": "model_timeout"
    }
  ],
  "isolation_enforced": true,
  "winner": null
}
