Gemmini extension configured with:
    dim = 16
GEMMINI: flush
GEMMINI: config_ex - set dataflow mode from 0 to 1
GEMMINI: config_ex - set activation function from 0 to 0
GEMMINI: config_ex - set sys_shift from 0 to 0
GEMMINI: config_mvout - set store stride from 0 to 64
GEMMINI: config_mvout - no pooling
GEMMINI: config_mvin - set load stride from 0 to 32
GEMMINI: config_mvin - set load scale from 217204921029904 to 217204921029904
GEMMINI: config_mvin - set load stride from 0 to 16
GEMMINI: config_mvin - set load scale from 217204921029908 to 217204921029906
GEMMINI: mvin - 0x10 cols and 0x10 rows from 0x10000000 to addr 0x00000000
0 0 0 0 0 0 0 0 0 0 0 0 0 0 0 0 
0 0 0 0 0 0 0 0 0 0 0 0 0 0 0 0 
0 0 0 0 0 0 0 0 0 0 0 0 0 0 0 0 
0 0 0 0 0 0 0 0 0 0 0 0 0 0 0 0 
0 0 0 0 0 0 0 0 0 0 0 0 0 0 0 0 
0 0 0 0 0 0 0 0 0 0 0 0 0 0 0 0 
0 0 0 0 0 0 0 0 0 0 0 0 0 0 0 0 
0 0 0 0 0 0 0 0 0 0 0 0 0 0 0 0 
0 0 0 0 0 0 0 0 0 0 0 0 0 0 0 0 
0 0 0 0 0 0 0 0 0 0 0 0 0 0 0 0 
0 0 0 0 0 0 0 0 0 0 0 0 0 0 0 0 
0 0 0 0 0 0 0 0 0 0 0 0 0 0 0 0 
0 0 0 0 0 0 0 0 0 0 0 0 0 0 0 0 
0 0 0 0 0 0 0 0 0 0 0 0 0 0 0 0 
0 0 0 0 0 0 0 0 0 0 0 0 0 0 0 0 
0 0 0 0 0 0 0 0 0 0 0 0 0 0 0 0 
GEMMINI: mvin - 0x10 cols and 0x10 rows from 0x20000000 to addr 0x00000010
0 0 0 0 0 0 0 0 0 0 0 0 0 0 0 0 
0 0 0 0 0 0 0 0 0 0 0 0 0 0 0 0 
0 0 0 0 0 0 0 0 0 0 0 0 0 0 0 0 
0 0 0 0 0 0 0 0 0 0 0 0 0 0 0 0 
0 0 0 0 0 0 0 0 0 0 0 0 0 0 0 0 
0 0 0 0 0 0 0 0 0 0 0 0 0 0 0 0 
0 0 0 0 0 0 0 0 0 0 0 0 0 0 0 0 
0 0 0 0 0 0 0 0 0 0 0 0 0 0 0 0 
0 0 0 0 0 0 0 0 0 0 0 0 0 0 0 0 
0 0 0 0 0 0 0 0 0 0 0 0 0 0 0 0 
0 0 0 0 0 0 0 0 0 0 0 0 0 0 0 0 
0 0 0 0 0 0 0 0 0 0 0 0 0 0 0 0 
0 0 0 0 0 0 0 0 0 0 0 0 0 0 0 0 
0 0 0 0 0 0 0 0 0 0 0 0 0 0 0 0 
0 0 0 0 0 0 0 0 0 0 0 0 0 0 0 0 
0 0 0 0 0 0 0 0 0 0 0 0 0 0 0 0 
GEMMINI: preload - scratchpad output addr = 0xa0000000, scratchpad preload addr = 0x00000010
GEMMINI: compute - preload = 1, scratchpad A addr = 0x00000000,scratchpad B addr 0xffffffff
GEMMINI: compute - PEs after preloading:
0 0 0 0 0 0 0 0 0 0 0 0 0 0 0 0 
0 0 0 0 0 0 0 0 0 0 0 0 0 0 0 0 
0 0 0 0 0 0 0 0 0 0 0 0 0 0 0 0 
0 0 0 0 0 0 0 0 0 0 0 0 0 0 0 0 
0 0 0 0 0 0 0 0 0 0 0 0 0 0 0 0 
0 0 0 0 0 0 0 0 0 0 0 0 0 0 0 0 
0 0 0 0 0 0 0 0 0 0 0 0 0 0 0 0 
0 0 0 0 0 0 0 0 0 0 0 0 0 0 0 0 
0 0 0 0 0 0 0 0 0 0 0 0 0 0 0 0 
0 0 0 0 0 0 0 0 0 0 0 0 0 0 0 0 
0 0 0 0 0 0 0 0 0 0 0 0 0 0 0 0 
0 0 0 0 0 0 0 0 0 0 0 0 0 0 0 0 
0 0 0 0 0 0 0 0 0 0 0 0 0 0 0 0 
0 0 0 0 0 0 0 0 0 0 0 0 0 0 0 0 
0 0 0 0 0 0 0 0 0 0 0 0 0 0 0 0 
0 0 0 0 0 0 0 0 0 0 0 0 0 0 0 0 
GEMMINI: compute - PEs after matmul:
0 0 0 0 0 0 0 0 0 0 0 0 0 0 0 0 
0 0 0 0 0 0 0 0 0 0 0 0 0 0 0 0 
0 0 0 0 0 0 0 0 0 0 0 0 0 0 0 0 
0 0 0 0 0 0 0 0 0 0 0 0 0 0 0 0 
0 0 0 0 0 0 0 0 0 0 0 0 0 0 0 0 
0 0 0 0 0 0 0 0 0 0 0 0 0 0 0 0 
0 0 0 0 0 0 0 0 0 0 0 0 0 0 0 0 
0 0 0 0 0 0 0 0 0 0 0 0 0 0 0 0 
0 0 0 0 0 0 0 0 0 0 0 0 0 0 0 0 
0 0 0 0 0 0 0 0 0 0 0 0 0 0 0 0 
0 0 0 0 0 0 0 0 0 0 0 0 0 0 0 0 
0 0 0 0 0 0 0 0 0 0 0 0 0 0 0 0 
0 0 0 0 0 0 0 0 0 0 0 0 0 0 0 0 
0 0 0 0 0 0 0 0 0 0 0 0 0 0 0 0 
0 0 0 0 0 0 0 0 0 0 0 0 0 0 0 0 
0 0 0 0 0 0 0 0 0 0 0 0 0 0 0 0 
GEMMINI: compute - writing results to addr 0xa0000000, :
0 0 0 0 0 0 0 0 0 0 0 0 0 0 0 0 
0 0 0 0 0 0 0 0 0 0 0 0 0 0 0 0 
0 0 0 0 0 0 0 0 0 0 0 0 0 0 0 0 
0 0 0 0 0 0 0 0 0 0 0 0 0 0 0 0 
0 0 0 0 0 0 0 0 0 0 0 0 0 0 0 0 
0 0 0 0 0 0 0 0 0 0 0 0 0 0 0 0 
0 0 0 0 0 0 0 0 0 0 0 0 0 0 0 0 
0 0 0 0 0 0 0 0 0 0 0 0 0 0 0 0 
0 0 0 0 0 0 0 0 0 0 0 0 0 0 0 0 
0 0 0 0 0 0 0 0 0 0 0 0 0 0 0 0 
0 0 0 0 0 0 0 0 0 0 0 0 0 0 0 0 
0 0 0 0 0 0 0 0 0 0 0 0 0 0 0 0 
0 0 0 0 0 0 0 0 0 0 0 0 0 0 0 0 
0 0 0 0 0 0 0 0 0 0 0 0 0 0 0 0 
0 0 0 0 0 0 0 0 0 0 0 0 0 0 0 0 
0 0 0 0 0 0 0 0 0 0 0 0 0 0 0 0 
GEMMINI: mvin - 0x10 cols and 0x10 rows from 0x10000010 to addr 0x00000000
0 0 0 0 0 0 0 0 0 0 0 0 0 0 0 0 
0 0 0 0 0 0 0 0 0 0 0 0 0 0 0 0 
0 0 0 0 0 0 0 0 0 0 0 0 0 0 0 0 
0 0 0 0 0 0 0 0 0 0 0 0 0 0 0 0 
0 0 0 0 0 0 0 0 0 0 0 0 0 0 0 0 
0 0 0 0 0 0 0 0 0 0 0 0 0 0 0 0 
0 0 0 0 0 0 0 0 0 0 0 0 0 0 0 0 
0 0 0 0 0 0 0 0 0 0 0 0 0 0 0 0 
0 0 0 0 0 0 0 0 0 0 0 0 0 0 0 0 
0 0 0 0 0 0 0 0 0 0 0 0 0 0 0 0 
0 0 0 0 0 0 0 0 0 0 0 0 0 0 0 0 
0 0 0 0 0 0 0 0 0 0 0 0 0 0 0 0 
0 0 0 0 0 0 0 0 0 0 0 0 0 0 0 0 
0 0 0 0 0 0 0 0 0 0 0 0 0 0 0 0 
0 0 0 0 0 0 0 0 0 0 0 0 0 0 0 0 
0 0 0 0 0 0 0 0 0 0 0 0 0 0 0 0 
GEMMINI: mvin - 0x10 cols and 0x10 rows from 0x20000100 to addr 0x00000010
0 0 0 0 0 0 0 0 0 0 0 0 0 0 0 0 
0 0 0 0 0 0 0 0 0 0 0 0 0 0 0 0 
0 0 0 0 0 0 0 0 0 0 0 0 0 0 0 0 
0 0 0 0 0 0 0 0 0 0 0 0 0 0 0 0 
0 0 0 0 0 0 0 0 0 0 0 0 0 0 0 0 
0 0 0 0 0 0 0 0 0 0 0 0 0 0 0 0 
0 0 0 0 0 0 0 0 0 0 0 0 0 0 0 0 
0 0 0 0 0 0 0 0 0 0 0 0 0 0 0 0 
0 0 0 0 0 0 0 0 0 0 0 0 0 0 0 0 
0 0 0 0 0 0 0 0 0 0 0 0 0 0 0 0 
0 0 0 0 0 0 0 0 0 0 0 0 0 0 0 0 
0 0 0 0 0 0 0 0 0 0 0 0 0 0 0 0 
0 0 0 0 0 0 0 0 0 0 0 0 0 0 0 0 
0 0 0 0 0 0 0 0 0 0 0 0 0 0 0 0 
0 0 0 0 0 0 0 0 0 0 0 0 0 0 0 0 
0 0 0 0 0 0 0 0 0 0 0 0 0 0 0 0 
GEMMINI: preload - scratchpad output addr = 0xe0000000, scratchpad preload addr = 0x00000010
GEMMINI: compute - preload = 1, scratchpad A addr = 0x00000000,scratchpad B addr 0xffffffff
GEMMINI: compute - PEs after preloading:
0 0 0 0 0 0 0 0 0 0 0 0 0 0 0 0 
0 0 0 0 0 0 0 0 0 0 0 0 0 0 0 0 
0 0 0 0 0 0 0 0 0 0 0 0 0 0 0 0 
0 0 0 0 0 0 0 0 0 0 0 0 0 0 0 0 
0 0 0 0 0 0 0 0 0 0 0 0 0 0 0 0 
0 0 0 0 0 0 0 0 0 0 0 0 0 0 0 0 
0 0 0 0 0 0 0 0 0 0 0 0 0 0 0 0 
0 0 0 0 0 0 0 0 0 0 0 0 0 0 0 0 
0 0 0 0 0 0 0 0 0 0 0 0 0 0 0 0 
0 0 0 0 0 0 0 0 0 0 0 0 0 0 0 0 
0 0 0 0 0 0 0 0 0 0 0 0 0 0 0 0 
0 0 0 0 0 0 0 0 0 0 0 0 0 0 0 0 
0 0 0 0 0 0 0 0 0 0 0 0 0 0 0 0 
0 0 0 0 0 0 0 0 0 0 0 0 0 0 0 0 
0 0 0 0 0 0 0 0 0 0 0 0 0 0 0 0 
0 0 0 0 0 0 0 0 0 0 0 0 0 0 0 0 
GEMMINI: compute - PEs after matmul:
0 0 0 0 0 0 0 0 0 0 0 0 0 0 0 0 
0 0 0 0 0 0 0 0 0 0 0 0 0 0 0 0 
0 0 0 0 0 0 0 0 0 0 0 0 0 0 0 0 
0 0 0 0 0 0 0 0 0 0 0 0 0 0 0 0 
0 0 0 0 0 0 0 0 0 0 0 0 0 0 0 0 
0 0 0 0 0 0 0 0 0 0 0 0 0 0 0 0 
0 0 0 0 0 0 0 0 0 0 0 0 0 0 0 0 
0 0 0 0 0 0 0 0 0 0 0 0 0 0 0 0 
0 0 0 0 0 0 0 0 0 0 0 0 0 0 0 0 
0 0 0 0 0 0 0 0 0 0 0 0 0 0 0 0 
0 0 0 0 0 0 0 0 0 0 0 0 0 0 0 0 
0 0 0 0 0 0 0 0 0 0 0 0 0 0 0 0 
0 0 0 0 0 0 0 0 0 0 0 0 0 0 0 0 
0 0 0 0 0 0 0 0 0 0 0 0 0 0 0 0 
0 0 0 0 0 0 0 0 0 0 0 0 0 0 0 0 
0 0 0 0 0 0 0 0 0 0 0 0 0 0 0 0 
GEMMINI: compute - writing results to addr 0xe0000000, :
0 0 0 0 0 0 0 0 0 0 0 0 0 0 0 0 
0 0 0 0 0 0 0 0 0 0 0 0 0 0 0 0 
0 0 0 0 0 0 0 0 0 0 0 0 0 0 0 0 
0 0 0 0 0 0 0 0 0 0 0 0 0 0 0 0 
0 0 0 0 0 0 0 0 0 0 0 0 0 0 0 0 
0 0 0 0 0 0 0 0 0 0 0 0 0 0 0 0 
0 0 0 0 0 0 0 0 0 0 0 0 0 0 0 0 
0 0 0 0 0 0 0 0 0 0 0 0 0 0 0 0 
0 0 0 0 0 0 0 0 0 0 0 0 0 0 0 0 
0 0 0 0 0 0 0 0 0 0 0 0 0 0 0 0 
0 0 0 0 0 0 0 0 0 0 0 0 0 0 0 0 
0 0 0 0 0 0 0 0 0 0 0 0 0 0 0 0 
0 0 0 0 0 0 0 0 0 0 0 0 0 0 0 0 
0 0 0 0 0 0 0 0 0 0 0 0 0 0 0 0 
0 0 0 0 0 0 0 0 0 0 0 0 0 0 0 0 
0 0 0 0 0 0 0 0 0 0 0 0 0 0 0 0 
GEMMINI: mvout - 0x10 cols and 0x10 rows from 0x100010e0000000 to addr 0x30000000
0 0 0 0 0 0 0 0 0 0 0 0 0 0 0 0 
0 0 0 0 0 0 0 0 0 0 0 0 0 0 0 0 
0 0 0 0 0 0 0 0 0 0 0 0 0 0 0 0 
0 0 0 0 0 0 0 0 0 0 0 0 0 0 0 0 
0 0 0 0 0 0 0 0 0 0 0 0 0 0 0 0 
0 0 0 0 0 0 0 0 0 0 0 0 0 0 0 0 
0 0 0 0 0 0 0 0 0 0 0 0 0 0 0 0 
0 0 0 0 0 0 0 0 0 0 0 0 0 0 0 0 
0 0 0 0 0 0 0 0 0 0 0 0 0 0 0 0 
0 0 0 0 0 0 0 0 0 0 0 0 0 0 0 0 
0 0 0 0 0 0 0 0 0 0 0 0 0 0 0 0 
0 0 0 0 0 0 0 0 0 0 0 0 0 0 0 0 
0 0 0 0 0 0 0 0 0 0 0 0 0 0 0 0 
0 0 0 0 0 0 0 0 0 0 0 0 0 0 0 0 
0 0 0 0 0 0 0 0 0 0 0 0 0 0 0 0 
0 0 0 0 0 0 0 0 0 0 0 0 0 0 0 0 
GEMMINI: mvin - 0x10 cols and 0x10 rows from 0x10000200 to addr 0x00000000
0 0 0 0 0 0 0 0 0 0 0 0 0 0 0 0 
0 0 0 0 0 0 0 0 0 0 0 0 0 0 0 0 
0 0 0 0 0 0 0 0 0 0 0 0 0 0 0 0 
0 0 0 0 0 0 0 0 0 0 0 0 0 0 0 0 
0 0 0 0 0 0 0 0 0 0 0 0 0 0 0 0 
0 0 0 0 0 0 0 0 0 0 0 0 0 0 0 0 
0 0 0 0 0 0 0 0 0 0 0 0 0 0 0 0 
0 0 0 0 0 0 0 0 0 0 0 0 0 0 0 0 
0 0 0 0 0 0 0 0 0 0 0 0 0 0 0 0 
0 0 0 0 0 0 0 0 0 0 0 0 0 0 0 0 
0 0 0 0 0 0 0 0 0 0 0 0 0 0 0 0 
0 0 0 0 0 0 0 0 0 0 0 0 0 0 0 0 
0 0 0 0 0 0 0 0 0 0 0 0 0 0 0 0 
0 0 0 0 0 0 0 0 0 0 0 0 0 0 0 0 
0 0 0 0 0 0 0 0 0 0 0 0 0 0 0 0 
0 0 0 0 0 0 0 0 0 0 0 0 0 0 0 0 
GEMMINI: mvin - 0x10 cols and 0x10 rows from 0x20000000 to addr 0x00000010
0 0 0 0 0 0 0 0 0 0 0 0 0 0 0 0 
0 0 0 0 0 0 0 0 0 0 0 0 0 0 0 0 
0 0 0 0 0 0 0 0 0 0 0 0 0 0 0 0 
0 0 0 0 0 0 0 0 0 0 0 0 0 0 0 0 
0 0 0 0 0 0 0 0 0 0 0 0 0 0 0 0 
0 0 0 0 0 0 0 0 0 0 0 0 0 0 0 0 
0 0 0 0 0 0 0 0 0 0 0 0 0 0 0 0 
0 0 0 0 0 0 0 0 0 0 0 0 0 0 0 0 
0 0 0 0 0 0 0 0 0 0 0 0 0 0 0 0 
0 0 0 0 0 0 0 0 0 0 0 0 0 0 0 0 
0 0 0 0 0 0 0 0 0 0 0 0 0 0 0 0 
0 0 0 0 0 0 0 0 0 0 0 0 0 0 0 0 
0 0 0 0 0 0 0 0 0 0 0 0 0 0 0 0 
0 0 0 0 0 0 0 0 0 0 0 0 0 0 0 0 
0 0 0 0 0 0 0 0 0 0 0 0 0 0 0 0 
0 0 0 0 0 0 0 0 0 0 0 0 0 0 0 0 
GEMMINI: preload - scratchpad output addr = 0xa0000000, scratchpad preload addr = 0x00000010
GEMMINI: compute - preload = 1, scratchpad A addr = 0x00000000,scratchpad B addr 0xffffffff
GEMMINI: compute - PEs after preloading:
0 0 0 0 0 0 0 0 0 0 0 0 0 0 0 0 
0 0 0 0 0 0 0 0 0 0 0 0 0 0 0 0 
0 0 0 0 0 0 0 0 0 0 0 0 0 0 0 0 
0 0 0 0 0 0 0 0 0 0 0 0 0 0 0 0 
0 0 0 0 0 0 0 0 0 0 0 0 0 0 0 0 
0 0 0 0 0 0 0 0 0 0 0 0 0 0 0 0 
0 0 0 0 0 0 0 0 0 0 0 0 0 0 0 0 
0 0 0 0 0 0 0 0 0 0 0 0 0 0 0 0 
0 0 0 0 0 0 0 0 0 0 0 0 0 0 0 0 
0 0 0 0 0 0 0 0 0 0 0 0 0 0 0 0 
0 0 0 0 0 0 0 0 0 0 0 0 0 0 0 0 
0 0 0 0 0 0 0 0 0 0 0 0 0 0 0 0 
0 0 0 0 0 0 0 0 0 0 0 0 0 0 0 0 
0 0 0 0 0 0 0 0 0 0 0 0 0 0 0 0 
0 0 0 0 0 0 0 0 0 0 0 0 0 0 0 0 
0 0 0 0 0 0 0 0 0 0 0 0 0 0 0 0 
GEMMINI: compute - PEs after matmul:
0 0 0 0 0 0 0 0 0 0 0 0 0 0 0 0 
0 0 0 0 0 0 0 0 0 0 0 0 0 0 0 0 
0 0 0 0 0 0 0 0 0 0 0 0 0 0 0 0 
0 0 0 0 0 0 0 0 0 0 0 0 0 0 0 0 
0 0 0 0 0 0 0 0 0 0 0 0 0 0 0 0 
0 0 0 0 0 0 0 0 0 0 0 0 0 0 0 0 
0 0 0 0 0 0 0 0 0 0 0 0 0 0 0 0 
0 0 0 0 0 0 0 0 0 0 0 0 0 0 0 0 
0 0 0 0 0 0 0 0 0 0 0 0 0 0 0 0 
0 0 0 0 0 0 0 0 0 0 0 0 0 0 0 0 
0 0 0 0 0 0 0 0 0 0 0 0 0 0 0 0 
0 0 0 0 0 0 0 0 0 0 0 0 0 0 0 0 
0 0 0 0 0 0 0 0 0 0 0 0 0 0 0 0 
0 0 0 0 0 0 0 0 0 0 0 0 0 0 0 0 
0 0 0 0 0 0 0 0 0 0 0 0 0 0 0 0 
0 0 0 0 0 0 0 0 0 0 0 0 0 0 0 0 
GEMMINI: compute - writing results to addr 0xa0000000, :
0 0 0 0 0 0 0 0 0 0 0 0 0 0 0 0 
0 0 0 0 0 0 0 0 0 0 0 0 0 0 0 0 
0 0 0 0 0 0 0 0 0 0 0 0 0 0 0 0 
0 0 0 0 0 0 0 0 0 0 0 0 0 0 0 0 
0 0 0 0 0 0 0 0 0 0 0 0 0 0 0 0 
0 0 0 0 0 0 0 0 0 0 0 0 0 0 0 0 
0 0 0 0 0 0 0 0 0 0 0 0 0 0 0 0 
0 0 0 0 0 0 0 0 0 0 0 0 0 0 0 0 
0 0 0 0 0 0 0 0 0 0 0 0 0 0 0 0 
0 0 0 0 0 0 0 0 0 0 0 0 0 0 0 0 
0 0 0 0 0 0 0 0 0 0 0 0 0 0 0 0 
0 0 0 0 0 0 0 0 0 0 0 0 0 0 0 0 
0 0 0 0 0 0 0 0 0 0 0 0 0 0 0 0 
0 0 0 0 0 0 0 0 0 0 0 0 0 0 0 0 
0 0 0 0 0 0 0 0 0 0 0 0 0 0 0 0 
0 0 0 0 0 0 0 0 0 0 0 0 0 0 0 0 
GEMMINI: mvin - 0x10 cols and 0x10 rows from 0x10000210 to addr 0x00000000
0 0 0 0 0 0 0 0 0 0 0 0 0 0 0 0 
0 0 0 0 0 0 0 0 0 0 0 0 0 0 0 0 
0 0 0 0 0 0 0 0 0 0 0 0 0 0 0 0 
0 0 0 0 0 0 0 0 0 0 0 0 0 0 0 0 
0 0 0 0 0 0 0 0 0 0 0 0 0 0 0 0 
0 0 0 0 0 0 0 0 0 0 0 0 0 0 0 0 
0 0 0 0 0 0 0 0 0 0 0 0 0 0 0 0 
0 0 0 0 0 0 0 0 0 0 0 0 0 0 0 0 
0 0 0 0 0 0 0 0 0 0 0 0 0 0 0 0 
0 0 0 0 0 0 0 0 0 0 0 0 0 0 0 0 
0 0 0 0 0 0 0 0 0 0 0 0 0 0 0 0 
0 0 0 0 0 0 0 0 0 0 0 0 0 0 0 0 
0 0 0 0 0 0 0 0 0 0 0 0 0 0 0 0 
0 0 0 0 0 0 0 0 0 0 0 0 0 0 0 0 
0 0 0 0 0 0 0 0 0 0 0 0 0 0 0 0 
0 0 0 0 0 0 0 0 0 0 0 0 0 0 0 0 
GEMMINI: mvin - 0x10 cols and 0x10 rows from 0x20000100 to addr 0x00000010
0 0 0 0 0 0 0 0 0 0 0 0 0 0 0 0 
0 0 0 0 0 0 0 0 0 0 0 0 0 0 0 0 
0 0 0 0 0 0 0 0 0 0 0 0 0 0 0 0 
0 0 0 0 0 0 0 0 0 0 0 0 0 0 0 0 
0 0 0 0 0 0 0 0 0 0 0 0 0 0 0 0 
0 0 0 0 0 0 0 0 0 0 0 0 0 0 0 0 
0 0 0 0 0 0 0 0 0 0 0 0 0 0 0 0 
0 0 0 0 0 0 0 0 0 0 0 0 0 0 0 0 
0 0 0 0 0 0 0 0 0 0 0 0 0 0 0 0 
0 0 0 0 0 0 0 0 0 0 0 0 0 0 0 0 
0 0 0 0 0 0 0 0 0 0 0 0 0 0 0 0 
0 0 0 0 0 0 0 0 0 0 0 0 0 0 0 0 
0 0 0 0 0 0 0 0 0 0 0 0 0 0 0 0 
0 0 0 0 0 0 0 0 0 0 0 0 0 0 0 0 
0 0 0 0 0 0 0 0 0 0 0 0 0 0 0 0 
0 0 0 0 0 0 0 0 0 0 0 0 0 0 0 0 
GEMMINI: preload - scratchpad output addr = 0xe0000000, scratchpad preload addr = 0x00000010
GEMMINI: compute - preload = 1, scratchpad A addr = 0x00000000,scratchpad B addr 0xffffffff
GEMMINI: compute - PEs after preloading:
0 0 0 0 0 0 0 0 0 0 0 0 0 0 0 0 
0 0 0 0 0 0 0 0 0 0 0 0 0 0 0 0 
0 0 0 0 0 0 0 0 0 0 0 0 0 0 0 0 
0 0 0 0 0 0 0 0 0 0 0 0 0 0 0 0 
0 0 0 0 0 0 0 0 0 0 0 0 0 0 0 0 
0 0 0 0 0 0 0 0 0 0 0 0 0 0 0 0 
0 0 0 0 0 0 0 0 0 0 0 0 0 0 0 0 
0 0 0 0 0 0 0 0 0 0 0 0 0 0 0 0 
0 0 0 0 0 0 0 0 0 0 0 0 0 0 0 0 
0 0 0 0 0 0 0 0 0 0 0 0 0 0 0 0 
0 0 0 0 0 0 0 0 0 0MODE 0 PASS
 0 0 0 0 0 0 
0 0 0 0 0 0 0 0 0 0 0 0 0 0 0 0 
0 0 0 0 0 0 0 0 0 0 0 0 0 0 0 0 
0 0 0 0 0 0 0 0 0 0 0 0 0 0 0 0 
0 0 0 0 0 0 0 0 0 0 0 0 0 0 0 0 
0 0 0 0 0 0 0 0 0 0 0 0 0 0 0 0 
GEMMINI: compute - PEs after matmul:
0 0 0 0 0 0 0 0 0 0 0 0 0 0 0 0 
0 0 0 0 0 0 0 0 0 0 0 0 0 0 0 0 
0 0 0 0 0 0 0 0 0 0 0 0 0 0 0 0 
0 0 0 0 0 0 0 0 0 0 0 0 0 0 0 0 
0 0 0 0 0 0 0 0 0 0 0 0 0 0 0 0 
0 0 0 0 0 0 0 0 0 0 0 0 0 0 0 0 
0 0 0 0 0 0 0 0 0 0 0 0 0 0 0 0 
0 0 0 0 0 0 0 0 0 0 0 0 0 0 0 0 
0 0 0 0 0 0 0 0 0 0 0 0 0 0 0 0 
0 0 0 0 0 0 0 0 0 0 0 0 0 0 0 0 
0 0 0 0 0 0 0 0 0 0 0 0 0 0 0 0 
0 0 0 0 0 0 0 0 0 0 0 0 0 0 0 0 
0 0 0 0 0 0 0 0 0 0 0 0 0 0 0 0 
0 0 0 0 0 0 0 0 0 0 0 0 0 0 0 0 
0 0 0 0 0 0 0 0 0 0 0 0 0 0 0 0 
0 0 0 0 0 0 0 0 0 0 0 0 0 0 0 0 
GEMMINI: compute - writing results to addr 0xe0000000, :
0 0 0 0 0 0 0 0 0 0 0 0 0 0 0 0 
0 0 0 0 0 0 0 0 0 0 0 0 0 0 0 0 
0 0 0 0 0 0 0 0 0 0 0 0 0 0 0 0 
0 0 0 0 0 0 0 0 0 0 0 0 0 0 0 0 
0 0 0 0 0 0 0 0 0 0 0 0 0 0 0 0 
0 0 0 0 0 0 0 0 0 0 0 0 0 0 0 0 
0 0 0 0 0 0 0 0 0 0 0 0 0 0 0 0 
0 0 0 0 0 0 0 0 0 0 0 0 0 0 0 0 
0 0 0 0 0 0 0 0 0 0 0 0 0 0 0 0 
0 0 0 0 0 0 0 0 0 0 0 0 0 0 0 0 
0 0 0 0 0 0 0 0 0 0 0 0 0 0 0 0 
0 0 0 0 0 0 0 0 0 0 0 0 0 0 0 0 
0 0 0 0 0 0 0 0 0 0 0 0 0 0 0 0 
0 0 0 0 0 0 0 0 0 0 0 0 0 0 0 0 
0 0 0 0 0 0 0 0 0 0 0 0 0 0 0 0 
0 0 0 0 0 0 0 0 0 0 0 0 0 0 0 0 
GEMMINI: mvout - 0x10 cols and 0x10 rows from 0x100010e0000000 to addr 0x30000400
0 0 0 0 0 0 0 0 0 0 0 0 0 0 0 0 
0 0 0 0 0 0 0 0 0 0 0 0 0 0 0 0 
0 0 0 0 0 0 0 0 0 0 0 0 0 0 0 0 
0 0 0 0 0 0 0 0 0 0 0 0 0 0 0 0 
0 0 0 0 0 0 0 0 0 0 0 0 0 0 0 0 
0 0 0 0 0 0 0 0 0 0 0 0 0 0 0 0 
0 0 0 0 0 0 0 0 0 0 0 0 0 0 0 0 
0 0 0 0 0 0 0 0 0 0 0 0 0 0 0 0 
0 0 0 0 0 0 0 0 0 0 0 0 0 0 0 0 
0 0 0 0 0 0 0 0 0 0 0 0 0 0 0 0 
0 0 0 0 0 0 0 0 0 0 0 0 0 0 0 0 
0 0 0 0 0 0 0 0 0 0 0 0 0 0 0 0 
0 0 0 0 0 0 0 0 0 0 0 0 0 0 0 0 
0 0 0 0 0 0 0 0 0 0 0 0 0 0 0 0 
0 0 0 0 0 0 0 0 0 0 0 0 0 0 0 0 
0 0 0 0 0 0 0 0 0 0 0 0 0 0 0 0 
GEMMINI: flush
GEMMINI: config_ex - set dataflow mode from 1 to 1
GEMMINI: config_ex - set activation function from 0 to 0
GEMMINI: config_ex - set sys_shift from 0 to 0
GEMMINI: config_mvout - set store stride from 64 to 64
GEMMINI: config_mvout - no pooling
GEMMINI: config_mvin - set load stride from 32 to 32
GEMMINI: config_mvin - set load scale from 217204921029904 to 217204921029904
GEMMINI: config_mvin - set load stride from 16 to 16
GEMMINI: config_mvin - set load scale from 217204921029908 to 217204921029906
GEMMINI: mvin - 0x10 cols and 0x10 rows from 0x10000000 to addr 0x00000000
-128 127 -128 127 -128 127 -128 127 -128 127 -128 127 -128 127 -128 127 
-128 127 -128 127 -128 127 -128 127 -128 127 -128 127 -128 127 -128 127 
-128 127 -128 127 -128 127 -128 127 -128 127 -128 127 -128 127 -128 127 
-128 127 -128 127 -128 127 -128 127 -128 127 -128 127 -128 127 -128 127 
-128 127 -128 127 -128 127 -128 127 -128 127 -128 127 -128 127 -128 127 
-128 127 -128 127 -128 127 -128 127 -128 127 -128 127 -128 127 -128 127 
-128 127 -128 127 -128 127 -128 127 -128 127 -128 127 -128 127 -128 127 
-128 127 -128 127 -128 127 -128 127 -128 127 -128 127 -128 127 -128 127 
-128 127 -128 127 -128 127 -128 127 -128 127 -128 127 -128 127 -128 127 
-128 127 -128 127 -128 127 -128 127 -128 127 -128 127 -128 127 -128 127 
-128 127 -128 127 -128 127 -128 127 -128 127 -128 127 -128 127 -128 127 
-128 127 -128 127 -128 127 -128 127 -128 127 -128 127 -128 127 -128 127 
-128 127 -128 127 -128 127 -128 127 -128 127 -128 127 -128 127 -128 127 
-128 127 -128 127 -128 127 -128 127 -128 127 -128 127 -128 127 -128 127 
-128 127 -128 127 -128 127 -128 127 -128 127 -128 127 -128 127 -128 127 
-128 127 -128 127 -128 127 -128 127 -128 127 -128 127 -128 127 -128 127 
GEMMINI: mvin - 0x10 cols and 0x10 rows from 0x20000000 to addr 0x00000010
127 -128 127 -128 127 -128 127 -128 127 -128 127 -128 127 -128 127 -128 
127 -128 127 -128 127 -128 127 -128 127 -128 127 -128 127 -128 127 -128 
127 -128 127 -128 127 -128 127 -128 127 -128 127 -128 127 -128 127 -128 
127 -128 127 -128 127 -128 127 -128 127 -128 127 -128 127 -128 127 -128 
127 -128 127 -128 127 -128 127 -128 127 -128 127 -128 127 -128 127 -128 
127 -128 127 -128 127 -128 127 -128 127 -128 127 -128 127 -128 127 -128 
127 -128 127 -128 127 -128 127 -128 127 -128 127 -128 127 -128 127 -128 
127 -128 127 -128 127 -128 127 -128 127 -128 127 -128 127 -128 127 -128 
127 -128 127 -128 127 -128 127 -128 127 -128 127 -128 127 -128 127 -128 
127 -128 127 -128 127 -128 127 -128 127 -128 127 -128 127 -128 127 -128 
127 -128 127 -128 127 -128 127 -128 127 -128 127 -128 127 -128 127 -128 
127 -128 127 -128 127 -128 127 -128 127 -128 127 -128 127 -128 127 -128 
127 -128 127 -128 127 -128 127 -128 127 -128 127 -128 127 -128 127 -128 
127 -128 127 -128 127 -128 127 -128 127 -128 127 -128 127 -128 127 -128 
127 -128 127 -128 127 -128 127 -128 127 -128 127 -128 127 -128 127 -128 
127 -128 127 -128 127 -128 127 -128 127 -128 127 -128 127 -128 127 -128 
GEMMINI: preload - scratchpad output addr = 0xa0000000, scratchpad preload addr = 0x00000010
GEMMINI: compute - preload = 1, scratchpad A addr = 0x00000000,scratchpad B addr 0xffffffff
GEMMINI: compute - PEs after preloading:
127 -128 127 -128 127 -128 127 -128 127 -128 127 -128 127 -128 127 -128 
127 -128 127 -128 127 -128 127 -128 127 -128 127 -128 127 -128 127 -128 
127 -128 127 -128 127 -128 127 -128 127 -128 127 -128 127 -128 127 -128 
127 -128 127 -128 127 -128 127 -128 127 -128 127 -128 127 -128 127 -128 
127 -128 127 -128 127 -128 127 -128 127 -128 127 -128 127 -128 127 -128 
127 -128 127 -128 127 -128 127 -128 127 -128 127 -128 127 -128 127 -128 
127 -128 127 -128 127 -128 127 -128 127 -128 127 -128 127 -128 127 -128 
127 -128 127 -128 127 -128 127 -128 127 -128 127 -128 127 -128 127 -128 
127 -128 127 -128 127 -128 127 -128 127 -128 127 -128 127 -128 127 -128 
127 -128 127 -128 127 -128 127 -128 127 -128 127 -128 127 -128 127 -128 
127 -128 127 -128 127 -128 127 -128 127 -128 127 -128 127 -128 127 -128 
127 -128 127 -128 127 -128 127 -128 127 -128 127 -128 127 -128 127 -128 
127 -128 127 -128 127 -128 127 -128 127 -128 127 -128 127 -128 127 -128 
127 -128 127 -128 127 -128 127 -128 127 -128 127 -128 127 -128 127 -128 
127 -128 127 -128 127 -128 127 -128 127 -128 127 -128 127 -128 127 -128 
127 -128 127 -128 127 -128 127 -128 127 -128 127 -128 127 -128 127 -128 
GEMMINI: compute - PEs after matmul:
127 -128 127 -128 127 -128 127 -128 127 -128 127 -128 127 -128 127 -128 
127 -128 127 -128 127 -128 127 -128 127 -128 127 -128 127 -128 127 -128 
127 -128 127 -128 127 -128 127 -128 127 -128 127 -128 127 -128 127 -128 
127 -128 127 -128 127 -128 127 -128 127 -128 127 -128 127 -128 127 -128 
127 -128 127 -128 127 -128 127 -128 127 -128 127 -128 127 -128 127 -128 
127 -128 127 -128 127 -128 127 -128 127 -128 127 -128 127 -128 127 -128 
127 -128 127 -128 127 -128 127 -128 127 -128 127 -128 127 -128 127 -128 
127 -128 127 -128 127 -128 127 -128 127 -128 127 -128 127 -128 127 -128 
127 -128 127 -128 127 -128 127 -128 127 -128 127 -128 127 -128 127 -128 
127 -128 127 -128 127 -128 127 -128 127 -128 127 -128 127 -128 127 -128 
127 -128 127 -128 127 -128 127 -128 127 -128 127 -128 127 -128 127 -128 
127 -128 127 -128 127 -128 127 -128 127 -128 127 -128 127 -128 127 -128 
127 -128 127 -128 127 -128 127 -128 127 -128 127 -128 127 -128 127 -128 
127 -128 127 -128 127 -128 127 -128 127 -128 127 -128 127 -128 127 -128 
127 -128 127 -128 127 -128 127 -128 127 -128 127 -128 127 -128 127 -128 
127 -128 127 -128 127 -128 127 -128 127 -128 127 -128 127 -128 127 -128 
GEMMINI: compute - writing results to addr 0xa0000000, :
-1016 1024 -1016 1024 -1016 1024 -1016 1024 -1016 1024 -1016 1024 -1016 1024 -1016 1024 
-1016 1024 -1016 1024 -1016 1024 -1016 1024 -1016 1024 -1016 1024 -1016 1024 -1016 1024 
-1016 1024 -1016 1024 -1016 1024 -1016 1024 -1016 1024 -1016 1024 -1016 1024 -1016 1024 
-1016 1024 -1016 1024 -1016 1024 -1016 1024 -1016 1024 -1016 1024 -1016 1024 -1016 1024 
-1016 1024 -1016 1024 -1016 1024 -1016 1024 -1016 1024 -1016 1024 -1016 1024 -1016 1024 
-1016 1024 -1016 1024 -1016 1024 -1016 1024 -1016 1024 -1016 1024 -1016 1024 -1016 1024 
-1016 1024 -1016 1024 -1016 1024 -1016 1024 -1016 1024 -1016 1024 -1016 1024 -1016 1024 
-1016 1024 -1016 1024 -1016 1024 -1016 1024 -1016 1024 -1016 1024 -1016 1024 -1016 1024 
-1016 1024 -1016 1024 -1016 1024 -1016 1024 -1016 1024 -1016 1024 -1016 1024 -1016 1024 
-1016 1024 -1016 1024 -1016 1024 -1016 1024 -1016 1024 -1016 1024 -1016 1024 -1016 1024 
-1016 1024 -1016 1024 -1016 1024 -1016 1024 -1016 1024 -1016 1024 -1016 1024 -1016 1024 
-1016 1024 -1016 1024 -1016 1024 -1016 1024 -1016 1024 -1016 1024 -1016 1024 -1016 1024 
-1016 1024 -1016 1024 -1016 1024 -1016 1024 -1016 1024 -1016 1024 -1016 1024 -1016 1024 
-1016 1024 -1016 1024 -1016 1024 -1016 1024 -1016 1024 -1016 1024 -1016 1024 -1016 1024 
-1016 1024 -1016 1024 -1016 1024 -1016 1024 -1016 1024 -1016 1024 -1016 1024 -1016 1024 
-1016 1024 -1016 1024 -1016 1024 -1016 1024 -1016 1024 -1016 1024 -1016 1024 -1016 1024 
GEMMINI: mvin - 0x10 cols and 0x10 rows from 0x10000010 to addr 0x00000000
-128 127 -128 127 -128 127 -128 127 -128 127 -128 127 -128 127 -128 127 
-128 127 -128 127 -128 127 -128 127 -128 127 -128 127 -128 127 -128 127 
-128 127 -128 127 -128 127 -128 127 -128 127 -128 127 -128 127 -128 127 
-128 127 -128 127 -128 127 -128 127 -128 127 -128 127 -128 127 -128 127 
-128 127 -128 127 -128 127 -128 127 -128 127 -128 127 -128 127 -128 127 
-128 127 -128 127 -128 127 -128 127 -128 127 -128 127 -128 127 -128 127 
-128 127 -128 127 -128 127 -128 127 -128 127 -128 127 -128 127 -128 127 
-128 127 -128 127 -128 127 -128 127 -128 127 -128 127 -128 127 -128 127 
-128 127 -128 127 -128 127 -128 127 -128 127 -128 127 -128 127 -128 127 
-128 127 -128 127 -128 127 -128 127 -128 127 -128 127 -128 127 -128 127 
-128 127 -128 127 -128 127 -128 127 -128 127 -128 127 -128 127 -128 127 
-128 127 -128 127 -128 127 -128 127 -128 127 -128 127 -128 127 -128 127 
-128 127 -128 127 -128 127 -128 127 -128 127 -128 127 -128 127 -128 127 
-128 127 -128 127 -128 127 -128 127 -128 127 -128 127 -128 127 -128 127 
-128 127 -128 127 -128 127 -128 127 -128 127 -128 127 -128 127 -128 127 
-128 127 -128 127 -128 127 -128 127 -128 127 -128 127 -128 127 -128 127 
GEMMINI: mvin - 0x10 cols and 0x10 rows from 0x20000100 to addr 0x00000010
127 -128 127 -128 127 -128 127 -128 127 -128 127 -128 127 -128 127 -128 
127 -128 127 -128 127 -128 127 -128 127 -128 127 -128 127 -128 127 -128 
127 -128 127 -128 127 -128 127 -128 127 -128 127 -128 127 -128 127 -128 
127 -128 127 -128 127 -128 127 -128 127 -128 127 -128 127 -128 127 -128 
127 -128 127 -128 127 -128 127 -128 127 -128 127 -128 127 -128 127 -128 
127 -128 127 -128 127 -128 127 -128 127 -128 127 -128 127 -128 127 -128 
127 -128 127 -128 127 -128 127 -128 127 -128 127 -128 127 -128 127 -128 
127 -128 127 -128 127 -128 127 -128 127 -128 127 -128 127 -128 127 -128 
127 -128 127 -128 127 -128 127 -128 127 -128 127 -128 127 -128 127 -128 
127 -128 127 -128 127 -128 127 -128 127 -128 127 -128 127 -128 127 -128 
127 -128 127 -128 127 -128 127 -128 127 -128 127 -128 127 -128 127 -128 
127 -128 127 -128 127 -128 127 -128 127 -128 127 -128 127 -128 127 -128 
127 -128 127 -128 127 -128 127 -128 127 -128 127 -128 127 -128 127 -128 
127 -128 127 -128 127 -128 127 -128 127 -128 127 -128 127 -128 127 -128 
127 -128 127 -128 127 -128 127 -128 127 -128 127 -128 127 -128 127 -128 
127 -128 127 -128 127 -128 127 -128 127 -128 127 -128 127 -128 127 -128 
GEMMINI: preload - scratchpad output addr = 0xe0000000, scratchpad preload addr = 0x00000010
GEMMINI: compute - preload = 1, scratchpad A addr = 0x00000000,scratchpad B addr 0xffffffff
GEMMINI: compute - PEs after preloading:
127 -128 127 -128 127 -128 127 -128 127 -128 127 -128 127 -128 127 -128 
127 -128 127 -128 127 -128 127 -128 127 -128 127 -128 127 -128 127 -128 
127 -128 127 -128 127 -128 127 -128 127 -128 127 -128 127 -128 127 -128 
127 -128 127 -128 127 -128 127 -128 127 -128 127 -128 127 -128 127 -128 
127 -128 127 -128 127 -128 127 -128 127 -128 127 -128 127 -128 127 -128 
127 -128 127 -128 127 -128 127 -128 127 -128 127 -128 127 -128 127 -128 
127 -128 127 -128 127 -128 127 -128 127 -128 127 -128 127 -128 127 -128 
127 -128 127 -128 127 -128 127 -128 127 -128 127 -128 127 -128 127 -128 
127 -128 127 -128 127 -128 127 -128 127 -128 127 -128 127 -128 127 -128 
127 -128 127 -128 127 -128 127 -128 127 -128 127 -128 127 -128 127 -128 
127 -128 127 -128 127 -128 127 -128 127 -128 127 -128 127 -128 127 -128 
127 -128 127 -128 127 -128 127 -128 127 -128 127 -128 127 -128 127 -128 
127 -128 127 -128 127 -128 127 -128 127 -128 127 -128 127 -128 127 -128 
127 -128 127 -128 127 -128 127 -128 127 -128 127 -128 127 -128 127 -128 
127 -128 127 -128 127 -128 127 -128 127 -128 127 -128 127 -128 127 -128 
127 -128 127 -128 127 -128 127 -128 127 -128 127 -128 127 -128 127 -128 
GEMMINI: compute - PEs after matmul:
127 -128 127 -128 127 -128 127 -128 127 -128 127 -128 127 -128 127 -128 
127 -128 127 -128 127 -128 127 -128 127 -128 127 -128 127 -128 127 -128 
127 -128 127 -128 127 -128 127 -128 127 -128 127 -128 127 -128 127 -128 
127 -128 127 -128 127 -128 127 -128 127 -128 127 -128 127 -128 127 -128 
127 -128 127 -128 127 -128 127 -128 127 -128 127 -128 127 -128 127 -128 
127 -128 127 -128 127 -128 127 -128 127 -128 127 -128 127 -128 127 -128 
127 -128 127 -128 127 -128 127 -128 127 -128 127 -128 127 -128 127 -128 
127 -128 127 -128 127 -128 127 -128 127 -128 127 -128 127 -128 127 -128 
127 -128 127 -128 127 -128 127 -128 127 -128 127 -128 127 -128 127 -128 
127 -128 127 -128 127 -128 127 -128 127 -128 127 -128 127 -128 127 -128 
127 -128 127 -128 127 -128 127 -128 127 -128 127 -128 127 -128 127 -128 
127 -128 127 -128 127 -128 127 -128 127 -128 127 -128 127 -128 127 -128 
127 -128 127 -128 127 -128 127 -128 127 -128 127 -128 127 -128 127 -128 
127 -128 127 -128 127 -128 127 -128 127 -128 127 -128 127 -128 127 -128 
127 -128 127 -128 127 -128 127 -128 127 -128 127 -128 127 -128 127 -128 
127 -128 127 -128 127 -128 127 -128 127 -128 127 -128 127 -128 127 -128 
GEMMINI: compute - writing results to addr 0xe0000000, :
-2032 2048 -2032 2048 -2032 2048 -2032 2048 -2032 2048 -2032 2048 -2032 2048 -2032 2048 
-2032 2048 -2032 2048 -2032 2048 -2032 2048 -2032 2048 -2032 2048 -2032 2048 -2032 2048 
-2032 2048 -2032 2048 -2032 2048 -2032 2048 -2032 2048 -2032 2048 -2032 2048 -2032 2048 
-2032 2048 -2032 2048 -2032 2048 -2032 2048 -2032 2048 -2032 2048 -2032 2048 -2032 2048 
-2032 2048 -2032 2048 -2032 2048 -2032 2048 -2032 2048 -2032 2048 -2032 2048 -2032 2048 
-2032 2048 -2032 2048 -2032 2048 -2032 2048 -2032 2048 -2032 2048 -2032 2048 -2032 2048 
-2032 2048 -2032 2048 -2032 2048 -2032 2048 -2032 2048 -2032 2048 -2032 2048 -2032 2048 
-2032 2048 -2032 2048 -2032 2048 -2032 2048 -2032 2048 -2032 2048 -2032 2048 -2032 2048 
-2032 2048 -2032 2048 -2032 2048 -2032 2048 -2032 2048 -2032 2048 -2032 2048 -2032 2048 
-2032 2048 -2032 2048 -2032 2048 -2032 2048 -2032 2048 -2032 2048 -2032 2048 -2032 2048 
-2032 2048 -2032 2048 -2032 2048 -2032 2048 -2032 2048 -2032 2048 -2032 2048 -2032 2048 
-2032 2048 -2032 2048 -2032 2048 -2032 2048 -2032 2048 -2032 2048 -2032 2048 -2032 2048 
-2032 2048 -2032 2048 -2032 2048 -2032 2048 -2032 2048 -2032 2048 -2032 2048 -2032 2048 
-2032 2048 -2032 2048 -2032 2048 -2032 2048 -2032 2048 -2032 2048 -2032 2048 -2032 2048 
-2032 2048 -2032 2048 -2032 2048 -2032 2048 -2032 2048 -2032 2048 -2032 2048 -2032 2048 
-2032 2048 -2032 2048 -2032 2048 -2032 2048 -2032 2048 -2032 2048 -2032 2048 -2032 2048 
GEMMINI: mvout - 0x10 cols and 0x10 rows from 0x100010e0000000 to addr 0x30000000
-2032 2048 -2032 2048 -2032 2048 -2032 2048 -2032 2048 -2032 2048 -2032 2048 -2032 2048 
-2032 2048 -2032 2048 -2032 2048 -2032 2048 -2032 2048 -2032 2048 -2032 2048 -2032 2048 
-2032 2048 -2032 2048 -2032 2048 -2032 2048 -2032 2048 -2032 2048 -2032 2048 -2032 2048 
-2032 2048 -2032 2048 -2032 2048 -2032 2048 -2032 2048 -2032 2048 -2032 2048 -2032 2048 
-2032 2048 -2032 2048 -2032 2048 -2032 2048 -2032 2048 -2032 2048 -2032 2048 -2032 2048 
-2032 2048 -2032 2048 -2032 2048 -2032 2048 -2032 2048 -2032 2048 -2032 2048 -2032 2048 
-2032 2048 -2032 2048 -2032 2048 -2032 2048 -2032 2048 -2032 2048 -2032 2048 -2032 2048 
-2032 2048 -2032 2048 -2032 2048 -2032 2048 -2032 2048 -2032 2048 -2032 2048 -2032 2048 
-2032 2048 -2032 2048 -2032 2048 -2032 2048 -2032 2048 -2032 2048 -2032 2048 -2032 2048 
-2032 2048 -2032 2048 -2032 2048 -2032 2048 -2032 2048 -2032 2048 -2032 2048 -2032 2048 
-2032 2048 -2032 2048 -2032 2048 -2032 2048 -2032 2048 -2032 2048 -2032 2048 -2032 2048 
-2032 2048 -2032 2048 -2032 2048 -2032 2048 -2032 2048 -2032 2048 -2032 2048 -2032 2048 
-2032 2048 -2032 2048 -2032 2048 -2032 2048 -2032 2048 -2032 2048 -2032 2048 -2032 2048 
-2032 2048 -2032 2048 -2032 2048 -2032 2048 -2032 2048 -2032 2048 -2032 2048 -2032 2048 
-2032 2048 -2032 2048 -2032 2048 -2032 2048 -2032 2048 -2032 2048 -2032 2048 -2032 2048 
-2032 2048 -2032 2048 -2032 2048 -2032 2048 -2032 2048 -2032 2048 -2032 2048 -2032 2048 
GEMMINI: mvin - 0x10 cols and 0x10 rows from 0x10000200 to addr 0x00000000
-128 127 -128 127 -128 127 -128 127 -128 127 -128 127 -128 127 -128 127 
-128 127 -128 127 -128 127 -128 127 -128 127 -128 127 -128 127 -128 127 
-128 127 -128 127 -128 127 -128 127 -128 127 -128 127 -128 127 -128 127 
-128 127 -128 127 -128 127 -128 127 -128 127 -128 127 -128 127 -128 127 
-128 127 -128 127 -128 127 -128 127 -128 127 -128 127 -128 127 -128 127 
-128 127 -128 127 -128 127 -128 127 -128 127 -128 127 -128 127 -128 127 
-128 127 -128 127 -128 127 -128 127 -128 127 -128 127 -128 127 -128 127 
-128 127 -128 127 -128 127 -128 127 -128 127 -128 127 -128 127 -128 127 
-128 127 -128 127 -128 127 -128 127 -128 127 -128 127 -128 127 -128 127 
-128 127 -128 127 -128 127 -128 127 -128 127 -128 127 -128 127 -128 127 
-128 127 -128 127 -128 127 -128 127 -128 127 -128 127 -128 127 -128 127 
-128 127 -128 127 -128 127 -128 127 -128 127 -128 127 -128 127 -128 127 
-128 127 -128 127 -128 127 -128 127 -128 127 -128 127 -128 127 -128 127 
-128 127 -128 127 -128 127 -128 127 -128 127 -128 127 -128 127 -128 127 
-128 127 -128 127 -128 127 -128 127 -128 127 -128 127 -128 127 -128 127 
-128 127 -128 127 -128 127 -128 127 -128 127 -128 127 -128 127 -128 127 
GEMMINI: mvin - 0x10 cols and 0x10 rows from 0x20000000 to addr 0x00000010
127 -128 127 -128 127 -128 127 -128 127 -128 127 -128 127 -128 127 -128 
127 -128 127 -128 127 -128 127 -128 127 -128 127 -128 127 -128 127 -128 
127 -128 127 -128 127 -128 127 -128 127 -128 127 -128 127 -128 127 -128 
127 -128 127 -128 127 -128 127 -128 127 -128 127 -128 127 -128 127 -128 
127 -128 127 -128 127 -128 127 -128 127 -128 127 -128 127 -128 127 -128 
127 -128 127 -128 127 -128 127 -128 127 -128 127 -128 127 -128 127 -128 
127 -128 127 -128 127 -128 127 -128 127 -128 127 -128 127 -128 127 -128 
127 -128 127 -128 127 -128 127 -128 127 -128 127 -128 127 -128 127 -128 
127 -128 127 -128 127 -128 127 -128 127 -128 127 -128 127 -128 127 -128 
127 -128 127 -128 127 -128 127 -128 127 -128 127 -128 127 -128 127 -128 
127 -128 127 -128 127 -128 127 -128 127 -128 127 -128 127 -128 127 -128 
127 -128 127 -128 127 -128 127 -128 127 -128 127 -128 127 -128 127 -128 
127 -128 127 -128 127 -128 127 -128 127 -128 127 -128 127 -128 127 -128 
127 -128 127 -128 127 -128 127 -128 127 -128 127 -128 127 -128 127 -128 
127 -128 127 -128 127 -128 127 -128 127 -128 127 -128 127 -128 127 -128 
127 -128 127 -128 127 -128 127 -128 127 -128 127 -128 127 -128 127 -128 
GEMMINI: preload - scratchpad output addr = 0xa0000000, scratchpad preload addr = 0x00000010
GEMMINI: compute - preload = 1, scratchpad A addr = 0x00000000,scratchpad B addr 0xffffffff
GEMMINI: compute - PEs after preloading:
127 -128 127 -128 127 -128 127 -128 127 -128 127 -128 127 -128 127 -128 
127 -128 127 -128 127 -128 127 -128 127 -128 127 -128 127 -128 127 -128 
127 -128 127 -128 127 -128 127 -128 127 -128 127 -128 127 -128 127 -128 
127 -128 127 -128 127 -128 127 -128 127 -128 127 -128 127 -128 127 -128 
127 -128 127 -128 127 -128 127 -128 127 -128 127 -128 127 -128 127 -128 
127 -128 127 -128 127 -128 127 -128 127 -128 127 -128 127 -128 127 -128 
127 -128 127 -128 127 -128 127 -128 127 -128 127 -128 127 -128 127 -128 
127 -128 127 -128 127 -128 127 -128 127 -128 127 -128 127 -128 127 -128 
127 -128 127 -128 127 -128 127 -128 127 -128 127 -128 127 -128 127 -128 
127 -128 127 -128 127 -128 127 -128 127 -128 127 -128 127 -128 127 -128 
127 -128 127 -128 127 -128 127 -128 127 -128 127 -128 127 -128 127 -128 
127 -128 127 -128 127 -128 127 -128 127 -128 127 -128 127 -128 127 -128 
127 -128 127 -128 127 -128 127 -128 127 -128 127 -128 127 -128 127 -128 
127 -128 127 -128 127 -128 127 -128 127 -128 127 -128 127 -128 127 -128 
127 -128 127 -128 127 -128 127 -128 127 -128 127 -128 127 -128 127 -128 
127 -128 127 -128 127 -128 127 -128 127 -128 127 -128 127 -128 127 -128 
GEMMINI: compute - PEs after matmul:
127 -128 127 -128 127 -128 127 -128 127 -128 127 -128 127 -128 127 -128 
127 -128 127 -128 127 -128 127 -128 127 -128 127 -128 127 -128 127 -128 
127 -128 127 -128 127 -128 127 -128 127 -128 127 -128 127 -128 127 -128 
127 -128 127 -128 127 -128 127 -128 127 -128 127 -128 127 -128 127 -128 
127 -128 127 -128 127 -128 127 -128 127 -128 127 -128 127 -128 127 -128 
127 -128 127 -128 127 -128 127 -128 127 -128 127 -128 127 -128 127 -128 
127 -128 127 -128 127 -128 127 -128 127 -128 127 -128 127 -128 127 -128 
127 -128 127 -128 127 -128 127 -128 127 -128 127 -128 127 -128 127 -128 
127 -128 127 -128 127 -128 127 -128 127 -128 127 -128 127 -128 127 -128 
127 -128 127 -128 127 -128 127 -128 127 -128 127 -128 127 -128 127 -128 
127 -128 127 -128 127 -128 127 -128 127 -128 127 -128 127 -128 127 -128 
127 -128 127 -128 127 -128 127 -128 127 -128 127 -128 127 -128 127 -128 
127 -128 127 -128 127 -128 127 -128 127 -128 127 -128 127 -128 127 -128 
127 -128 127 -128 127 -128 127 -128 127 -128 127 -128 127 -128 127 -128 
127 -128 127 -128 127 -128 127 -128 127 -128 127 -128 127 -128 127 -128 
127 -128 127 -128 127 -128 127 -128 127 -128 127 -128 127 -128 127 -128 
GEMMINI: compute - writing results to addr 0xa0000000, :
-1016 1024 -1016 1024 -1016 1024 -1016 1024 -1016 1024 -1016 1024 -1016 1024 -1016 1024 
-1016 1024 -1016 1024 -1016 1024 -1016 1024 -1016 1024 -1016 1024 -1016 1024 -1016 1024 
-1016 1024 -1016 1024 -1016 1024 -1016 1024 -1016 1024 -1016 1024 -1016 1024 -1016 1024 
-1016 1024 -1016 1024 -1016 1024 -1016 1024 -1016 1024 -1016 1024 -1016 1024 -1016 1024 
-1016 1024 -1016 1024 -1016 1024 -1016 1024 -1016 1024 -1016 1024 -1016 1024 -1016 1024 
-1016 1024 -1016 1024 -1016 1024 -1016 1024 -1016 1024 -1016 1024 -1016 1024 -1016 1024 
-1016 1024 -1016 1024 -1016 1024 -1016 1024 -1016 1024 -1016 1024 -1016 1024 -1016 1024 
-1016 1024 -1016 1024 -1016 1024 -1016 1024 -1016 1024 -1016 1024 -1016 1024 -1016 1024 
-1016 1024 -1016 1024 -1016 1024 -1016 1024 -1016 1024 -1016 1024 -1016 1024 -1016 1024 
-1016 1024 -1016 1024 -1016 1024 -1016 1024 -1016 1024 -1016 1024 -1016 1024 -1016 1024 
-1016 1024 -1016 1024 -1016 1024 -1016 1024 -1016 1024 -1016 1024 -1016 1024 -1016 1024 
-1016 1024 -1016 1024 -1016 1024 -1016 1024 -1016 1024 -1016 1024 -1016 1024 -1016 1024 
-1016 1024 -1016 1024 -1016 1024 -1016 1024 -1016 1024 -1016 1024 -1016 1024 -1016 1024 
-1016 1024 -1016 1024 -1016 1024 -1016 1024 -1016 1024 -1016 1024 -1016 1024 -1016 1024 
-1016 1024 -1016 1024 -1016 1024 -1016 1024 -1016 1024 -1016 1024 -1016 1024 -1016 1024 
-1016 1024 -1016 1024 -1016 1024 -1016 1024 -1016 1024 -1016 1024 -1016 1024 -1016 1024 
GEMMINI: mvin - 0x10 cols and 0x10 rows from 0x10000210 to addr 0x00000000
-128 127 -128 127 -128 127 -128 127 -128 127 -128 127 -128 127 -128 127 
-128 127 -128 127 -128 127 -128 127 -128 127 -128 127 -128 127 -128 127 
-128 127 -128 127 -128 127 -128 127 -128 127 -128 127 -128 127 -128 127 
-128 127 -128 127 -128 127 -128 127 -128 127 -128 127 -128 127 -128 127 
-128 127 -128 127 -128 127 -128 127 -128 127 -128 127 -128 127 -128 127 
-128 127 -128 127 -128 127 -128 127 -128 127 -128 127 -128 127 -128 127 
-128 127 -128 127 -128 127 -128 127 -128 127 -128 127 -128 127 -128 127 
-128 127 -128 127 -128 127 -128 127 -128 127 -128 127 -128 127 -128 127 
-128 127 -128 127 -128 127 -128 127 -128 127 -128 127 -128 127 -128 127 
-128 127 -128 127 -128 127 -128 127 -128 127 -128 127 -128 127 -128 127 
-128 127 -128 127 -128 127 -128 127 -128 127 -128 127 -128 127 -128 127 
-128 127 -128 127 -128 127 -128 127 -128 127 -128 127 -128 127 -128 127 
-128 127 -128 127 -128 127 -128 127 -128 127 -128 127 -128 127 -128 127 
-128 127 -128 127 -128 127 -128 127 -128 127 -128 127 -128 127 -128 127 
-128 127 -128 127 -128 127 -128 127 -128 127 -128 127 -128 127 -128 127 
-128 127 -128 127 -128 127 -128 127 -128 127 -128 127 -128 127 -128 127 
GEMMINI: mvin - 0x10 cols and 0x10 rows from 0x20000100 to addr 0x00000010
127 -128 127 -128 127 -128 127 -128 127 -128 127 -128 127 -128 127 -128 
127 -128 127 -128 127 -128 127 -128 127 -128 127 -128 127 -128 127 -128 
127 -128 127 -128 127 -128 127 -128 127 -128 127 -128 127 -128 127 -128 
127 -128 127 -128 127 -128 127 -128 127 -128 127 -128 127 -128 127 -128 
127 -128 127 -128 127 -128 127 -128 127 -128 127 -128 127 -128 127 -128 
127 -128 127 -128 127 -128 127 -128 127 -128 127 -128 127 -128 127 -128 
127 -128 127 -128 127 -128 127 -128 127 -128 127 -128 127 -128 127 -128 
127 -128 127 -128 127 -128 127 -128 127 -128 127 -128 127 -128 127 -128 
127 -128 127 -128 127 -128 127 -128 127 -128 127 -128 127 -128 127 -128 
127 -128 127 -128 127 -128 127 -128 127 -128 127 -128 127 -128 127 -128 
127 -128 127 -128 127 -128 127 -128 127 -128 127 -128 127 -128 127 -128 
127 -128 127 -128 127 -128 127 -128 127 -128 127 -128 127 -128 127 -128 
127 -128 127 -128 127 -128 127 -128 127 -128 127 -128 127 -128 127 -128 
127 -128 127 -128 127 -128 127 -128 127 -128 127 -128 127 -128 127 -128 
127 -128 127 -128 127 -128 127 -128 127 -128 127 -128 127 -128 127 -128 
127 -128 127 -128 127 -128 127 -128 127 -128 127 -128 127 -128 127 -128 
GEMMINI: preload - scratchpad output addr = 0xe0000000, scratchpad preload addr = 0x00000010
GEMMINI: compute - preload = 1, scratchpad A addr = 0x00000000,scratchpad B addr 0xffffffff
GEMMINI: compute - PEs after preloading:
127 -128 127 -128 127 -128 127 -128 127 -128 127 -128 127 -128 127 -128 
127 -128 127 -128 127 -128 127 -128 127 -128 127 -128 127 -128 127 -128 
127 -128 127 -128 127 -128 127 -128 127 -128 127 -128 127 -128 127 -128 
127 -128 127 -128 127 -128 127 -128 127 -128 127 -128 127 -128 127 -128 
127 -128 127 -128 127 -128 127 -128 127 -128 127 -128 127 -128 127 -128 
127 -128 127 -128 127 -128 127 -128 127 -128 127 -128 127 -128 127 -128 
127 -128 127 -128 127 -128 127 -128 127 -128 127 -128 127 -128 127 -128 
127 -128 127 -128 127 -128 127 -128 127 -128 127 -128 127 -128 127 -128 
127 -128 127 -128 127 -128 127 -128 127 -128 127 -128 127 -128 127 -128 
127 -128 127 -128 127 -128 127 -128 127 -128 127 -128 127 -128 127 -128 
127 -128 127 -128 127 -128 127 -128 127 -128 127 -128 127 -128 127 -128 
127 -128 127 -128 127 -128 127 -128 127 -128 127 -128 127 -128 127 -128 
127 -128 127 -128 127 -128 127 -128 127 -128 127 -128 127 -128 127 -128 
127 -128 127 -128 127 -128 127 -128 127 -128 127 -128 127 -128 127 -128 
127 -128 127 -128 127 -128 127 -128 127 -128 127 -128 127 -128 127 -128 
127 -128 127 -128 127 -128 127 -128 127 -128 127 -128 127 -128 127 -128 
GEMMINI: compute - PEs after matmul:
127 -128 127 -128 127 -128 127 -128 127 -128 127 -128 127 -128 127 -128 
127 -128 127 -128 127 -128 127 -128 127 -128 127 -128 127 -128 127 -128 
127 -128 127 -128 127 -128 127 -128 127 -128 127 -128 127 -128 127 -128 
127 -128 127 -128 127 -128 127 -128 127 -128 127 -128 127 -128 127 -128 
127 -128 127 -128 127 -128 127 -128 127 -128 127 -128 127 -128 127 -128 
127 -128 127 -128 127 -128 127 -128 127 -128 127 -128 127 -128 127 -128 
127 -128 127 -128 127 -128 127 -128 127 -128 127 -128 127 -128 127 -128 
127 -128 127 -128 127 -128 127 -128 127 -128 127 -128 127 -128 127 -128 
127 -128 127 -128 127 -128 127 -128 127 -128 127 -128 127 -128 127 -128 
127 -128 127 -128 127 -128 127 -128 127 -128 127 -128 127 -128 127 -128 
127 -128 127 -128 127 -128 127 -128 127 -128 127 -128 127 -128 127 -128 
127 -128 127 -128 127 -128 127 -128 127 -128 127 -128 127 -128 127 -128 
127 -128 127 -128 127 -128 127 -128 127 -128 127 -128 127 -128 127 -128 
127 -128 127 -128 127 -128 127 -128 127 -128 127 -128 127 -128 127 -128 
127 -128 127 -128 127 -128 127 -128 127 -128 127 -128 127 -128 127 -MODE 1 PASS
128 
127 -128 127 -128 127 -128 127 -128 127 -128 127 -128 127 -128 127 -128 
GEMMINI: compute - writing results to addr 0xe0000000, :
-2032 2048 -2032 2048 -2032 2048 -2032 2048 -2032 2048 -2032 2048 -2032 2048 -2032 2048 
-2032 2048 -2032 2048 -2032 2048 -2032 2048 -2032 2048 -2032 2048 -2032 2048 -2032 2048 
-2032 2048 -2032 2048 -2032 2048 -2032 2048 -2032 2048 -2032 2048 -2032 2048 -2032 2048 
-2032 2048 -2032 2048 -2032 2048 -2032 2048 -2032 2048 -2032 2048 -2032 2048 -2032 2048 
-2032 2048 -2032 2048 -2032 2048 -2032 2048 -2032 2048 -2032 2048 -2032 2048 -2032 2048 
-2032 2048 -2032 2048 -2032 2048 -2032 2048 -2032 2048 -2032 2048 -2032 2048 -2032 2048 
-2032 2048 -2032 2048 -2032 2048 -2032 2048 -2032 2048 -2032 2048 -2032 2048 -2032 2048 
-2032 2048 -2032 2048 -2032 2048 -2032 2048 -2032 2048 -2032 2048 -2032 2048 -2032 2048 
-2032 2048 -2032 2048 -2032 2048 -2032 2048 -2032 2048 -2032 2048 -2032 2048 -2032 2048 
-2032 2048 -2032 2048 -2032 2048 -2032 2048 -2032 2048 -2032 2048 -2032 2048 -2032 2048 
-2032 2048 -2032 2048 -2032 2048 -2032 2048 -2032 2048 -2032 2048 -2032 2048 -2032 2048 
-2032 2048 -2032 2048 -2032 2048 -2032 2048 -2032 2048 -2032 2048 -2032 2048 -2032 2048 
-2032 2048 -2032 2048 -2032 2048 -2032 2048 -2032 2048 -2032 2048 -2032 2048 -2032 2048 
-2032 2048 -2032 2048 -2032 2048 -2032 2048 -2032 2048 -2032 2048 -2032 2048 -2032 2048 
-2032 2048 -2032 2048 -2032 2048 -2032 2048 -2032 2048 -2032 2048 -2032 2048 -2032 2048 
-2032 2048 -2032 2048 -2032 2048 -2032 2048 -2032 2048 -2032 2048 -2032 2048 -2032 2048 
GEMMINI: mvout - 0x10 cols and 0x10 rows from 0x100010e0000000 to addr 0x30000400
-2032 2048 -2032 2048 -2032 2048 -2032 2048 -2032 2048 -2032 2048 -2032 2048 -2032 2048 
-2032 2048 -2032 2048 -2032 2048 -2032 2048 -2032 2048 -2032 2048 -2032 2048 -2032 2048 
-2032 2048 -2032 2048 -2032 2048 -2032 2048 -2032 2048 -2032 2048 -2032 2048 -2032 2048 
-2032 2048 -2032 2048 -2032 2048 -2032 2048 -2032 2048 -2032 2048 -2032 2048 -2032 2048 
-2032 2048 -2032 2048 -2032 2048 -2032 2048 -2032 2048 -2032 2048 -2032 2048 -2032 2048 
-2032 2048 -2032 2048 -2032 2048 -2032 2048 -2032 2048 -2032 2048 -2032 2048 -2032 2048 
-2032 2048 -2032 2048 -2032 2048 -2032 2048 -2032 2048 -2032 2048 -2032 2048 -2032 2048 
-2032 2048 -2032 2048 -2032 2048 -2032 2048 -2032 2048 -2032 2048 -2032 2048 -2032 2048 
-2032 2048 -2032 2048 -2032 2048 -2032 2048 -2032 2048 -2032 2048 -2032 2048 -2032 2048 
-2032 2048 -2032 2048 -2032 2048 -2032 2048 -2032 2048 -2032 2048 -2032 2048 -2032 2048 
-2032 2048 -2032 2048 -2032 2048 -2032 2048 -2032 2048 -2032 2048 -2032 2048 -2032 2048 
-2032 2048 -2032 2048 -2032 2048 -2032 2048 -2032 2048 -2032 2048 -2032 2048 -2032 2048 
-2032 2048 -2032 2048 -2032 2048 -2032 2048 -2032 2048 -2032 2048 -2032 2048 -2032 2048 
-2032 2048 -2032 2048 -2032 2048 -2032 2048 -2032 2048 -2032 2048 -2032 2048 -2032 2048 
-2032 2048 -2032 2048 -2032 2048 -2032 2048 -2032 2048 -2032 2048 -2032 2048 -2032 2048 
-2032 2048 -2032 2048 -2032 2048 -2032 2048 -2032 2048 -2032 2048 -2032 2048 -2032 2048 
GEMMINI: flush
GEMMINI: config_ex - set dataflow mode from 1 to 1
GEMMINI: config_ex - set activation function from 0 to 0
GEMMINI: config_ex - set sys_shift from 0 to 0
GEMMINI: config_mvout - set store stride from 64 to 64
GEMMINI: config_mvout - no pooling
GEMMINI: config_mvin - set load stride from 32 to 32
GEMMINI: config_mvin - set load scale from 217204921029904 to 217204921029904
GEMMINI: config_mvin - set load stride from 16 to 16
GEMMINI: config_mvin - set load scale from 217204921029908 to 217204921029906
GEMMINI: mvin - 0x10 cols and 0x10 rows from 0x10000000 to addr 0x00000000
113 71 29 -108 -20 -119 -109 -57 68 -68 -40 -49 -53 60 -59 -90 
78 -40 54 19 -58 -126 73 76 25 -30 116 14 -87 74 79 57 
65 77 24 10 53 113 -34 20 -14 65 119 11 -22 5 55 -75 
-125 126 -70 17 -14 -80 -53 54 9 -77 -40 94 72 -59 -12 50 
77 67 20 -64 -75 -106 -121 -53 -107 15 -113 -98 121 -30 -1 -56 
-43 116 31 -82 54 123 -118 -21 -50 45 -107 99 54 -75 -49 -114 
84 -23 -46 115 45 -73 77 -83 -21 -27 -31 71 55 -108 -36 -99 
2 123 38 -87 82 -94 71 43 38 16 108 -32 53 -39 -97 12 
23 1 18 -26 93 -107 -15 122 -74 -124 45 -57 -26 -36 -113 -11 
-53 83 -113 -61 6 -25 -62 -75 -46 27 28 -108 3 -13 37 110 
86 73 -108 -40 4 -16 51 -14 -77 -84 50 -34 68 119 -40 -113 
-16 -68 26 -68 17 8 -69 74 -110 16 103 62 97 -63 33 114 
-47 -126 24 8 -28 -121 -46 -43 -91 29 -79 75 17 40 119 45 
48 117 -122 83 52 -58 -15 -86 37 -83 11 -97 14 4 82 -40 
71 108 93 55 -69 27 -113 -30 74 -106 106 -48 15 -83 43 -115 
77 63 -108 74 47 -32 37 -107 77 -78 -55 118 -53 124 122 98 
GEMMINI: mvin - 0x10 cols and 0x10 rows from 0x20000000 to addr 0x00000010
113 118 -101 101 -105 127 49 -99 115 37 -46 54 29 -125 22 -23 
55 107 13 18 51 -19 -42 27 72 -87 1 -86 50 -43 -90 -118 
-84 13 66 90 -82 -34 85 -8 102 16 -68 -85 -8 -73 -50 19 
-10 -8 57 -48 -98 -100 -101 -11 -42 86 -32 43 -24 -44 94 -91 
-3 -120 -79 -57 91 51 88 -106 94 54 12 -34 56 -104 -28 37 
104 -42 42 82 -5 110 -5 29 -122 42 -96 54 -33 45 -81 53 
-98 -65 -31 68 86 -40 -78 -114 -109 110 -69 102 -109 126 -49 56 
-59 -36 -41 48 3 -69 110 -84 -114 -4 59 98 -51 55 18 81 
-59 -118 -54 105 87 36 -36 -7 61 -112 -64 -36 -61 -62 8 99 
69 -30 57 1 108 -36 108 -71 39 -92 -87 72 107 74 -2 18 
-85 -63 99 -51 22 111 78 -17 -108 116 20 -40 126 -70 6 -65 
31 -63 71 94 -17 39 111 93 -119 -6 -31 -128 113 -66 -20 -113 
-120 61 -92 9 75 17 126 -121 -49 -14 -82 -15 125 -64 65 100 
-115 79 -7 -33 68 -10 -20 -80 -20 -42 -37 -95 -104 -21 83 -31 
-108 -44 -122 -76 -82 98 -25 -38 40 -30 -121 -63 120 43 50 106 
-58 102 72 27 34 -96 93 -55 -119 17 -112 68 -106 42 -84 32 
GEMMINI: preload - scratchpad output addr = 0xa0000000, scratchpad preload addr = 0x00000010
GEMMINI: compute - preload = 1, scratchpad A addr = 0x00000000,scratchpad B addr 0xffffffff
GEMMINI: compute - PEs after preloading:
113 118 -101 101 -105 127 49 -99 115 37 -46 54 29 -125 22 -23 
55 107 13 18 51 -19 -42 27 72 -87 1 -86 50 -43 -90 -118 
-84 13 66 90 -82 -34 85 -8 102 16 -68 -85 -8 -73 -50 19 
-10 -8 57 -48 -98 -100 -101 -11 -42 86 -32 43 -24 -44 94 -91 
-3 -120 -79 -57 91 51 88 -106 94 54 12 -34 56 -104 -28 37 
104 -42 42 82 -5 110 -5 29 -122 42 -96 54 -33 45 -81 53 
-98 -65 -31 68 86 -40 -78 -114 -109 110 -69 102 -109 126 -49 56 
-59 -36 -41 48 3 -69 110 -84 -114 -4 59 98 -51 55 18 81 
-59 -118 -54 105 87 36 -36 -7 61 -112 -64 -36 -61 -62 8 99 
69 -30 57 1 108 -36 108 -71 39 -92 -87 72 107 74 -2 18 
-85 -63 99 -51 22 111 78 -17 -108 116 20 -40 126 -70 6 -65 
31 -63 71 94 -17 39 111 93 -119 -6 -31 -128 113 -66 -20 -113 
-120 61 -92 9 75 17 126 -121 -49 -14 -82 -15 125 -64 65 100 
-115 79 -7 -33 68 -10 -20 -80 -20 -42 -37 -95 -104 -21 83 -31 
-108 -44 -122 -76 -82 98 -25 -38 40 -30 -121 -63 120 43 50 106 
-58 102 72 27 34 -96 93 -55 -119 17 -112 68 -106 42 -84 32 
GEMMINI: compute - PEs after matmul:
113 118 -101 101 -105 127 49 -99 115 37 -46 54 29 -125 22 -23 
55 107 13 18 51 -19 -42 27 72 -87 1 -86 50 -43 -90 -118 
-84 13 66 90 -82 -34 85 -8 102 16 -68 -85 -8 -73 -50 19 
-10 -8 57 -48 -98 -100 -101 -11 -42 86 -32 43 -24 -44 94 -91 
-3 -120 -79 -57 91 51 88 -106 94 54 12 -34 56 -104 -28 37 
104 -42 42 82 -5 110 -5 29 -122 42 -96 54 -33 45 -81 53 
-98 -65 -31 68 86 -40 -78 -114 -109 110 -69 102 -109 126 -49 56 
-59 -36 -41 48 3 -69 110 -84 -114 -4 59 98 -51 55 18 81 
-59 -118 -54 105 87 36 -36 -7 61 -112 -64 -36 -61 -62 8 99 
69 -30 57 1 108 -36 108 -71 39 -92 -87 72 107 74 -2 18 
-85 -63 99 -51 22 111 78 -17 -108 116 20 -40 126 -70 6 -65 
31 -63 71 94 -17 39 111 93 -119 -6 -31 -128 113 -66 -20 -113 
-120 61 -92 9 75 17 126 -121 -49 -14 -82 -15 125 -64 65 100 
-115 79 -7 -33 68 -10 -20 -80 -20 -42 -37 -95 -104 -21 83 -31 
-108 -44 -122 -76 -82 98 -25 -38 40 -30 -121 -63 120 43 50 106 
-58 102 72 27 34 -96 93 -55 -119 17 -112 68 -106 42 -84 32 
GEMMINI: compute - writing results to addr 0xa0000000, :
21276 33253 -22247 5822 -10400 16901 -16129 16849 78012 -35904 33327 -36343 -5624 -42086 6573 -21015 
-45559 2882 1530 2997 -19446 -2599 3711 -21900 -10580 18207 -5712 -2377 -15219 -2077 14348 -4340 
19221 -12980 4285 1516 -4589 43049 16737 -6023 7292 7237 -10907 -11624 42554 -20099 -6084 -11488 
-10744 7432 4479 -7646 12416 -30549 4034 25360 -23190 -21855 18987 -22482 12896 -2728 -5462 -17382 
21733 65064 -28181 -15360 -20192 -5884 3104 1220 62739 -33036 15613 -7480 29030 -13668 14734 -3707 
57438 -1872 3670 15612 5578 18308 23199 36881 24279 -32673 9473 -29449 45495 -15762 -25416 -13929 
20227 -11341 -16342 1256 -16923 5616 -17168 -535 15058 26406 8701 5552 26453 -24211 15821 -21881 
-18253 -1576 -69 9472 43279 -4475 30058 -25829 11112 1619 14695 -4452 12909 -18792 -22581 -3153 
-5413 5808 -6008 -10332 -6595 -15483 14251 -9426 6524 27543 54732 9407 -16076 -19632 -2272 -10983 
6169 27112 1318 -37078 21569 -3640 -7577 2176 6417 -15654 2423 4397 8251 16613 -11543 -1360 
-171 28637 -27579 -13785 10794 25947 -18573 -18287 983 12558 23787 -9757 5344 -15740 17716 -21270 
-17685 4384 13820 -6126 -3930 8461 69991 -10204 -41848 17920 -6959 3177 40954 -1990 -6719 12753 
-25484 7871 -3583 -26200 -22302 -18055 12343 3928 2640 -8000 -10852 -17454 16235 11942 25758 4856 
1105 13224 -35928 -34073 -4345 16359 -49030 -6294 38066 -2305 7044 -12197 11774 -22353 18027 -12634 
9053 7804 -2453 6115 -45002 37057 -18792 28295 40048 -1374 8977 -32917 34420 -49107 5400 -18592 
-8636 11458 -21176 -1575 -3126 14118 -31369 -3637 2642 -7300 -32613 -32235 -12325 -19591 8714 -21159 
GEMMINI: mvin - 0x10 cols and 0x10 rows from 0x10000010 to addr 0x00000000
104 25 -88 -26 -54 -92 -30 59 105 -67 65 -119 65 -38 30 -36 
73 32 -58 -82 119 109 -72 -66 89 37 81 84 122 52 40 -31 
-35 120 -87 58 22 89 42 -112 107 -78 68 -88 -14 -26 -53 90 
92 -8 72 34 95 -64 -81 -55 -43 62 17 30 98 74 -128 96 
-3 120 -100 -3 10 -5 -64 -128 -48 -96 -79 78 -125 -73 -66 11 
-6 -47 -100 100 -49 96 -44 -50 -107 -80 27 -48 11 -123 -2 115 
-118 -39 65 -17 102 73 100 -53 90 71 71 59 -77 13 -73 -81 
-28 106 -126 53 -121 13 -25 -113 88 59 46 40 51 -91 98 -40 
66 91 87 -49 -22 4 -43 49 -57 102 -57 47 67 -89 118 6 
-38 -124 -71 85 71 -121 -89 -54 -33 -97 11 -25 -101 106 107 80 
-26 -66 -97 94 86 -20 -44 113 -41 -66 -15 -23 -13 70 -70 -49 
-100 -33 2 -125 -50 -115 -43 64 -23 -100 114 -51 3 -109 -37 -102 
53 -63 -39 92 105 -63 33 76 76 15 -123 43 -125 -86 68 -53 
-23 59 29 -127 -35 -32 49 -80 56 -15 34 -102 43 -30 112 120 
-15 37 -59 -119 -28 67 124 -126 -28 25 66 -77 -78 -110 -44 -70 
-125 87 -55 13 52 64 122 -37 -118 95 -35 13 -46 20 -22 -88 
GEMMINI: mvin - 0x10 cols and 0x10 rows from 0x20000100 to addr 0x00000010
8 96 0 103 -9 -69 -2 0 -43 29 -106 -34 39 83 80 -24 
1 -35 44 -85 67 125 57 -62 -106 -126 -9 1 36 -47 110 100 
25 -72 11 -70 -34 115 61 17 16 122 -44 -32 66 -112 20 -9 
120 -116 -100 39 94 -26 -7 -79 75 1 9 111 -6 58 17 -60 
2 -75 -98 69 27 -30 28 36 15 -47 55 96 -127 59 -11 -81 
97 76 -112 38 43 49 21 -82 -30 102 -67 39 -48 -67 14 89 
-6 45 -79 -97 101 96 18 82 12 -6 -70 -10 -100 -85 108 39 
-11 -13 1 65 97 -72 3 -46 -110 -119 12 -63 94 -80 -35 59 
57 -6 61 97 118 69 -104 -78 61 -50 83 58 75 55 -16 120 
109 91 -26 16 -70 -46 62 53 -109 67 -19 -44 91 108 -12 -127 
-9 -14 58 34 4 -22 36 94 -37 35 -6 -61 70 57 -7 -70 
-1 91 56 43 -20 -41 59 -17 29 106 88 -7 -127 74 -50 68 
107 -17 -97 124 -55 -91 49 108 30 -45 -88 42 68 9 0 4 
-28 -53 -18 41 -79 31 116 23 103 -40 70 -56 -121 -95 -32 -100 
-49 -55 100 5 123 -48 53 -12 62 -75 84 7 -1 -3 125 111 
84 -125 0 -93 -65 3 97 -58 -85 100 -81 -39 36 -55 -92 -96 
GEMMINI: preload - scratchpad output addr = 0xe0000000, scratchpad preload addr = 0x00000010
GEMMINI: compute - preload = 1, scratchpad A addr = 0x00000000,scratchpad B addr 0xffffffff
GEMMINI: compute - PEs after preloading:
8 96 0 103 -9 -69 -2 0 -43 29 -106 -34 39 83 80 -24 
1 -35 44 -85 67 125 57 -62 -106 -126 -9 1 36 -47 110 100 
25 -72 11 -70 -34 115 61 17 16 122 -44 -32 66 -112 20 -9 
120 -116 -100 39 94 -26 -7 -79 75 1 9 111 -6 58 17 -60 
2 -75 -98 69 27 -30 28 36 15 -47 55 96 -127 59 -11 -81 
97 76 -112 38 43 49 21 -82 -30 102 -67 39 -48 -67 14 89 
-6 45 -79 -97 101 96 18 82 12 -6 -70 -10 -100 -85 108 39 
-11 -13 1 65 97 -72 3 -46 -110 -119 12 -63 94 -80 -35 59 
57 -6 61 97 118 69 -104 -78 61 -50 83 58 75 55 -16 120 
109 91 -26 16 -70 -46 62 53 -109 67 -19 -44 91 108 -12 -127 
-9 -14 58 34 4 -22 36 94 -37 35 -6 -61 70 57 -7 -70 
-1 91 56 43 -20 -41 59 -17 29 106 88 -7 -127 74 -50 68 
107 -17 -97 124 -55 -91 49 108 30 -45 -88 42 68 9 0 4 
-28 -53 -18 41 -79 31 116 23 103 -40 70 -56 -121 -95 -32 -100 
-49 -55 100 5 123 -48 53 -12 62 -75 84 7 -1 -3 125 111 
84 -125 0 -93 -65 3 97 -58 -85 100 -81 -39 36 -55 -92 -96 
GEMMINI: compute - PEs after matmul:
8 96 0 103 -9 -69 -2 0 -43 29 -106 -34 39 83 80 -24 
1 -35 44 -85 67 125 57 -62 -106 -126 -9 1 36 -47 110 100 
25 -72 11 -70 -34 115 61 17 16 122 -44 -32 66 -112 20 -9 
120 -116 -100 39 94 -26 -7 -79 75 1 9 111 -6 58 17 -60 
2 -75 -98 69 27 -30 28 36 15 -47 55 96 -127 59 -11 -81 
97 76 -112 38 43 49 21 -82 -30 102 -67 39 -48 -67 14 89 
-6 45 -79 -97 101 96 18 82 12 -6 -70 -10 -100 -85 108 39 
-11 -13 1 65 97 -72 3 -46 -110 -119 12 -63 94 -80 -35 59 
57 -6 61 97 118 69 -104 -78 61 -50 83 58 75 55 -16 120 
109 91 -26 16 -70 -46 62 53 -109 67 -19 -44 91 108 -12 -127 
-9 -14 58 34 4 -22 36 94 -37 35 -6 -61 70 57 -7 -70 
-1 91 56 43 -20 -41 59 -17 29 106 88 -7 -127 74 -50 68 
107 -17 -97 124 -55 -91 49 108 30 -45 -88 42 68 9 0 4 
-28 -53 -18 41 -79 31 116 23 103 -40 70 -56 -121 -95 -32 -100 
-49 -55 100 5 123 -48 53 -12 62 -75 84 7 -1 -3 125 111 
84 -125 0 -93 -65 3 97 -58 -85 100 -81 -39 36 -55 -92 -96 
GEMMINI: compute - writing results to addr 0xe0000000, :
9053 31948 1142 35284 13343 -1475 -46785 20549 73440 -87820 27900 -39735 42633 -25950 22339 -849 
-28937 25623 -2649 59639 -26796 -20853 18585 -9019 -4312 19043 3931 10186 -28013 32803 15458 4637 
39963 -35963 -8649 -14169 20548 81113 4350 -28720 5446 -1213 -23083 14220 39975 -22433 2097 -153 
17811 -9659 -19486 11508 -45069 -47918 33853 44932 -28847 8586 -3213 -24386 15772 16846 -34603 -85489 
556 73783 -13000 -45968 -24843 12385 -13716 -31394 58360 -29744 27686 8738 -6988 1738 14678 13826 
76236 -14879 -16644 3985 4227 -2405 15062 18424 14340 -8794 -21623 -13508 50138 -9707 -34496 -22490 
26438 4131 -30767 -3159 -7182 40367 -21953 12626 28624 53486 30632 16574 -5565 -19794 7829 -24616 
-1913 16760 25406 15257 68381 -6738 15974 -36538 12992 -11860 25639 11687 36670 22047 2392 35978 
4282 18798 9107 -12403 -6232 -27983 36565 -9498 -26073 29391 39877 -1838 17789 -16364 22647 11124 
-21127 -25612 18488 -37280 15076 -29059 -4695 -5896 51151 -25262 44704 12970 -26554 27136 -32907 -41404 
-7747 11955 -53491 15323 16661 -1982 -30028 -24771 14753 -18085 42807 3953 -18210 -13168 -5678 -42978 
-61737 7850 49055 -15069 -5202 2259 37845 15165 -49210 -7607 3537 -13864 72324 -6161 -16811 30338 
-33713 11246 -1756 -10956 25849 -34222 -18441 -22587 13728 -27671 20769 7705 -635 42264 36162 23259 
-4737 -6727 -9615 -66560 -2426 40033 -39318 5053 29342 -9950 -8082 -24301 38169 -43184 37193 1748 
-8078 50369 -1952 -29965 -40273 68338 -40351 48517 20264 10045 -13295 -37973 28187 -46032 32111 -5095 
-11242 28758 -50260 -33074 2799 36230 -16688 8925 -5801 -14291 -27538 -24850 -56130 -30442 27249 -24754 
GEMMINI: mvout - 0x10 cols and 0x10 rows from 0x100010e0000000 to addr 0x30000000
9053 31948 1142 35284 13343 -1475 -46785 20549 73440 -87820 27900 -39735 42633 -25950 22339 -849 
-28937 25623 -2649 59639 -26796 -20853 18585 -9019 -4312 19043 3931 10186 -28013 32803 15458 4637 
39963 -35963 -8649 -14169 20548 81113 4350 -28720 5446 -1213 -23083 14220 39975 -22433 2097 -153 
17811 -9659 -19486 11508 -45069 -47918 33853 44932 -28847 8586 -3213 -24386 15772 16846 -34603 -85489 
556 73783 -13000 -45968 -24843 12385 -13716 -31394 58360 -29744 27686 8738 -6988 1738 14678 13826 
76236 -14879 -16644 3985 4227 -2405 15062 18424 14340 -8794 -21623 -13508 50138 -9707 -34496 -22490 
26438 4131 -30767 -3159 -7182 40367 -21953 12626 28624 53486 30632 16574 -5565 -19794 7829 -24616 
-1913 16760 25406 15257 68381 -6738 15974 -36538 12992 -11860 25639 11687 36670 22047 2392 35978 
4282 18798 9107 -12403 -6232 -27983 36565 -9498 -26073 29391 39877 -1838 17789 -16364 22647 11124 
-21127 -25612 18488 -37280 15076 -29059 -4695 -5896 51151 -25262 44704 12970 -26554 27136 -32907 -41404 
-7747 11955 -53491 15323 16661 -1982 -30028 -24771 14753 -18085 42807 3953 -18210 -13168 -5678 -42978 
-61737 7850 49055 -15069 -5202 2259 37845 15165 -49210 -7607 3537 -13864 72324 -6161 -16811 30338 
-33713 11246 -1756 -10956 25849 -34222 -18441 -22587 13728 -27671 20769 7705 -635 42264 36162 23259 
-4737 -6727 -9615 -66560 -2426 40033 -39318 5053 29342 -9950 -8082 -24301 38169 -43184 37193 1748 
-8078 50369 -1952 -29965 -40273 68338 -40351 48517 20264 10045 -13295 -37973 28187 -46032 32111 -5095 
-11242 28758 -50260 -33074 2799 36230 -16688 8925 -5801 -14291 -27538 -24850 -56130 -30442 27249 -24754 
GEMMINI: mvin - 0x10 cols and 0x10 rows from 0x10000200 to addr 0x00000000
121 -57 36 36 73 108 42 -38 100 -39 29 43 -4 -57 -75 111 
5 -38 4 95 -62 24 23 -54 -57 -31 96 -123 89 -24 87 -50 
39 82 45 -111 80 58 99 125 -80 -92 -118 28 -103 54 -43 -107 
24 6 -106 83 -84 44 -122 10 86 -8 -111 -118 117 9 -86 -35 
17 -50 55 60 -114 69 -7 -118 -15 -73 112 101 -90 -70 75 -67 
72 -125 9 -27 -82 -35 52 21 -71 -72 29 70 -30 -97 50 79 
-10 -5 3 -26 -60 76 -82 -62 -27 -44 -112 -60 -30 18 -41 -88 
83 16 30 -42 -120 -22 -33 -86 -81 -31 -63 120 94 106 -80 -29 
-105 -103 81 79 -78 16 64 -27 77 -71 -87 -6 14 -1 56 22 
-6 110 -107 -25 -6 21 72 -117 -7 51 64 -30 -86 42 -28 90 
-76 103 -31 54 24 81 111 -77 -23 39 125 -57 -22 65 47 -57 
-3 92 45 -43 -61 28 46 118 87 109 88 66 -122 -98 -114 116 
13 38 114 92 -75 -50 -3 -20 121 -35 -54 -21 54 -104 123 122 
28 -100 -88 99 -92 -64 83 44 -120 80 -54 89 -78 -121 110 -15 
97 -106 -58 -127 74 72 -88 79 -68 -99 81 37 -78 -61 -34 -16 
22 -20 -60 79 93 -64 117 108 77 -100 86 -25 -19 -92 67 -112 
GEMMINI: mvin - 0x10 cols and 0x10 rows from 0x20000000 to addr 0x00000010
113 118 -101 101 -105 127 49 -99 115 37 -46 54 29 -125 22 -23 
55 107 13 18 51 -19 -42 27 72 -87 1 -86 50 -43 -90 -118 
-84 13 66 90 -82 -34 85 -8 102 16 -68 -85 -8 -73 -50 19 
-10 -8 57 -48 -98 -100 -101 -11 -42 86 -32 43 -24 -44 94 -91 
-3 -120 -79 -57 91 51 88 -106 94 54 12 -34 56 -104 -28 37 
104 -42 42 82 -5 110 -5 29 -122 42 -96 54 -33 45 -81 53 
-98 -65 -31 68 86 -40 -78 -114 -109 110 -69 102 -109 126 -49 56 
-59 -36 -41 48 3 -69 110 -84 -114 -4 59 98 -51 55 18 81 
-59 -118 -54 105 87 36 -36 -7 61 -112 -64 -36 -61 -62 8 99 
69 -30 57 1 108 -36 108 -71 39 -92 -87 72 107 74 -2 18 
-85 -63 99 -51 22 111 78 -17 -108 116 20 -40 126 -70 6 -65 
31 -63 71 94 -17 39 111 93 -119 -6 -31 -128 113 -66 -20 -113 
-120 61 -92 9 75 17 126 -121 -49 -14 -82 -15 125 -64 65 100 
-115 79 -7 -33 68 -10 -20 -80 -20 -42 -37 -95 -104 -21 83 -31 
-108 -44 -122 -76 -82 98 -25 -38 40 -30 -121 -63 120 43 50 106 
-58 102 72 27 34 -96 93 -55 -119 17 -112 68 -106 42 -84 32 
GEMMINI: preload - scratchpad output addr = 0xa0000000, scratchpad preload addr = 0x00000010
GEMMINI: compute - preload = 1, scratchpad A addr = 0x00000000,scratchpad B addr 0xffffffff
GEMMINI: compute - PEs after preloading:
113 118 -101 101 -105 127 49 -99 115 37 -46 54 29 -125 22 -23 
55 107 13 18 51 -19 -42 27 72 -87 1 -86 50 -43 -90 -118 
-84 13 66 90 -82 -34 85 -8 102 16 -68 -85 -8 -73 -50 19 
-10 -8 57 -48 -98 -100 -101 -11 -42 86 -32 43 -24 -44 94 -91 
-3 -120 -79 -57 91 51 88 -106 94 54 12 -34 56 -104 -28 37 
104 -42 42 82 -5 110 -5 29 -122 42 -96 54 -33 45 -81 53 
-98 -65 -31 68 86 -40 -78 -114 -109 110 -69 102 -109 126 -49 56 
-59 -36 -41 48 3 -69 110 -84 -114 -4 59 98 -51 55 18 81 
-59 -118 -54 105 87 36 -36 -7 61 -112 -64 -36 -61 -62 8 99 
69 -30 57 1 108 -36 108 -71 39 -92 -87 72 107 74 -2 18 
-85 -63 99 -51 22 111 78 -17 -108 116 20 -40 126 -70 6 -65 
31 -63 71 94 -17 39 111 93 -119 -6 -31 -128 113 -66 -20 -113 
-120 61 -92 9 75 17 126 -121 -49 -14 -82 -15 125 -64 65 100 
-115 79 -7 -33 68 -10 -20 -80 -20 -42 -37 -95 -104 -21 83 -31 
-108 -44 -122 -76 -82 98 -25 -38 40 -30 -121 -63 120 43 50 106 
-58 102 72 27 34 -96 93 -55 -119 17 -112 68 -106 42 -84 32 
GEMMINI: compute - PEs after matmul:
113 118 -101 101 -105 127 49 -99 115 37 -46 54 29 -125 22 -23 
55 107 13 18 51 -19 -42 27 72 -87 1 -86 50 -43 -90 -118 
-84 13 66 90 -82 -34 85 -8 102 16 -68 -85 -8 -73 -50 19 
-10 -8 57 -48 -98 -100 -101 -11 -42 86 -32 43 -24 -44 94 -91 
-3 -120 -79 -57 91 51 88 -106 94 54 12 -34 56 -104 -28 37 
104 -42 42 82 -5 110 -5 29 -122 42 -96 54 -33 45 -81 53 
-98 -65 -31 68 86 -40 -78 -114 -109 110 -69 102 -109 126 -49 56 
-59 -36 -41 48 3 -69 110 -84 -114 -4 59 98 -51 55 18 81 
-59 -118 -54 105 87 36 -36 -7 61 -112 -64 -36 -61 -62 8 99 
69 -30 57 1 108 -36 108 -71 39 -92 -87 72 107 74 -2 18 
-85 -63 99 -51 22 111 78 -17 -108 116 20 -40 126 -70 6 -65 
31 -63 71 94 -17 39 111 93 -119 -6 -31 -128 113 -66 -20 -113 
-120 61 -92 9 75 17 126 -121 -49 -14 -82 -15 125 -64 65 100 
-115 79 -7 -33 68 -10 -20 -80 -20 -42 -37 -95 -104 -21 83 -31 
-108 -44 -122 -76 -82 98 -25 -38 40 -30 -121 -63 120 43 50 106 
-58 102 72 27 34 -96 93 -55 -119 17 -112 68 -106 42 -84 32 
GEMMINI: compute - writing results to addr 0xa0000000, :
15267 -11590 6701 42000 -2348 20567 18232 -13040 -13132 28439 -28535 18510 -19707 -27480 -22031 8473 
-24362 6659 -8065 -28748 -23942 14007 -23316 -13292 -5718 29543 -10660 11529 19634 3080 24938 10416 
21232 -1291 -22286 25549 -979 3033 -9805 -2006 10968 4842 28247 -1544 -36042 10516 -25844 -2940 
23704 29815 -20077 -474 1449 -13724 -25724 2164 13564 -31435 8259 23427 -19859 -6489 27426 12479 
13212 -18237 31346 5028 -54780 36848 -26706 50764 -14568 29056 -6144 -24958 24994 -10378 -18 -31933 
-5255 3294 3291 12314 -39544 6113 12552 6478 -32760 32956 -2789 20111 -1607 13415 -2980 5161 
35660 17864 -2421 -1413 -19182 3761 -33958 32462 26797 -17105 16854 -4476 -18875 4609 1348 -4688 
13106 54364 7688 20653 -14138 3500 9852 15285 225 -12108 -2424 -30720 7410 -22485 10129 -35161 
-39027 -18032 1299 8237 -16010 -25886 -32281 10272 -16735 3166 -22446 1315 -38926 22491 9737 29027 
17515 14879 22475 -10082 31233 1063 -25787 3270 -10506 798 -8470 5840 -13588 18043 -24437 -27689 
-13791 -16336 14793 -23641 24485 13526 -33645 -7645 -15859 18620 -13269 -7421 9454 14852 -5643 -15065 
21444 -12249 50832 46924 21783 -21224 31097 11864 -33167 -7367 -1991 25052 -16319 16908 -47150 -14795 
-30933 11968 -9141 18166 -27728 -18869 -6401 -2658 17835 -13963 -42584 -3127 -2955 -7342 -2335 24596 
19170 -13715 1446 -10766 -39417 -17159 -14243 8999 -28549 20041 -539 39862 16566 45333 16230 -7965 
34920 -14815 -6301 3830 -22555 47806 31743 13095 -13875 28285 36146 9324 10508 -16027 -10623 772 
-26545 -53649 -36994 -8741 -5750 15743 -22187 -21184 -3600 34078 21745 14281 7000 -8075 17220 16402 
GEMMINI: mvin - 0x10 cols and 0x10 rows from 0x10000210 to addr 0x00000000
-40 -86 34 -92 -122 49 -92 -45 96 -101 -23 65 65 -64 42 91 
40 -12 -56 -25 -109 109 113 -127 -96 -90 97 -25 -71 -20 11 -21 
-86 15 -79 110 17 76 90 -2 -128 86 58 -105 -16 -14 5 111 
-104 -46 -40 -47 -71 38 -41 98 58 -123 110 -24 -96 41 -111 1 
41 21 50 -89 67 83 94 -59 4 10 -11 115 127 -24 38 -74 
-107 -79 -70 -119 103 44 105 62 23 -67 -58 -48 70 -118 61 -87 
19 124 101 15 -35 8 112 -26 -85 119 -39 -106 -83 100 77 -16 
-35 80 45 -48 93 63 -22 -44 -8 14 39 94 108 -48 -49 -92 
41 4 9 101 -97 41 79 33 54 92 -89 -64 59 36 58 -35 
49 112 -14 102 90 30 24 -27 -99 56 82 83 -46 -70 6 -78 
43 109 -32 106 72 119 -68 56 101 122 31 -80 -23 -23 -84 60 
81 -47 -55 10 32 -117 -76 49 -58 -6 7 111 56 10 -92 -109 
-39 118 -88 -34 -103 -78 119 -23 -9 -111 1 39 119 115 100 -50 
-4 51 114 126 109 68 126 119 50 22 5 114 94 126 103 6 
-14 -32 33 -127 82 -103 64 -11 -82 97 12 -27 -92 -126 34 83 
-13 85 -83 -128 2 9 53 121 -94 74 14 27 3 -41 15 -52 
GEMMINI: mvin - 0x10 cols and 0x10 rows from 0x20000100 to addr 0x00000010
8 96 0 103 -9 -69 -2 0 -43 29 -106 -34 39 83 80 -24 
1 -35 44 -85 67 125 57 -62 -106 -126 -9 1 36 -47 110 100 
25 -72 11 -70 -34 115 61 17 16 122 -44 -32 66 -112 20 -9 
120 -116 -100 39 94 -26 -7 -79 75 1 9 111 -6 58 17 -60 
2 -75 -98 69 27 -30 28 36 15 -47 55 96 -127 59 -11 -81 
97 76 -112 38 43 49 21 -82 -30 102 -67 39 -48 -67 14 89 
-6 45 -79 -97 101 96 18 82 12 -6 -70 -10 -100 -85 108 39 
-11 -13 1 65 97 -72 3 -46 -110 -119 12 -63 94 -80 -35 59 
57 -6 61 97 118 69 -104 -78 61 -50 83 58 75 55 -16 120 
109 91 -26 16 -70 -46 62 53 -109 67 -19 -44 91 108 -12 -127 
-9 -14 58 34 4 -22 36 94 -37 35 -6 -61 70 57 -7 -70 
-1 91 56 43 -20 -41 59 -17 29 106 88 -7 -127 74 -50 68 
107 -17 -97 124 -55 -91 49 108 30 -45 -88 42 68 9 0 4 
-28 -53 -18 41 -79 31 116 23 103 -40 70 -56 -121 -95 -32 -100 
-49 -55 100 5 123 -48 53 -12 62 -75 84 7 -1 -3 125 111 
84 -125 0 -93 -65 3 97 -58 -85 100 -81 -39 36 -55 -92 -96 
GEMMINI: preload - scratchpad output addr = 0xe0000000, scratchpad preload addr = 0x00000010
GEMMINI: compute - preload = 1, scratchpad A addr = 0x00000000,scratchpad B addr 0xffffffff
GEMMINI: compute - PEs after preloading:
8 96 0 103 -9 -69 -2 0 -43 29 -106 -34 39 83 80 -24 
1 -35 44 -85 67 125 57 -62 -106 -126 -9 1 36 -47 110 100 
25 -72 11 -70 -34 115 61 17 16 122 -44 -32 66 -112 20 -9 
120 -116 -100 39 94 -26 -7 -79 75 1 9 111 -6 58 17 -60 
2 -75 -98 69 27 -30 28 36 15 -47 55 96 -127 59 -11 -81 
97 76 -112 38 43 49 21 -82 -30 102 -67 39 -48 -67 14 89 
-6 45 -79 -97 101 96 18 82 12 -6 -70 -10 -100 -85 108 39 
-11 -13 1 65 97 -72 3 -46 -110 -119 12 -63 94 -80 -35 59 
57 -6 61 97 118 69 -104 -78 61 -50 83 58 75 55 -16 120 
109 91 -26 16 -70 -46 62 53 -109 67 -19 -44 91 108 -12 -127 
-9 -14 58 34 4 -22 36 94 -37 35 -6 -61 70 57 -7 -70 
-1 91 56 43 -20 -41 59 -17 29 106 88 -7 -127 74 -50 68 
107 -17 -97 124 -55 -91 49 108 30 -45 -88 42 68 9 0 4 
-28 -53 -18 41 -79 31 116 23 103 -40 70 -56 -121 -95 -32 -100 
-49 -55 100 5 123 -48 53 -12 62 -75 84 7 -1 -3 125 111 
84 -125 0 -93 -65 3 97 -58 -85 100 -81 -39 36 -55 -92 -96 
GEMMINI: compute - PEs after matmul:
8 96 0 103 -9 -69 -2 0 -43 29 -106 -34 39 83 80 -24 
1 -35 44 -85 67 125 57 -62 -106 -126 -9 1 36 -47 110 100 
25 -72 11 -70 -34 115 61 17 16 122 -44 -32 66 -112 20 -9 
120 -116 -100 39 94 -26 -7 -79 75 1 9 111 -6 58 17 -60 
2 -75 -98 69 27 -30 28 36 15 -47 55 96 -127 59 -11 -81 
97 76 -112 38 43 49 21 -82 -30 102 -67 39 -48 -67 14 89 
-6 45 -79 -97 101 96 18 82 12 -6 -70 -10 -100 -85 108 39 
-11 -13 1 65 97 -72 3 -46 -110 -119 12 -63 94 -80 -35 59 
57 -6 61 97 118 69 -104 -78 61 -50 83 58 75 55 -16 120 
109 91 -26 16 -70 -46 62 53 -109 67 -19 -44 91 108 -12 -127 
-9 -14 58 34 4 -22 36 94 -37 35 -6 -61 70 57 -7 -70 
-1 91 56 43 -20 -41 59 -17 29 106 88 -7 -127 74 -50 68 
107 -17 -97 124 -55 -91 49 108 30 -45 -88 42 68 9 0 4 
-28 -53 -18 41 -79 31 116 23 103 -40 70 -56 -121 -95 -32 -100 
-49 -55 100 5 123 -48 53 -12 62 -75 84 7 -1 -3 125 111 
84 -125 0 -93 -65 3 97 -58 -85 100 -81 -39 36 -55 -92 -96 
GEMMINI: compute - writing results to addr 0xe0000000, :
19165 -9805 36017 45557 -14660 18817 5525 -30088 1722 58913 -28236 16457 87 -35558 -46395 47010 
-42850 34086 -8232 -59403 -20651 34217 -27263 -4060 -599 56619 -36852 1516 -6011 -10331 51781 22077 
48092 -23476 -61041 -6002 3043 2251 12480 2114 -14083 12648 1224 1762 -39507 -828 -23396 -42733 
1934 25041 -2556 -3922 6024 886 -48731 -13939 11825 -36515 24921 6972 -14861 -32376 -8399 23219 
19886 15746 16072 22274 -52836 41033 -11916 77600 -5419 42654 -16186 -15876 -1583 -7040 24170 -1752 
-23983 16962 -13783 20252 -4626 -1957 -16220 24624 -24582 -1675 4441 40873 -18886 2042 7647 50193 
32366 11062 -6220 -47690 -14100 44015 -1124 38183 13173 -22976 2460 -24063 -19888 -31613 45688 -18212 
23382 72160 -5811 37862 -21618 8543 17815 33202 -3202 -6136 -2360 -15489 -3233 -9328 14098 -19677 
-9910 -11339 -18235 18045 7577 -22745 -32773 2224 -9818 -8990 -36860 7460 -18984 14690 35545 41944 
22984 27807 11177 -9970 48819 -2682 -13573 6881 -27709 5390 -8701 18610 -31591 49677 2578 -33054 
36256 -24647 -11767 -2809 42030 20406 -35724 -41262 -55261 14817 -27690 9274 43985 34113 -12062 -29718 
7432 11631 51608 88141 -3092 -65918 22965 31994 -27763 -17020 9762 22398 -24521 55447 -65074 -34286 
-57887 7945 8855 9527 -10170 -7666 8836 16167 46308 -67097 -30175 -10076 -26451 -34311 31824 65324 
48984 -40277 -27723 14092 1395 -9004 30182 8291 -9045 9267 12039 52954 -10624 20873 36630 7044 
15079 -10947 10039 -38612 -36528 45104 38211 37893 -50067 45462 26434 -10851 17736 -8441 -9749 -25528 
-45850 -18346 -30024 -15978 -74 4080 -12318 -5311 -48211 7034 17529 -9550 10744 -13592 30426 34433 
GEMMINI: mvout - 0x10 cols and 0x10 rows from 0x100010e0000000 to addr MODE 2 PASS
VERITAC_GEMMINI_RAW_PASS
0x30000400
19165 -9805 36017 45557 -14660 18817 5525 -30088 1722 58913 -28236 16457 87 -35558 -46395 47010 
-42850 34086 -8232 -59403 -20651 34217 -27263 -4060 -599 56619 -36852 1516 -6011 -10331 51781 22077 
48092 -23476 -61041 -6002 3043 2251 12480 2114 -14083 12648 1224 1762 -39507 -828 -23396 -42733 
1934 25041 -2556 -3922 6024 886 -48731 -13939 11825 -36515 24921 6972 -14861 -32376 -8399 23219 
19886 15746 16072 22274 -52836 41033 -11916 77600 -5419 42654 -16186 -15876 -1583 -7040 24170 -1752 
-23983 16962 -13783 20252 -4626 -1957 -16220 24624 -24582 -1675 4441 40873 -18886 2042 7647 50193 
32366 11062 -6220 -47690 -14100 44015 -1124 38183 13173 -22976 2460 -24063 -19888 -31613 45688 -18212 
23382 72160 -5811 37862 -21618 8543 17815 33202 -3202 -6136 -2360 -15489 -3233 -9328 14098 -19677 
-9910 -11339 -18235 18045 7577 -22745 -32773 2224 -9818 -8990 -36860 7460 -18984 14690 35545 41944 
22984 27807 11177 -9970 48819 -2682 -13573 6881 -27709 5390 -8701 18610 -31591 49677 2578 -33054 
36256 -24647 -11767 -2809 42030 20406 -35724 -41262 -55261 14817 -27690 9274 43985 34113 -12062 -29718 
7432 11631 51608 88141 -3092 -65918 22965 31994 -27763 -17020 9762 22398 -24521 55447 -65074 -34286 
-57887 7945 8855 9527 -10170 -7666 8836 16167 46308 -67097 -30175 -10076 -26451 -34311 31824 65324 
48984 -40277 -27723 14092 1395 -9004 30182 8291 -9045 9267 12039 52954 -10624 20873 36630 7044 
15079 -10947 10039 -38612 -36528 45104 38211 37893 -50067 45462 26434 -10851 17736 -8441 -9749 -25528 
-45850 -18346 -30024 -15978 -74 4080 -12318 -5311 -48211 7034 17529 -9550 10744 -13592 30426 34433 
