[adv] building runtime ...
[adv] modules: {'normal': '/home/cake/.cache/veritac-attention-run/cuda_candidate/build/veritac_attn_candidate.so', 'reverse': '/home/cake/.cache/veritac-attention-run/cuda_candidate/build/veritac_attn_candidate_rev.so', 'alias': '/home/cake/.cache/veritac-attention-run/cuda_candidate/build/veritac_attn_candidate_alias.so', 'revderiv': '/home/cake/.cache/veritac-attention-run/cuda_candidate/build/veritac_attn_candidate_revderiv.so'}
  cfg20 N257 D192 zeros: pass=True nmax=0.0 maxabs=0.000e+00
  cfg20 N257 D192 uniform_scores: pass=True nmax=0.0006850867869311858 maxabs=2.384e-07
  cfg20 N257 D192 constant_values: pass=True nmax=0.0005960464573295795 maxabs=4.768e-07
  cfg20 N257 D192 large_tied_scores: pass=True nmax=0.0007111333279698077 maxabs=2.384e-07
  cfg20 N257 D192 peaked_scores: pass=True nmax=0.21402033460708533 maxabs=3.808e-05
  cfg20 N257 D192 causal_impulse: pass=True nmax=0.0007424837858571231 maxabs=2.384e-07
  cfg20 N257 D256 zeros: pass=True nmax=0.0 maxabs=0.000e+00
  cfg20 N257 D256 uniform_scores: pass=True nmax=0.0006538821887905917 maxabs=2.384e-07
  cfg20 N257 D256 constant_values: pass=True nmax=0.0005960464569132462 maxabs=4.768e-07
  cfg20 N257 D256 large_tied_scores: pass=True nmax=0.0006430995972828413 maxabs=2.384e-07
  cfg20 N257 D256 peaked_scores: pass=True nmax=0.22896515804722467 maxabs=3.281e-05
  cfg20 N257 D256 causal_impulse: pass=True nmax=0.0008179784687344908 maxabs=2.384e-07
  cfg25 N257 D192 zeros: pass=True nmax=0.0 maxabs=0.000e+00
  cfg25 N257 D192 uniform_scores: pass=True nmax=0.0006850867869311858 maxabs=2.384e-07
  cfg25 N257 D192 constant_values: pass=True nmax=0.0005960464573295795 maxabs=4.768e-07
  cfg25 N257 D192 large_tied_scores: pass=True nmax=0.0007111333279698077 maxabs=2.384e-07
  cfg25 N257 D192 peaked_scores: pass=True nmax=0.21402033460708533 maxabs=3.808e-05
  cfg25 N257 D192 causal_impulse: pass=True nmax=0.0007424837858571231 maxabs=2.384e-07
  cfg25 N257 D256 zeros: pass=True nmax=0.0 maxabs=0.000e+00
  cfg25 N257 D256 uniform_scores: pass=True nmax=0.0006538821887905917 maxabs=2.384e-07
  cfg25 N257 D256 constant_values: pass=True nmax=0.0005960464569132462 maxabs=4.768e-07
  cfg25 N257 D256 large_tied_scores: pass=True nmax=0.0006430995972828413 maxabs=2.384e-07
  cfg25 N257 D256 peaked_scores: pass=True nmax=0.22896515804722467 maxabs=3.281e-05
  cfg25 N257 D256 causal_impulse: pass=True nmax=0.0008179784687344908 maxabs=2.384e-07
  cfg26 N257 D192 zeros: pass=True nmax=0.0 maxabs=0.000e+00
  cfg26 N257 D192 uniform_scores: pass=True nmax=0.0006850867869311858 maxabs=2.384e-07
  cfg26 N257 D192 constant_values: pass=True nmax=0.0005960464573295795 maxabs=4.768e-07
  cfg26 N257 D192 large_tied_scores: pass=True nmax=0.0007111333279698077 maxabs=2.384e-07
  cfg26 N257 D192 peaked_scores: pass=True nmax=0.21402033460708533 maxabs=3.808e-05
  cfg26 N257 D192 causal_impulse: pass=True nmax=0.0007424837858571231 maxabs=2.384e-07
  cfg26 N257 D256 zeros: pass=True nmax=0.0 maxabs=0.000e+00
  cfg26 N257 D256 uniform_scores: pass=True nmax=0.0006538821887905917 maxabs=2.384e-07
  cfg26 N257 D256 constant_values: pass=True nmax=0.0005960464569132462 maxabs=4.768e-07
  cfg26 N257 D256 large_tied_scores: pass=True nmax=0.0006430995972828413 maxabs=2.384e-07
  cfg26 N257 D256 peaked_scores: pass=True nmax=0.22896515804722467 maxabs=3.281e-05
  cfg26 N257 D256 causal_impulse: pass=True nmax=0.0008179784687344908 maxabs=2.384e-07
[adv] final JSON: results/cuda-adversarial.json
[adv] failures=0
