[driver] building runtime (mode=numeric, k192=False) ...
[driver] modules: {'normal': '/home/cake/.cache/veritac-attention-run/cuda_candidate/build/veritac_attn_candidate.so', 'reverse': '/home/cake/.cache/veritac-attention-run/cuda_candidate/build/veritac_attn_candidate_rev.so', 'alias': '/home/cake/.cache/veritac-attention-run/cuda_candidate/build/veritac_attn_candidate_alias.so'}
[driver] config info (effective ids):
    20 Q64K128-min1-ALIAS {"id": 20, "smem_bytes": 86016, "num_threads": 256, "num_warps": 8, "queries_per_block": 64, "keys_per_block": 128, "max_k": 256, "min_blocks_hint": 1, "installed_min_blocks": 1, "single_value_iteration": false, "keep_output_in_rf": false, "preload_v": false, "alias_scratch": true, "async_drains": true, "num_regs": 221, "local_size_bytes": 0, "static_shared_bytes": 0, "total_shared_bytes": 86016, "kernel_max_threads": 256, "device_max_optin_shared": 101376, "device_max_threads": 1024, "supported": true, "unsupported_reason": "", "base_config_id": 20, "module": "alias"}
    21 Q64K128-min2-ALIAS {"id": 21, "smem_bytes": 86016, "num_threads": 256, "num_warps": 8, "queries_per_block": 64, "keys_per_block": 128, "max_k": 256, "min_blocks_hint": 2, "installed_min_blocks": 1, "single_value_iteration": false, "keep_output_in_rf": false, "preload_v": false, "alias_scratch": true, "async_drains": true, "num_regs": 128, "local_size_bytes": 248, "static_shared_bytes": 0, "total_shared_bytes": 86016, "kernel_max_threads": 256, "device_max_optin_shared": 101376, "device_max_threads": 1024, "supported": true, "unsupported_reason": "", "base_config_id": 21, "module": "alias"}
    22 Q32K128-min1-ALIAS {"id": 22, "smem_bytes": 67584, "num_threads": 128, "num_warps": 4, "queries_per_block": 32, "keys_per_block": 128, "max_k": 256, "min_blocks_hint": 1, "installed_min_blocks": 3, "single_value_iteration": false, "keep_output_in_rf": false, "preload_v": false, "alias_scratch": true, "async_drains": true, "num_regs": 225, "local_size_bytes": 0, "static_shared_bytes": 0, "total_shared_bytes": 67584, "kernel_max_threads": 128, "device_max_optin_shared": 101376, "device_max_threads": 1024, "supported": true, "unsupported_reason": "", "base_config_id": 22, "module": "alias"}
    24 Q32K128-min1-DRAIN {"id": 24, "smem_bytes": 76288, "num_threads": 128, "num_warps": 4, "queries_per_block": 32, "keys_per_block": 128, "max_k": 256, "min_blocks_hint": 1, "installed_min_blocks": 3, "single_value_iteration": false, "keep_output_in_rf": false, "preload_v": false, "alias_scratch": false, "async_drains": true, "num_regs": 225, "local_size_bytes": 0, "static_shared_bytes": 0, "total_shared_bytes": 76288, "kernel_max_threads": 128, "device_max_optin_shared": 101376, "device_max_threads": 1024, "supported": true, "unsupported_reason": "", "base_config_id": 24, "module": "alias"}
[numeric] small-N correctness tests ...
  cfg20(Q64K128-min1-ALIAS) N17 D192: pass=True nmax=1.419e-03
  cfg20(Q64K128-min1-ALIAS) N17 D256: pass=True nmax=1.358e-03
  cfg20(Q64K128-min1-ALIAS) N100 D192: pass=True nmax=1.326e-03
  cfg20(Q64K128-min1-ALIAS) N100 D256: pass=True nmax=1.091e-03
  cfg20(Q64K128-min1-ALIAS) N257 D192: pass=True nmax=1.230e-03
  cfg20(Q64K128-min1-ALIAS) N257 D256: pass=True nmax=1.872e-03
  cfg20(Q64K128-min1-ALIAS) N1536 D192: pass=True nmax=1.707e-03
  cfg20(Q64K128-min1-ALIAS) N1536 D256: pass=True nmax=1.531e-03
  cfg21(Q64K128-min2-ALIAS) N17 D192: pass=True nmax=1.419e-03
  cfg21(Q64K128-min2-ALIAS) N17 D256: pass=True nmax=1.358e-03
  cfg21(Q64K128-min2-ALIAS) N100 D192: pass=True nmax=1.326e-03
  cfg21(Q64K128-min2-ALIAS) N100 D256: pass=True nmax=1.091e-03
  cfg21(Q64K128-min2-ALIAS) N257 D192: pass=True nmax=1.230e-03
  cfg21(Q64K128-min2-ALIAS) N257 D256: pass=True nmax=1.872e-03
  cfg21(Q64K128-min2-ALIAS) N1536 D192: pass=True nmax=1.707e-03
  cfg21(Q64K128-min2-ALIAS) N1536 D256: pass=True nmax=1.531e-03
  cfg22(Q32K128-min1-ALIAS) N17 D192: pass=True nmax=1.419e-03
  cfg22(Q32K128-min1-ALIAS) N17 D256: pass=True nmax=1.358e-03
  cfg22(Q32K128-min1-ALIAS) N100 D192: pass=True nmax=1.326e-03
  cfg22(Q32K128-min1-ALIAS) N100 D256: pass=True nmax=1.091e-03
  cfg22(Q32K128-min1-ALIAS) N257 D192: pass=True nmax=1.230e-03
  cfg22(Q32K128-min1-ALIAS) N257 D256: pass=True nmax=1.872e-03
  cfg22(Q32K128-min1-ALIAS) N1536 D192: pass=True nmax=1.707e-03
  cfg22(Q32K128-min1-ALIAS) N1536 D256: pass=True nmax=1.531e-03
  cfg24(Q32K128-min1-DRAIN) N17 D192: pass=True nmax=1.419e-03
  cfg24(Q32K128-min1-DRAIN) N17 D256: pass=True nmax=1.358e-03
  cfg24(Q32K128-min1-DRAIN) N100 D192: pass=True nmax=1.326e-03
  cfg24(Q32K128-min1-DRAIN) N100 D256: pass=True nmax=1.091e-03
  cfg24(Q32K128-min1-DRAIN) N257 D192: pass=True nmax=1.230e-03
  cfg24(Q32K128-min1-DRAIN) N257 D256: pass=True nmax=1.872e-03
  cfg24(Q32K128-min1-DRAIN) N1536 D192: pass=True nmax=1.707e-03
  cfg24(Q32K128-min1-DRAIN) N1536 D256: pass=True nmax=1.531e-03
[numeric] done.
[driver] final JSON: results/alias-numeric.json
[driver] tested_valid=32 failures=0
