[driver] building extension (mode=sweep, k192=False) ...
[driver] config info:
    1 Q32K128-min3 {"id": 1, "smem_bytes": 76288, "num_threads": 128, "num_warps": 4, "queries_per_block": 32, "keys_per_block": 128, "max_k": 256, "min_blocks_hint": 3, "installed_min_blocks": 3, "single_value_iteration": false, "keep_output_in_rf": false, "num_regs": 168, "local_size_bytes": 96, "static_shared_bytes": 0, "total_shared_bytes": 76288, "kernel_max_threads": 128, "device_max_optin_shared": 101376, "device_max_threads": 1024, "supported": true, "unsupported_reason": ""}
    2 Q32K64-min6 {"id": 2, "smem_bytes": 37632, "num_threads": 64, "num_warps": 2, "queries_per_block": 32, "keys_per_block": 64, "max_k": 256, "min_blocks_hint": 6, "installed_min_blocks": 6, "single_value_iteration": false, "keep_output_in_rf": false, "num_regs": 168, "local_size_bytes": 104, "static_shared_bytes": 0, "total_shared_bytes": 37632, "kernel_max_threads": 64, "device_max_optin_shared": 101376, "device_max_threads": 1024, "supported": true, "unsupported_reason": ""}
    3 Q64K64-min3 {"id": 3, "smem_bytes": 50688, "num_threads": 128, "num_warps": 4, "queries_per_block": 64, "keys_per_block": 64, "max_k": 256, "min_blocks_hint": 3, "installed_min_blocks": 3, "single_value_iteration": false, "keep_output_in_rf": false, "num_regs": 168, "local_size_bytes": 120, "static_shared_bytes": 0, "total_shared_bytes": 50688, "kernel_max_threads": 128, "device_max_optin_shared": 101376, "device_max_threads": 1024, "supported": true, "unsupported_reason": ""}
    4 Q32K128-min1 {"id": 4, "smem_bytes": 76288, "num_threads": 128, "num_warps": 4, "queries_per_block": 32, "keys_per_block": 128, "max_k": 256, "min_blocks_hint": 1, "installed_min_blocks": 3, "single_value_iteration": false, "keep_output_in_rf": false, "num_regs": 225, "local_size_bytes": 0, "static_shared_bytes": 0, "total_shared_bytes": 76288, "kernel_max_threads": 128, "device_max_optin_shared": 101376, "device_max_threads": 1024, "supported": true, "unsupported_reason": ""}
    5 Q64K64-min1 {"id": 5, "smem_bytes": 50688, "num_threads": 128, "num_warps": 4, "queries_per_block": 64, "keys_per_block": 64, "max_k": 256, "min_blocks_hint": 1, "installed_min_blocks": 3, "single_value_iteration": false, "keep_output_in_rf": false, "num_regs": 230, "local_size_bytes": 0, "static_shared_bytes": 0, "total_shared_bytes": 50688, "kernel_max_threads": 128, "device_max_optin_shared": 101376, "device_max_threads": 1024, "supported": true, "unsupported_reason": ""}
    6 Q64K64-min2 {"id": 6, "smem_bytes": 50688, "num_threads": 128, "num_warps": 4, "queries_per_block": 64, "keys_per_block": 64, "max_k": 256, "min_blocks_hint": 2, "installed_min_blocks": 3, "single_value_iteration": false, "keep_output_in_rf": false, "num_regs": 230, "local_size_bytes": 0, "static_shared_bytes": 0, "total_shared_bytes": 50688, "kernel_max_threads": 128, "device_max_optin_shared": 101376, "device_max_threads": 1024, "supported": true, "unsupported_reason": ""}
    7 Q32K64-min1 {"id": 7, "smem_bytes": 37632, "num_threads": 64, "num_warps": 2, "queries_per_block": 32, "keys_per_block": 64, "max_k": 256, "min_blocks_hint": 1, "installed_min_blocks": 6, "single_value_iteration": false, "keep_output_in_rf": false, "num_regs": 234, "local_size_bytes": 0, "static_shared_bytes": 0, "total_shared_bytes": 37632, "kernel_max_threads": 64, "device_max_optin_shared": 101376, "device_max_threads": 1024, "supported": true, "unsupported_reason": ""}
    12 Q128K64-min1 {"id": 12, "smem_bytes": 76800, "num_threads": 256, "num_warps": 8, "queries_per_block": 128, "keys_per_block": 64, "max_k": 256, "min_blocks_hint": 1, "installed_min_blocks": 1, "single_value_iteration": false, "keep_output_in_rf": false, "num_regs": 225, "local_size_bytes": 0, "static_shared_bytes": 0, "total_shared_bytes": 76800, "kernel_max_threads": 256, "device_max_optin_shared": 101376, "device_max_threads": 1024, "supported": true, "unsupported_reason": ""}
    13 Q128K64-min2 {"id": 13, "smem_bytes": 76800, "num_threads": 256, "num_warps": 8, "queries_per_block": 128, "keys_per_block": 64, "max_k": 256, "min_blocks_hint": 2, "installed_min_blocks": 1, "single_value_iteration": false, "keep_output_in_rf": false, "num_regs": 128, "local_size_bytes": 280, "static_shared_bytes": 0, "total_shared_bytes": 76800, "kernel_max_threads": 256, "device_max_optin_shared": 101376, "device_max_threads": 1024, "supported": true, "unsupported_reason": ""}
[sweep] target sweep ...
  cfg1(Q32K128-min3) N1024 D192: pass=True graph_pass=True evt=0.4314ms wall=0.4387ms graph=0.4344ms
  cfg1(Q32K128-min3) N1024 D256: pass=True graph_pass=True evt=0.4939ms wall=0.5003ms graph=0.4926ms
  cfg1(Q32K128-min3) N2048 D192: pass=True graph_pass=True evt=1.5502ms wall=1.5446ms graph=1.5499ms
  cfg1(Q32K128-min3) N2048 D256: pass=True graph_pass=True evt=1.7549ms wall=1.7625ms graph=1.7539ms
  cfg2(Q32K64-min6) N1024 D192: pass=True graph_pass=True evt=0.5009ms wall=0.5001ms graph=0.5122ms
  cfg2(Q32K64-min6) N1024 D256: pass=True graph_pass=True evt=0.6708ms wall=0.6863ms graph=0.6628ms
  cfg2(Q32K64-min6) N2048 D192: pass=True graph_pass=True evt=1.6787ms wall=1.6747ms graph=1.6760ms
  cfg2(Q32K64-min6) N2048 D256: pass=True graph_pass=True evt=2.1920ms wall=2.1528ms graph=2.1715ms
  cfg3(Q64K64-min3) N1024 D192: pass=True graph_pass=True evt=0.4587ms wall=0.4648ms graph=0.4709ms
  cfg3(Q64K64-min3) N1024 D256: pass=True graph_pass=True evt=0.6293ms wall=0.6361ms graph=0.6368ms
  cfg3(Q64K64-min3) N2048 D192: pass=True graph_pass=True evt=1.5243ms wall=1.5289ms graph=1.5309ms
  cfg3(Q64K64-min3) N2048 D256: pass=True graph_pass=True evt=2.0518ms wall=2.0534ms graph=2.0515ms
  cfg4(Q32K128-min1) N1024 D192: pass=True graph_pass=True evt=0.3985ms wall=0.4067ms graph=0.4028ms
  cfg4(Q32K128-min1) N1024 D256: pass=True graph_pass=True evt=0.4499ms wall=0.4646ms graph=0.4524ms
  cfg4(Q32K128-min1) N2048 D192: pass=True graph_pass=True evt=1.4177ms wall=1.4247ms graph=1.4158ms
  cfg4(Q32K128-min1) N2048 D256: pass=True graph_pass=True evt=1.5860ms wall=1.6149ms graph=1.6119ms
  cfg5(Q64K64-min1) N1024 D192: pass=True graph_pass=True evt=0.4179ms wall=0.4252ms graph=0.4270ms
  cfg5(Q64K64-min1) N1024 D256: pass=True graph_pass=True evt=0.5632ms wall=0.5694ms graph=0.5635ms
  cfg5(Q64K64-min1) N2048 D192: pass=True graph_pass=True evt=1.3801ms wall=1.3980ms graph=1.3898ms
  cfg5(Q64K64-min1) N2048 D256: pass=True graph_pass=True evt=1.8151ms wall=1.8178ms graph=1.8125ms
  cfg6(Q64K64-min2) N1024 D192: pass=True graph_pass=True evt=0.4191ms wall=0.4259ms graph=0.4285ms
  cfg6(Q64K64-min2) N1024 D256: pass=True graph_pass=True evt=0.5633ms wall=0.5701ms graph=0.5636ms
  cfg6(Q64K64-min2) N2048 D192: pass=True graph_pass=True evt=1.3841ms wall=1.3901ms graph=1.3946ms
  cfg6(Q64K64-min2) N2048 D256: pass=True graph_pass=True evt=1.8124ms wall=1.8185ms graph=1.8285ms
  cfg7(Q32K64-min1) N1024 D192: pass=True graph_pass=True evt=0.4661ms wall=0.4614ms graph=0.4674ms
  cfg7(Q32K64-min1) N1024 D256: pass=True graph_pass=True evt=0.5967ms wall=0.6002ms graph=0.6071ms
  cfg7(Q32K64-min1) N2048 D192: pass=True graph_pass=True evt=1.5182ms wall=1.5162ms graph=1.5066ms
  cfg7(Q32K64-min1) N2048 D256: pass=True graph_pass=True evt=1.9831ms wall=1.9231ms graph=1.9689ms
  cfg12(Q128K64-min1) N1024 D192: pass=True graph_pass=True evt=0.5077ms wall=0.5184ms graph=0.5145ms
  cfg12(Q128K64-min1) N1024 D256: pass=True graph_pass=True evt=0.6766ms wall=0.6832ms graph=0.6820ms
  cfg12(Q128K64-min1) N2048 D192: pass=True graph_pass=True evt=1.5233ms wall=1.5247ms graph=1.5184ms
  cfg12(Q128K64-min1) N2048 D256: pass=True graph_pass=True evt=1.9980ms wall=2.0054ms graph=1.9973ms
  cfg13(Q128K64-min2) N1024 D192: pass=True graph_pass=True evt=0.6573ms wall=0.6635ms graph=0.6648ms
  cfg13(Q128K64-min2) N1024 D256: pass=True graph_pass=True evt=0.8655ms wall=0.8738ms graph=0.8748ms
  cfg13(Q128K64-min2) N2048 D192: pass=True graph_pass=True evt=1.9846ms wall=1.9660ms graph=1.9577ms
  cfg13(Q128K64-min2) N2048 D256: pass=True graph_pass=True evt=2.5661ms wall=2.5694ms graph=2.5704ms
[sweep] done.
[driver] final JSON: results/iter2-sweep.json
[driver] tested_valid=36 failures=0
