========= COMPUTE-SANITIZER
config_info {'id': 4, 'smem_bytes': 76288, 'num_threads': 128, 'num_warps': 4, 'queries_per_block': 32, 'keys_per_block': 128, 'max_k': 256, 'min_blocks_hint': 1, 'installed_min_blocks': 3, 'single_value_iteration': False, 'keep_output_in_rf': False, 'num_regs': 225, 'local_size_bytes': 0, 'static_shared_bytes': 0, 'total_shared_bytes': 76288, 'kernel_max_threads': 128, 'device_max_optin_shared': 101376, 'device_max_threads': 1024, 'supported': True, 'unsupported_reason': ''}
validate {'ok': True, 'detail': 'ok'}
========= Warning: Race reported between Write access at cutlass::arch::cp_async_zfill<(int)16, (cutlass::arch::CacheOperation::Kind)1>::cp_async_zfill(void *, const void *, bool)+0xac60 in memory_sm80.h:378
=========     and Write access at cutlass::arch::cp_async_zfill<(int)16, (cutlass::arch::CacheOperation::Kind)1>::cp_async_zfill(void *, const void *, bool)+0x9820 in memory_sm80.h:378 [16384 hazards]
=========     and Write access at cutlass::arch::cp_async_zfill<(int)16, (cutlass::arch::CacheOperation::Kind)1>::cp_async_zfill(void *, const void *, bool)+0x9a30 in memory_sm80.h:378 [16384 hazards]
========= 
========= Warning: Race reported between Write access at cutlass::arch::cp_async_zfill<(int)16, (cutlass::arch::CacheOperation::Kind)1>::cp_async_zfill(void *, const void *, bool)+0xacd0 in memory_sm80.h:378
=========     and Write access at cutlass::arch::cp_async_zfill<(int)16, (cutlass::arch::CacheOperation::Kind)1>::cp_async_zfill(void *, const void *, bool)+0x9850 in memory_sm80.h:378 [16384 hazards]
=========     and Write access at cutlass::arch::cp_async_zfill<(int)16, (cutlass::arch::CacheOperation::Kind)1>::cp_async_zfill(void *, const void *, bool)+0x9a60 in memory_sm80.h:378 [16384 hazards]
========= 
========= Warning: Race reported between Write access at cutlass::arch::cp_async_zfill<(int)16, (cutlass::arch::CacheOperation::Kind)1>::cp_async_zfill(void *, const void *, bool)+0xb410 in memory_sm80.h:378
=========     and Write access at cutlass::arch::cp_async_zfill<(int)16, (cutlass::arch::CacheOperation::Kind)1>::cp_async_zfill(void *, const void *, bool)+0x98b0 in memory_sm80.h:378 [16384 hazards]
=========     and Write access at cutlass::arch::cp_async_zfill<(int)16, (cutlass::arch::CacheOperation::Kind)1>::cp_async_zfill(void *, const void *, bool)+0x9a70 in memory_sm80.h:378 [16384 hazards]
========= 
========= Warning: Race reported between Write access at cutlass::arch::cp_async_zfill<(int)16, (cutlass::arch::CacheOperation::Kind)1>::cp_async_zfill(void *, const void *, bool)+0xb460 in memory_sm80.h:378
=========     and Write access at cutlass::arch::cp_async_zfill<(int)16, (cutlass::arch::CacheOperation::Kind)1>::cp_async_zfill(void *, const void *, bool)+0x98f0 in memory_sm80.h:378 [16384 hazards]
=========     and Write access at cutlass::arch::cp_async_zfill<(int)16, (cutlass::arch::CacheOperation::Kind)1>::cp_async_zfill(void *, const void *, bool)+0x9a80 in memory_sm80.h:378 [16384 hazards]
========= 
========= Warning: Race reported between Write access at cutlass::arch::cp_async_zfill<(int)16, (cutlass::arch::CacheOperation::Kind)1>::cp_async_zfill(void *, const void *, bool)+0xbbf0 in memory_sm80.h:378
=========     and Write access at cutlass::arch::cp_async_zfill<(int)16, (cutlass::arch::CacheOperation::Kind)1>::cp_async_zfill(void *, const void *, bool)+0x9930 in memory_sm80.h:378 [16384 hazards]
=========     and Write access at cutlass::arch::cp_async_zfill<(int)16, (cutlass::arch::CacheOperation::Kind)1>::cp_async_zfill(void *, const void *, bool)+0x9a90 in memory_sm80.h:378 [16384 hazards]
========= 
========= Warning: Race reported between Write access at cutlass::arch::cp_async_zfill<(int)16, (cutlass::arch::CacheOperation::Kind)1>::cp_async_zfill(void *, const void *, bool)+0xbc20 in memory_sm80.h:378
=========     and Write access at cutlass::arch::cp_async_zfill<(int)16, (cutlass::arch::CacheOperation::Kind)1>::cp_async_zfill(void *, const void *, bool)+0x9960 in memory_sm80.h:378 [16384 hazards]
=========     and Write access at cutlass::arch::cp_async_zfill<(int)16, (cutlass::arch::CacheOperation::Kind)1>::cp_async_zfill(void *, const void *, bool)+0x9aa0 in memory_sm80.h:378 [16384 hazards]
========= 
========= Warning: Race reported between Write access at cutlass::arch::cp_async_zfill<(int)16, (cutlass::arch::CacheOperation::Kind)1>::cp_async_zfill(void *, const void *, bool)+0xbc40 in memory_sm80.h:378
=========     and Write access at cutlass::arch::cp_async_zfill<(int)16, (cutlass::arch::CacheOperation::Kind)1>::cp_async_zfill(void *, const void *, bool)+0x9990 in memory_sm80.h:378 [16384 hazards]
=========     and Write access at cutlass::arch::cp_async_zfill<(int)16, (cutlass::arch::CacheOperation::Kind)1>::cp_async_zfill(void *, const void *, bool)+0x9ab0 in memory_sm80.h:378 [16384 hazards]
========= 
========= Warning: Race reported between Write access at cutlass::arch::cp_async_zfill<(int)16, (cutlass::arch::CacheOperation::Kind)1>::cp_async_zfill(void *, const void *, bool)+0xbc80 in memory_sm80.h:378
=========     and Write access at cutlass::arch::cp_async_zfill<(int)16, (cutlass::arch::CacheOperation::Kind)1>::cp_async_zfill(void *, const void *, bool)+0x99d0 in memory_sm80.h:378 [16384 hazards]
=========     and Write access at cutlass::arch::cp_async_zfill<(int)16, (cutlass::arch::CacheOperation::Kind)1>::cp_async_zfill(void *, const void *, bool)+0x9ac0 in memory_sm80.h:378 [16384 hazards]
========= 
comparison {'finite_out': True, 'finite_ref': True, 'max_abs_error': 3.225185939426112e-07, 'normalized_max_error': 0.0013257248613598423, 'rms_error': 2.516644673004445e-08, 'within_tolerance': True}
OK
========= RACECHECK SUMMARY: 8 hazards displayed (0 errors, 8 warnings)
