[driver] building runtime (mode=numeric, k192=False) ...
[driver] modules: {'normal': '/home/cake/.cache/veritac-attention-run/cuda_candidate/build/veritac_attn_candidate.so', 'reverse': '/home/cake/.cache/veritac-attention-run/cuda_candidate/build/veritac_attn_candidate_rev.so', 'alias': '/home/cake/.cache/veritac-attention-run/cuda_candidate/build/veritac_attn_candidate_alias.so', 'revderiv': '/home/cake/.cache/veritac-attention-run/cuda_candidate/build/veritac_attn_candidate_revderiv.so'}
[driver] config info (effective ids):
    25 Q32K128-min1-REVDRAIN {"id": 25, "smem_bytes": 76288, "num_threads": 128, "num_warps": 4, "queries_per_block": 32, "keys_per_block": 128, "max_k": 256, "min_blocks_hint": 1, "installed_min_blocks": 3, "single_value_iteration": false, "keep_output_in_rf": false, "preload_v": false, "alias_scratch": false, "async_drains": true, "reversed": true, "num_regs": 225, "local_size_bytes": 0, "static_shared_bytes": 0, "total_shared_bytes": 76288, "kernel_max_threads": 128, "device_max_optin_shared": 101376, "device_max_threads": 1024, "supported": true, "unsupported_reason": "", "base_config_id": 25, "module": "revderiv"}
    26 Q64K128-min1-REVALIAS {"id": 26, "smem_bytes": 86016, "num_threads": 256, "num_warps": 8, "queries_per_block": 64, "keys_per_block": 128, "max_k": 256, "min_blocks_hint": 1, "installed_min_blocks": 1, "single_value_iteration": false, "keep_output_in_rf": false, "preload_v": false, "alias_scratch": true, "async_drains": true, "reversed": true, "num_regs": 221, "local_size_bytes": 0, "static_shared_bytes": 0, "total_shared_bytes": 86016, "kernel_max_threads": 256, "device_max_optin_shared": 101376, "device_max_threads": 1024, "supported": true, "unsupported_reason": "", "base_config_id": 26, "module": "revderiv"}
[numeric] small-N correctness tests ...
  cfg25(Q32K128-min1-REVDRAIN) N17 D192: pass=True nmax=1.419e-03
  cfg25(Q32K128-min1-REVDRAIN) N17 D256: pass=True nmax=1.358e-03
  cfg25(Q32K128-min1-REVDRAIN) N100 D192: pass=True nmax=1.326e-03
  cfg25(Q32K128-min1-REVDRAIN) N100 D256: pass=True nmax=1.091e-03
  cfg25(Q32K128-min1-REVDRAIN) N257 D192: pass=True nmax=1.230e-03
  cfg25(Q32K128-min1-REVDRAIN) N257 D256: pass=True nmax=1.872e-03
  cfg25(Q32K128-min1-REVDRAIN) N1536 D192: pass=True nmax=1.707e-03
  cfg25(Q32K128-min1-REVDRAIN) N1536 D256: pass=True nmax=1.531e-03
  cfg26(Q64K128-min1-REVALIAS) N17 D192: pass=True nmax=1.419e-03
  cfg26(Q64K128-min1-REVALIAS) N17 D256: pass=True nmax=1.358e-03
  cfg26(Q64K128-min1-REVALIAS) N100 D192: pass=True nmax=1.326e-03
  cfg26(Q64K128-min1-REVALIAS) N100 D256: pass=True nmax=1.091e-03
  cfg26(Q64K128-min1-REVALIAS) N257 D192: pass=True nmax=1.230e-03
  cfg26(Q64K128-min1-REVALIAS) N257 D256: pass=True nmax=1.872e-03
  cfg26(Q64K128-min1-REVALIAS) N1536 D192: pass=True nmax=1.707e-03
  cfg26(Q64K128-min1-REVALIAS) N1536 D256: pass=True nmax=1.531e-03
[numeric] done.
[driver] final JSON: results/revderiv-numeric.json
[driver] tested_valid=16 failures=0
