========= COMPUTE-SANITIZER
config_info {'id': 4, 'smem_bytes': 76288, 'num_threads': 128, 'num_warps': 4, 'queries_per_block': 32, 'keys_per_block': 128, 'max_k': 256, 'min_blocks_hint': 1, 'installed_min_blocks': 3, 'single_value_iteration': False, 'keep_output_in_rf': False, 'num_regs': 225, 'local_size_bytes': 0, 'static_shared_bytes': 0, 'total_shared_bytes': 76288, 'kernel_max_threads': 128, 'device_max_optin_shared': 101376, 'device_max_threads': 1024, 'supported': True, 'unsupported_reason': ''}
validate {'ok': True, 'detail': 'ok'}
========= Warning: Race reported between Write access at void veritac_cuda::veritac_attn_kernel<PyTorchMemEffAttention::AttentionKernel<float, cutlass::arch::Sm80, (bool)1, (int)32, (int)128, (int)256, (bool)0, (bool)0>, (int)1>(T1::Params)+0xac60
=========     and Write access at void veritac_cuda::veritac_attn_kernel<PyTorchMemEffAttention::AttentionKernel<float, cutlass::arch::Sm80, (bool)1, (int)32, (int)128, (int)256, (bool)0, (bool)0>, (int)1>(T1::Params)+0x9820 [16384 hazards]
=========     and Write access at void veritac_cuda::veritac_attn_kernel<PyTorchMemEffAttention::AttentionKernel<float, cutlass::arch::Sm80, (bool)1, (int)32, (int)128, (int)256, (bool)0, (bool)0>, (int)1>(T1::Params)+0x9a30 [16384 hazards]
========= 
========= Warning: Race reported between Write access at void veritac_cuda::veritac_attn_kernel<PyTorchMemEffAttention::AttentionKernel<float, cutlass::arch::Sm80, (bool)1, (int)32, (int)128, (int)256, (bool)0, (bool)0>, (int)1>(T1::Params)+0xacd0
=========     and Write access at void veritac_cuda::veritac_attn_kernel<PyTorchMemEffAttention::AttentionKernel<float, cutlass::arch::Sm80, (bool)1, (int)32, (int)128, (int)256, (bool)0, (bool)0>, (int)1>(T1::Params)+0x9850 [16384 hazards]
=========     and Write access at void veritac_cuda::veritac_attn_kernel<PyTorchMemEffAttention::AttentionKernel<float, cutlass::arch::Sm80, (bool)1, (int)32, (int)128, (int)256, (bool)0, (bool)0>, (int)1>(T1::Params)+0x9a60 [16384 hazards]
========= 
========= Warning: Race reported between Write access at void veritac_cuda::veritac_attn_kernel<PyTorchMemEffAttention::AttentionKernel<float, cutlass::arch::Sm80, (bool)1, (int)32, (int)128, (int)256, (bool)0, (bool)0>, (int)1>(T1::Params)+0xb410
=========     and Write access at void veritac_cuda::veritac_attn_kernel<PyTorchMemEffAttention::AttentionKernel<float, cutlass::arch::Sm80, (bool)1, (int)32, (int)128, (int)256, (bool)0, (bool)0>, (int)1>(T1::Params)+0x98b0 [16384 hazards]
=========     and Write access at void veritac_cuda::veritac_attn_kernel<PyTorchMemEffAttention::AttentionKernel<float, cutlass::arch::Sm80, (bool)1, (int)32, (int)128, (int)256, (bool)0, (bool)0>, (int)1>(T1::Params)+0x9a70 [16384 hazards]
========= 
========= Warning: Race reported between Write access at void veritac_cuda::veritac_attn_kernel<PyTorchMemEffAttention::AttentionKernel<float, cutlass::arch::Sm80, (bool)1, (int)32, (int)128, (int)256, (bool)0, (bool)0>, (int)1>(T1::Params)+0xb460
=========     and Write access at void veritac_cuda::veritac_attn_kernel<PyTorchMemEffAttention::AttentionKernel<float, cutlass::arch::Sm80, (bool)1, (int)32, (int)128, (int)256, (bool)0, (bool)0>, (int)1>(T1::Params)+0x98f0 [16384 hazards]
=========     and Write access at void veritac_cuda::veritac_attn_kernel<PyTorchMemEffAttention::AttentionKernel<float, cutlass::arch::Sm80, (bool)1, (int)32, (int)128, (int)256, (bool)0, (bool)0>, (int)1>(T1::Params)+0x9a80 [16384 hazards]
========= 
========= Warning: Race reported between Write access at void veritac_cuda::veritac_attn_kernel<PyTorchMemEffAttention::AttentionKernel<float, cutlass::arch::Sm80, (bool)1, (int)32, (int)128, (int)256, (bool)0, (bool)0>, (int)1>(T1::Params)+0xbbf0
=========     and Write access at void veritac_cuda::veritac_attn_kernel<PyTorchMemEffAttention::AttentionKernel<float, cutlass::arch::Sm80, (bool)1, (int)32, (int)128, (int)256, (bool)0, (bool)0>, (int)1>(T1::Params)+0x9930 [16384 hazards]
=========     and Write access at void veritac_cuda::veritac_attn_kernel<PyTorchMemEffAttention::AttentionKernel<float, cutlass::arch::Sm80, (bool)1, (int)32, (int)128, (int)256, (bool)0, (bool)0>, (int)1>(T1::Params)+0x9a90 [16384 hazards]
========= 
========= Warning: Race reported between Write access at void veritac_cuda::veritac_attn_kernel<PyTorchMemEffAttention::AttentionKernel<float, cutlass::arch::Sm80, (bool)1, (int)32, (int)128, (int)256, (bool)0, (bool)0>, (int)1>(T1::Params)+0xbc20
=========     and Write access at void veritac_cuda::veritac_attn_kernel<PyTorchMemEffAttention::AttentionKernel<float, cutlass::arch::Sm80, (bool)1, (int)32, (int)128, (int)256, (bool)0, (bool)0>, (int)1>(T1::Params)+0x9960 [16384 hazards]
=========     and Write access at void veritac_cuda::veritac_attn_kernel<PyTorchMemEffAttention::AttentionKernel<float, cutlass::arch::Sm80, (bool)1, (int)32, (int)128, (int)256, (bool)0, (bool)0>, (int)1>(T1::Params)+0x9aa0 [16384 hazards]
========= 
========= Warning: Race reported between Write access at void veritac_cuda::veritac_attn_kernel<PyTorchMemEffAttention::AttentionKernel<float, cutlass::arch::Sm80, (bool)1, (int)32, (int)128, (int)256, (bool)0, (bool)0>, (int)1>(T1::Params)+0xbc40
=========     and Write access at void veritac_cuda::veritac_attn_kernel<PyTorchMemEffAttention::AttentionKernel<float, cutlass::arch::Sm80, (bool)1, (int)32, (int)128, (int)256, (bool)0, (bool)0>, (int)1>(T1::Params)+0x9990 [16384 hazards]
=========     and Write access at void veritac_cuda::veritac_attn_kernel<PyTorchMemEffAttention::AttentionKernel<float, cutlass::arch::Sm80, (bool)1, (int)32, (int)128, (int)256, (bool)0, (bool)0>, (int)1>(T1::Params)+0x9ab0 [16384 hazards]
========= 
========= Warning: Race reported between Write access at void veritac_cuda::veritac_attn_kernel<PyTorchMemEffAttention::AttentionKernel<float, cutlass::arch::Sm80, (bool)1, (int)32, (int)128, (int)256, (bool)0, (bool)0>, (int)1>(T1::Params)+0xbc80
=========     and Write access at void veritac_cuda::veritac_attn_kernel<PyTorchMemEffAttention::AttentionKernel<float, cutlass::arch::Sm80, (bool)1, (int)32, (int)128, (int)256, (bool)0, (bool)0>, (int)1>(T1::Params)+0x99d0 [16384 hazards]
=========     and Write access at void veritac_cuda::veritac_attn_kernel<PyTorchMemEffAttention::AttentionKernel<float, cutlass::arch::Sm80, (bool)1, (int)32, (int)128, (int)256, (bool)0, (bool)0>, (int)1>(T1::Params)+0x9ac0 [16384 hazards]
========= 
comparison {'finite_out': True, 'finite_ref': True, 'max_abs_error': 3.225185939426112e-07, 'normalized_max_error': 0.0013257248613598423, 'rms_error': 2.516644673004445e-08, 'within_tolerance': True}
OK
========= RACECHECK SUMMARY: 8 hazards displayed (0 errors, 8 warnings)
