2026-09-18 10:27:03.123 | info     |           Metal | Disabling multi-erisc mode with simulator/emule target device (rtoptions.cpp:392)
2026-09-18 10:27:03.124 | info     |          Device | Opening user mode device driver (tt_cluster.cpp:223)
2026-09-18 10:27:03.124 | info     |             UMD | Cluster constructor started. (cluster.cpp:408)
2026-09-18 10:27:03.124 | warning  |             UMD | Chip 0 has inconsistent ETH harvesting information between harvest mask and number of harvested. Board unknown expects 0 units, but harvesting mask indicates 2 units. (cluster_descriptor.cpp:1353)
2026-09-18 10:27:03.125 | info     |             UMD | Creating Simulation device (cluster.cpp:285)
2026-09-18 10:27:03.128 | info     | EmulationDriver | TTSimTTDevice chip_id=0 PCI vendor_id=0x1e52 device_id=0xb140 (tt_sim_tt_device.cpp:130)
2026-09-18 10:27:03.128 | info     |             UMD | Cluster constructor completed. (cluster.cpp:683)
2026-09-18 10:27:03.128 | info     |             UMD | Starting devices in cluster (cluster.cpp:1292)
2026-09-18 10:27:03.128 | info     |             UMD | Starting devices in cluster completed. (cluster.cpp:1300)
2026-09-18 10:27:03.150 | info     |     Distributed | Using auto discovery to generate mesh graph. (metal_env.cpp:422)
2026-09-18 10:27:03.150 | info     |     Distributed | Constructing control plane using auto-discovery (no mesh graph descriptor). (metal_env.cpp:484)
2026-09-18 10:27:03.150 | info     |          Fabric | Logical multi-mesh adjacency: intermesh degree histogram {0:1}; intra-mesh degree histograms mesh0 {0:1} (topology_mapper_utils.cpp:3186)
2026-09-18 10:27:03.150 | info     |          Fabric | Physical multi-mesh adjacency: intermesh degree histogram {0:1}; intra-mesh degree histograms mesh0 {0:1} (topology_mapper_utils.cpp:3194)
INPUT_CHECKSUM 51d88627df287325
EXPECTED_OUTPUT_CHECKSUM 51d88627df287325
OUTPUT_CHECKSUM 51d88627df287325
PAGES 2 input_pages=2 output_pages=2 slots=2 page_bytes=512
VERIFY OK 2
2026-09-18 10:27:03.198 | info     |    BuildKernels | JIT cache stats: 9/9 hits (100.0%) [9 cached, 0 build-once dedup, 0 merged artifacts, 0 merged genfiles] (build_cache_telemetry.cpp:258)
2026-09-18 10:27:03.198 | info     |    BuildKernels | JIT telemetry: 26 registered TelemetryTokens (build_cache_telemetry.cpp:325)
2026-09-18 10:27:03.200 | info     |          Device | Closing user mode device drivers (tt_cluster.cpp:519)
2026-09-18 10:27:03.200 | info     |             UMD | Closing devices in cluster (cluster.cpp:1305)
2026-09-18 10:27:03.200 | info     |             UMD | Closing devices in cluster completed. (cluster.cpp:1314)
2026-09-18 10:27:03.200 | info     |             UMD | Cluster destructor started. (cluster.cpp:1020)
2026-09-18 10:27:03.200 | info     |             UMD | Cluster destructor completed. (cluster.cpp:1023)
2026-09-18 10:27:03.200 | info     | EmulationDriver | Sending exit signal to remote... (tt_sim_communicator.cpp:295)
[7160] 0.1 seconds (86.7 KHz)
