Gemmini extension configured with:
    dim = 16
GEMMINI: flush
GEMMINI: config_ex - set dataflow mode from 0 to 1
GEMMINI: config_ex - set activation function from 0 to 0
GEMMINI: config_ex - set sys_shift from 0 to 0
GEMMINI: config_mvout - set store stride from 0 to 64
GEMMINI: config_mvout - no pooling
GEMMINI: config_mvin - set load stride from 0 to 16
GEMMINI: config_mvin - set load scale from 216361656939824 to 216361656939824
GEMMINI: config_mvin - set load stride from 0 to 16
GEMMINI: config_mvin - set load scale from 216361656939828 to 216361656939826
GEMMINI: mvin - 0x10 cols and 0x10 rows from 0x10000000 to addr 0x00000000
0 0 0 0 0 0 0 0 0 0 0 0 0 0 0 0 
0 0 0 0 0 0 0 0 0 0 0 0 0 0 0 0 
0 0 0 0 0 0 0 0 0 0 0 0 0 0 0 0 
0 0 0 0 0 0 0 0 0 0 0 0 0 0 0 0 
0 0 0 0 0 0 0 0 0 0 0 0 0 0 0 0 
0 0 0 0 0 0 0 0 0 0 0 0 0 0 0 0 
0 0 0 0 0 0 0 0 0 0 0 0 0 0 0 0 
0 0 0 0 0 0 0 0 0 0 0 0 0 0 0 0 
0 0 0 0 0 0 0 0 0 0 0 0 0 0 0 0 
0 0 0 0 0 0 0 0 0 0 0 0 0 0 0 0 
0 0 0 0 0 0 0 0 0 0 0 0 0 0 0 0 
0 0 0 0 0 0 0 0 0 0 0 0 0 0 0 0 
0 0 0 0 0 0 0 0 0 0 0 0 0 0 0 0 
0 0 0 0 0 0 0 0 0 0 0 0 0 0 0 0 
0 0 0 0 0 0 0 0 0 0 0 0 0 0 0 0 
0 0 0 0 0 0 0 0 0 0 0 0 0 0 0 0 
GEMMINI: mvin - 0x10 cols and 0x10 rows from 0x20000000 to addr 0x00000010
0 0 0 0 0 0 0 0 0 0 0 0 0 0 0 0 
0 0 0 0 0 0 0 0 0 0 0 0 0 0 0 0 
0 0 0 0 0 0 0 0 0 0 0 0 0 0 0 0 
0 0 0 0 0 0 0 0 0 0 0 0 0 0 0 0 
0 0 0 0 0 0 0 0 0 0 0 0 0 0 0 0 
0 0 0 0 0 0 0 0 0 0 0 0 0 0 0 0 
0 0 0 0 0 0 0 0 0 0 0 0 0 0 0 0 
0 0 0 0 0 0 0 0 0 0 0 0 0 0 0 0 
0 0 0 0 0 0 0 0 0 0 0 0 0 0 0 0 
0 0 0 0 0 0 0 0 0 0 0 0 0 0 0 0 
0 0 0 0 0 0 0 0 0 0 0 0 0 0 0 0 
0 0 0 0 0 0 0 0 0 0 0 0 0 0 0 0 
0 0 0 0 0 0 0 0 0 0 0 0 0 0 0 0 
0 0 0 0 0 0 0 0 0 0 0 0 0 0 0 0 
0 0 0 0 0 0 0 0 0 0 0 0 0 0 0 0 
0 0 0 0 0 0 0 0 0 0 0 0 0 0 0 0 
GEMMINI: preload - scratchpad output addr = 0xa0000000, scratchpad preload addr = 0x00000010
GEMMINI: compute - preload = 1, scratchpad A addr = 0x00000000,scratchpad B addr 0xffffffff
GEMMINI: compute - PEs after preloading:
0 0 0 0 0 0 0 0 0 0 0 0 0 0 0 0 
0 0 0 0 0 0 0 0 0 0 0 0 0 0 0 0 
0 0 0 0 0 0 0 0 0 0 0 0 0 0 0 0 
0 0 0 0 0 0 0 0 0 0 0 0 0 0 0 0 
0 0 0 0 0 0 0 0 0 0 0 0 0 0 0 0 
0 0 0 0 0 0 0 0 0 0 0 0 0 0 0 0 
0 0 0 0 0 0 0 0 0 0 0 0 0 0 0 0 
0 0 0 0 0 0 0 0 0 0 0 0 0 0 0 0 
0 0 0 0 0 0 0 0 0 0 0 0 0 0 0 0 
0 0 0 0 0 0 0 0 0 0 0 0 0 0 0 0 
0 0 0 0 0 0 0 0 0 0 0 0 0 0 0 0 
0 0 0 0 0 0 0 0 0 0 0 0 0 0 0 0 
0 0 0 0 0 0 0 0 0 0 0 0 0 0 0 0 
0 0 0 0 0 0 0 0 0 0 0 0 0 0 0 0 
0 0 0 0 0 0 0 0 0 0 0 0 0 0 0 0 
0 0 0 0 0 0 0 0 0 0 0 0 0 0 0 0 
GEMMINI: compute - PEs after matmul:
0 0 0 0 0 0 0 0 0 0 0 0 0 0 0 0 
0 0 0 0 0 0 0 0 0 0 0 0 0 0 0 0 
0 0 0 0 0 0 0 0 0 0 0 0 0 0 0 0 
0 0 0 0 0 0 0 0 0 0 0 0 0 0 0 0 
0 0 0 0 0 0 0 0 0 0 0 0 0 0 0 0 
0 0 0 0 0 0 0 0 0 0 0 0 0 0 0 0 
0 0 0 0 0 0 0 0 0 0 0 0 0 0 0 0 
0 0 0 0 0 0 0 0 0 0 0 0 0 0 0 0 
0 0 0 0 0 0 0 0 0 0 0 0 0 0 0 0 
0 0 0 0 0 0 0 0 0 0 0 0 0 0 0 0 
0 0 0 0 0 0 0 0 0 0 0 0 0 0 0 0 
0 0 0 0 0 0 0 0 0 0 0 0 0 0 0 0 
0 0 0 0 0 0 0 0 0 0 0 0 0 0 0 0 
0 0 0 0 0 0 0 0 0 0 0 0 0 0 0 0 
0 0 0 0 0 0 0 0 0 0 0 0 0 0 0 0 
0 0 0 0 0 0 0 0 0 0 0 0 0 0 0 0 
GEMMINI: compute - writing results to addr 0xa0000000, :
0 0 0 0 0 0 0 0 0 0 0 0 0 0 0 0 
0 0 0 0 0 0 0 0 0 0 0 0 0 0 0 0 
0 0 0 0 0 0 0 0 0 0 0 0 0 0 0 0 
0 0 0 0 0 0 0 0 0 0 0 0 0 0 0 0 
0 0 0 0 0 0 0 0 0 0 0 0 0 0 0 0 
0 0 0 0 0 0 0 0 0 0 0 0 0 0 0 0 
0 0 0 0 0 0 0 0 0 0 0 0 0 0 0 0 
0 0 0 0 0 0 0 0 0 0 0 0 0 0 0 0 
0 0 0 0 0 0 0 0 0 0 0 0 0 0 0 0 
0 0 0 0 0 0 0 0 0 0 0 0 0 0 0 0 
0 0 0 0 0 0 0 0 0 0 0 0 0 0 0 0 
0 0 0 0 0 0 0 0 0 0 0 0 0 0 0 0 
0 0 0 0 0 0 0 0 0 0 0 0 0 0 0 0 
0 0 0 0 0 0 0 0 0 0 0 0 0 0 0 0 
0 0 0 0 0 0 0 0 0 0 0 0 0 0 0 0 
0 0 0 0 0 0 0 0 0 0 0 0 0 0 0 0 
GEMMINI: mvout - 0x10 cols and 0x10 rows from 0x100010e0000000 to addr 0x30000000
0 0 0 0 0 0 0 0 0 0 0 0 0 0 0 0 
0 0 0 0 0 0 0 0 0 0 0 0 0 0 0 0 
0 0 0 0 0 0 0 0 0 0 0 0 0 0 0 0 
0 0 0 0 0 0 0 0 0 0 0 0 0 0 0 0 
0 0 0 0 0 0 0 0 0 0 0 0 0 0 0 0 
0 0 0 0 0 0 0 0 0 0 0 0 0 0 0 0 
0 0 0 0 0 0 0 0 0 0 0 0 0 0 0 0 
0 0 0 0 0 0 0 0 0 0 0 0 0 0 0 0 
0 0 0 0 0 0 0 0 0 0 0 0 0 0 0 0 
0 0 0 0 0 0 0 0 0 0 0 0 0 0 0 0 
0 0 0 0MODE 0 PASS
 0 0 0 0 0 0 0 0 0 0 0 0 
0 0 0 0 0 0 0 0 0 0 0 0 0 0 0 0 
0 0 0 0 0 0 0 0 0 0 0 0 0 0 0 0 
0 0 0 0 0 0 0 0 0 0 0 0 0 0 0 0 
0 0 0 0 0 0 0 0 0 0 0 0 0 0 0 0 
0 0 0 0 0 0 0 0 0 0 0 0 0 0 0 0 
GEMMINI: mvin - 0x10 cols and 0x10 rows from 0x10000100 to addr 0x00000000
0 0 0 0 0 0 0 0 0 0 0 0 0 0 0 0 
0 0 0 0 0 0 0 0 0 0 0 0 0 0 0 0 
0 0 0 0 0 0 0 0 0 0 0 0 0 0 0 0 
0 0 0 0 0 0 0 0 0 0 0 0 0 0 0 0 
0 0 0 0 0 0 0 0 0 0 0 0 0 0 0 0 
0 0 0 0 0 0 0 0 0 0 0 0 0 0 0 0 
0 0 0 0 0 0 0 0 0 0 0 0 0 0 0 0 
0 0 0 0 0 0 0 0 0 0 0 0 0 0 0 0 
0 0 0 0 0 0 0 0 0 0 0 0 0 0 0 0 
0 0 0 0 0 0 0 0 0 0 0 0 0 0 0 0 
0 0 0 0 0 0 0 0 0 0 0 0 0 0 0 0 
0 0 0 0 0 0 0 0 0 0 0 0 0 0 0 0 
0 0 0 0 0 0 0 0 0 0 0 0 0 0 0 0 
0 0 0 0 0 0 0 0 0 0 0 0 0 0 0 0 
0 0 0 0 0 0 0 0 0 0 0 0 0 0 0 0 
0 0 0 0 0 0 0 0 0 0 0 0 0 0 0 0 
GEMMINI: mvin - 0x10 cols and 0x10 rows from 0x20000000 to addr 0x00000010
0 0 0 0 0 0 0 0 0 0 0 0 0 0 0 0 
0 0 0 0 0 0 0 0 0 0 0 0 0 0 0 0 
0 0 0 0 0 0 0 0 0 0 0 0 0 0 0 0 
0 0 0 0 0 0 0 0 0 0 0 0 0 0 0 0 
0 0 0 0 0 0 0 0 0 0 0 0 0 0 0 0 
0 0 0 0 0 0 0 0 0 0 0 0 0 0 0 0 
0 0 0 0 0 0 0 0 0 0 0 0 0 0 0 0 
0 0 0 0 0 0 0 0 0 0 0 0 0 0 0 0 
0 0 0 0 0 0 0 0 0 0 0 0 0 0 0 0 
0 0 0 0 0 0 0 0 0 0 0 0 0 0 0 0 
0 0 0 0 0 0 0 0 0 0 0 0 0 0 0 0 
0 0 0 0 0 0 0 0 0 0 0 0 0 0 0 0 
0 0 0 0 0 0 0 0 0 0 0 0 0 0 0 0 
0 0 0 0 0 0 0 0 0 0 0 0 0 0 0 0 
0 0 0 0 0 0 0 0 0 0 0 0 0 0 0 0 
0 0 0 0 0 0 0 0 0 0 0 0 0 0 0 0 
GEMMINI: preload - scratchpad output addr = 0xa0000000, scratchpad preload addr = 0x00000010
GEMMINI: compute - preload = 1, scratchpad A addr = 0x00000000,scratchpad B addr 0xffffffff
GEMMINI: compute - PEs after preloading:
0 0 0 0 0 0 0 0 0 0 0 0 0 0 0 0 
0 0 0 0 0 0 0 0 0 0 0 0 0 0 0 0 
0 0 0 0 0 0 0 0 0 0 0 0 0 0 0 0 
0 0 0 0 0 0 0 0 0 0 0 0 0 0 0 0 
0 0 0 0 0 0 0 0 0 0 0 0 0 0 0 0 
0 0 0 0 0 0 0 0 0 0 0 0 0 0 0 0 
0 0 0 0 0 0 0 0 0 0 0 0 0 0 0 0 
0 0 0 0 0 0 0 0 0 0 0 0 0 0 0 0 
0 0 0 0 0 0 0 0 0 0 0 0 0 0 0 0 
0 0 0 0 0 0 0 0 0 0 0 0 0 0 0 0 
0 0 0 0 0 0 0 0 0 0 0 0 0 0 0 0 
0 0 0 0 0 0 0 0 0 0 0 0 0 0 0 0 
0 0 0 0 0 0 0 0 0 0 0 0 0 0 0 0 
0 0 0 0 0 0 0 0 0 0 0 0 0 0 0 0 
0 0 0 0 0 0 0 0 0 0 0 0 0 0 0 0 
0 0 0 0 0 0 0 0 0 0 0 0 0 0 0 0 
GEMMINI: compute - PEs after matmul:
0 0 0 0 0 0 0 0 0 0 0 0 0 0 0 0 
0 0 0 0 0 0 0 0 0 0 0 0 0 0 0 0 
0 0 0 0 0 0 0 0 0 0 0 0 0 0 0 0 
0 0 0 0 0 0 0 0 0 0 0 0 0 0 0 0 
0 0 0 0 0 0 0 0 0 0 0 0 0 0 0 0 
0 0 0 0 0 0 0 0 0 0 0 0 0 0 0 0 
0 0 0 0 0 0 0 0 0 0 0 0 0 0 0 0 
0 0 0 0 0 0 0 0 0 0 0 0 0 0 0 0 
0 0 0 0 0 0 0 0 0 0 0 0 0 0 0 0 
0 0 0 0 0 0 0 0 0 0 0 0 0 0 0 0 
0 0 0 0 0 0 0 0 0 0 0 0 0 0 0 0 
0 0 0 0 0 0 0 0 0 0 0 0 0 0 0 0 
0 0 0 0 0 0 0 0 0 0 0 0 0 0 0 0 
0 0 0 0 0 0 0 0 0 0 0 0 0 0 0 0 
0 0 0 0 0 0 0 0 0 0 0 0 0 0 0 0 
0 0 0 0 0 0 0 0 0 0 0 0 0 0 0 0 
GEMMINI: compute - writing results to addr 0xa0000000, :
0 0 0 0 0 0 0 0 0 0 0 0 0 0 0 0 
0 0 0 0 0 0 0 0 0 0 0 0 0 0 0 0 
0 0 0 0 0 0 0 0 0 0 0 0 0 0 0 0 
0 0 0 0 0 0 0 0 0 0 0 0 0 0 0 0 
0 0 0 0 0 0 0 0 0 0 0 0 0 0 0 0 
0 0 0 0 0 0 0 0 0 0 0 0 0 0 0 0 
0 0 0 0 0 0 0 0 0 0 0 0 0 0 0 0 
0 0 0 0 0 0 0 0 0 0 0 0 0 0 0 0 
0 0 0 0 0 0 0 0 0 0 0 0 0 0 0 0 
0 0 0 0 0 0 0 0 0 0 0 0 0 0 0 0 
0 0 0 0 0 0 0 0 0 0 0 0 0 0 0 0 
0 0 0 0 0 0 0 0 0 0 0 0 0 0 0 0 
0 0 0 0 0 0 0 0 0 0 0 0 0 0 0 0 
0 0 0 0 0 0 0 0 0 0 0 0 0 0 0 0 
0 0 0 0 0 0 0 0 0 0 0 0 0 0 0 0 
0 0 0 0 0 0 0 0 0 0 0 0 0 0 0 0 
GEMMINI: mvout - 0x10 cols and 0x10 rows from 0x100010e0000000 to addr 0x30000400
0 0 0 0 0 0 0 0 0 0 0 0 0 0 0 0 
0 0 0 0 0 0 0 0 0 0 0 0 0 0 0 0 
0 0 0 0 0 0 0 0 0 0 0 0 0 0 0 0 
0 0 0 0 0 0 0 0 0 0 0 0 0 0 0 0 
0 0 0 0 0 0 0 0 0 0 0 0 0 0 0 0 
0 0 0 0 0 0 0 0 0 0 0 0 0 0 0 0 
0 0 0 0 0 0 0 0 0 0 0 0 0 0 0 0 
0 0 0 0 0 0 0 0 0 0 0 0 0 0 0 0 
0 0 0 0 0 0 0 0 0 0 0 0 0 0 0 0 
0 0 0 0 0 0 0 0 0 0 0 0 0 0 0 0 
0 0 0 0 0 0 0 0 0 0 0 0 0 0 0 0 
0 0 0 0 0 0 0 0 0 0 0 0 0 0 0 0 
0 0 0 0 0 0 0 0 0 0 0 0 0 0 0 0 
0 0 0 0 0 0 0 0 0 0 0 0 0 0 0 0 
0 0 0 0 0 0 0 0 0 0 0 0 0 0 0 0 
0 0 0 0 0 0 0 0 0 0 0 0 0 0 0 0 
GEMMINI: flush
GEMMINI: config_ex - set dataflow mode from 1 to 1
GEMMINI: config_ex - set activation function from 0 to 0
GEMMINI: config_ex - set sys_shift from 0 to 0
GEMMINI: config_mvout - set store stride from 64 to 64
GEMMINI: config_mvout - no pooling
GEMMINI: config_mvin - set load stride from 16 to 16
GEMMINI: config_mvin - set load scale from 216361656939824 to 216361656939824
GEMMINI: config_mvin - set load stride from 16 to 16
GEMMINI: config_mvin - set load scale from 216361656939828 to 216361656939826
GEMMINI: mvin - 0x10 cols and 0x10 rows from 0x10000000 to addr 0x00000000
-128 127 -128 127 -128 127 -128 127 -128 127 -128 127 -128 127 -128 127 
-128 127 -128 127 -128 127 -128 127 -128 127 -128 127 -128 127 -128 127 
-128 127 -128 127 -128 127 -128 127 -128 127 -128 127 -128 127 -128 127 
-128 127 -128 127 -128 127 -128 127 -128 127 -128 127 -128 127 -128 127 
-128 127 -128 127 -128 127 -128 127 -128 127 -128 127 -128 127 -128 127 
-128 127 -128 127 -128 127 -128 127 -128 127 -128 127 -128 127 -128 127 
-128 127 -128 127 -128 127 -128 127 -128 127 -128 127 -128 127 -128 127 
-128 127 -128 127 -128 127 -128 127 -128 127 -128 127 -128 127 -128 127 
-128 127 -128 127 -128 127 -128 127 -128 127 -128 127 -128 127 -128 127 
-128 127 -128 127 -128 127 -128 127 -128 127 -128 127 -128 127 -128 127 
-128 127 -128 127 -128 127 -128 127 -128 127 -128 127 -128 127 -128 127 
-128 127 -128 127 -128 127 -128 127 -128 127 -128 127 -128 127 -128 127 
-128 127 -128 127 -128 127 -128 127 -128 127 -128 127 -128 127 -128 127 
-128 127 -128 127 -128 127 -128 127 -128 127 -128 127 -128 127 -128 127 
-128 127 -128 127 -128 127 -128 127 -128 127 -128 127 -128 127 -128 127 
-128 127 -128 127 -128 127 -128 127 -128 127 -128 127 -128 127 -128 127 
GEMMINI: mvin - 0x10 cols and 0x10 rows from 0x20000000 to addr 0x00000010
127 -128 127 -128 127 -128 127 -128 127 -128 127 -128 127 -128 127 -128 
127 -128 127 -128 127 -128 127 -128 127 -128 127 -128 127 -128 127 -128 
127 -128 127 -128 127 -128 127 -128 127 -128 127 -128 127 -128 127 -128 
127 -128 127 -128 127 -128 127 -128 127 -128 127 -128 127 -128 127 -128 
127 -128 127 -128 127 -128 127 -128 127 -128 127 -128 127 -128 127 -128 
127 -128 127 -128 127 -128 127 -128 127 -128 127 -128 127 -128 127 -128 
127 -128 127 -128 127 -128 127 -128 127 -128 127 -128 127 -128 127 -128 
127 -128 127 -128 127 -128 127 -128 127 -128 127 -128 127 -128 127 -128 
127 -128 127 -128 127 -128 127 -128 127 -128 127 -128 127 -128 127 -128 
127 -128 127 -128 127 -128 127 -128 127 -128 127 -128 127 -128 127 -128 
127 -128 127 -128 127 -128 127 -128 127 -128 127 -128 127 -128 127 -128 
127 -128 127 -128 127 -128 127 -128 127 -128 127 -128 127 -128 127 -128 
127 -128 127 -128 127 -128 127 -128 127 -128 127 -128 127 -128 127 -128 
127 -128 127 -128 127 -128 127 -128 127 -128 127 -128 127 -128 127 -128 
127 -128 127 -128 127 -128 127 -128 127 -128 127 -128 127 -128 127 -128 
127 -128 127 -128 127 -128 127 -128 127 -128 127 -128 127 -128 127 -128 
GEMMINI: preload - scratchpad output addr = 0xa0000000, scratchpad preload addr = 0x00000010
GEMMINI: compute - preload = 1, scratchpad A addr = 0x00000000,scratchpad B addr 0xffffffff
GEMMINI: compute - PEs after preloading:
127 -128 127 -128 127 -128 127 -128 127 -128 127 -128 127 -128 127 -128 
127 -128 127 -128 127 -128 127 -128 127 -128 127 -128 127 -128 127 -128 
127 -128 127 -128 127 -128 127 -128 127 -128 127 -128 127 -128 127 -128 
127 -128 127 -128 127 -128 127 -128 127 -128 127 -128 127 -128 127 -128 
127 -128 127 -128 127 -128 127 -128 127 -128 127 -128 127 -128 127 -128 
127 -128 127 -128 127 -128 127 -128 127 -128 127 -128 127 -128 127 -128 
127 -128 127 -128 127 -128 127 -128 127 -128 127 -128 127 -128 127 -128 
127 -128 127 -128 127 -128 127 -128 127 -128 127 -128 127 -128 127 -128 
127 -128 127 -128 127 -128 127 -128 127 -128 127 -128 127 -128 127 -128 
127 -128 127 -128 127 -128 127 -128 127 -128 127 -128 127 -128 127 -128 
127 -128 127 -128 127 -128 127 -128 127 -128 127 -128 127 -128 127 -128 
127 -128 127 -128 127 -128 127 -128 127 -128 127 -128 127 -128 127 -128 
127 -128 127 -128 127 -128 127 -128 127 -128 127 -128 127 -128 127 -128 
127 -128 127 -128 127 -128 127 -128 127 -128 127 -128 127 -128 127 -128 
127 -128 127 -128 127 -128 127 -128 127 -128 127 -128 127 -128 127 -128 
127 -128 127 -128 127 -128 127 -128 127 -128 127 -128 127 -128 127 -128 
GEMMINI: compute - PEs after matmul:
127 -128 127 -128 127 -128 127 -128 127 -128 127 -128 127 -128 127 -128 
127 -128 127 -128 127 -128 127 -128 127 -128 127 -128 127 -128 127 -128 
127 -128 127 -128 127 -128 127 -128 127 -128 127 -128 127 -128 127 -128 
127 -128 127 -128 127 -128 127 -128 127 -128 127 -128 127 -128 127 -128 
127 -128 127 -128 127 -128 127 -128 127 -128 127 -128 127 -128 127 -128 
127 -128 127 -128 127 -128 127 -128 127 -128 127 -128 127 -128 127 -128 
127 -128 127 -128 127 -128 127 -128 127 -128 127 -128 127 -128 127 -128 
127 -128 127 -128 127 -128 127 -128 127 -128 127 -128 127 -128 127 -128 
127 -128 127 -128 127 -128 127 -128 127 -128 127 -128 127 -128 127 -128 
127 -128 127 -128 127 -128 127 -128 127 -128 127 -128 127 -128 127 -128 
127 -128 127 -128 127 -128 127 -128 127 -128 127 -128 127 -128 127 -128 
127 -128 127 -128 127 -128 127 -128 127 -128 127 -128 127 -128 127 -128 
127 -128 127 -128 127 -128 127 -128 127 -128 127 -128 127 -128 127 -128 
127 -128 127 -128 127 -128 127 -128 127 -128 127 -128 127 -128 127 -128 
127 -128 127 -128 127 -128 127 -128 127 -128 127 -128 127 -128 127 -128 
127 -128 127 -128 127 -128 127 -128 127 -128 127 -128 127 -128 127 -128 
GEMMINI: compute - writing results to addr 0xa0000000, :
-1016 1024 -1016 1024 -1016 1024 -1016 1024 -1016 1024 -1016 1024 -1016 1024 -1016 1024 
-1016 1024 -1016 1024 -1016 1024 -1016 1024 -1016 1024 -1016 1024 -1016 1024 -1016 1024 
-1016 1024 -1016 1024 -1016 1024 -1016 1024 -1016 1024 -1016 1024 -1016 1024 -1016 1024 
-1016 1024 -1016 1024 -1016 1024 -1016 1024 -1016 1024 -1016 1024 -1016 1024 -1016 1024 
-1016 1024 -1016 1024 -1016 1024 -1016 1024 -1016 1024 -1016 1024 -1016 1024 -1016 1024 
-1016 1024 -1016 1024 -1016 1024 -1016 1024 -1016 1024 -1016 1024 -1016 1024 -1016 1024 
-1016 1024 -1016 1024 -1016 1024 -1016 1024 -1016 1024 -1016 1024 -1016 1024 -1016 1024 
-1016 1024 -1016 1024 -1016 1024 -1016 1024 -1016 1024 -1016 1024 -1016 1024 -1016 1024 
-1016 1024 -1016 1024 -1016 1024 -1016 1024 -1016 1024 -1016 1024 -1016 1024 -1016 1024 
-1016 1024 -1016 1024 -1016 1024 -1016 1024 -1016 1024 -1016 1024 -1016 1024 -1016 1024 
-1016 1024 -1016 1024 -1016 1024 -1016 1024 -1016 1024 -1016 1024 -1016 1024 -1016 1024 
-1016 1024 -1016 1024 -1016 1024 -1016 1024 -1016 1024 -1016 1024 -1016 1024 -1016 1024 
-1016 1024 -1016 1024 -1016 1024 -1016 1024 -1016 1024 -1016 1024 -1016 1024 -1016 1024 
-1016 1024 -1016 1024 -1016 1024 -1016 1024 -1016 1024 -1016 1024 -1016 1024 -1016 1024 
-1016 1024 -1016 1024 -1016 1024 -1016 1024 -1016 1024 -1016 1024 -1016 1024 -1016 1024 
-1016 1024 -1016 1024 -1016 1024 -1016 1024 -1016 1024 -1016 1024 -1016 1024 -1016 1024 
GEMMINI: mvout - 0x10 cols and 0x10 rows from 0x100010e0000000 to addr 0x30000000
-1016 1024 -1016 1024 -1016 1024 -1016 1024 -1016 1024 -1016 1024 -1016 1024 -1016 1024 
-1016 1024 -1016 1024 -1016 1024 -1016 1024 -1016 1024 -1016 1024 -1016 1024 -1016 1024 
-1016 1024 -1016 1024 -1016 1024 -1016 1024 -1016 1024 -1016 1024 -1016 1024 -1016 1024 
-1016 1024 -1016 1024 -1016 1024 -1016 1024 -1016 1024 -1016 1024 -1016 1024 -1016 1024 
-1016 1024 -1016 1024 -1016 1024 -1016 1024 -1016 1024 -1016 1024 -1016 1024 -1016 1024 
-1016 1024 -1016 1024 -1016 1024 -1016 1024 -1016 1024 -1016 1024 -1016 1024 -1016 1024 
-1016 1024 -1016 1024 -1016 1024 -1016 1024 -1016 1024 -1016 1024 -1016 1024 -1016 1024 
-1016 1024 -1016 1024 -1016 1024 -1016 1024 -1016 1024 -1016 1024 -1016 1024 -1016 1024 
-1016 1024 -1016 1024 -1016 1024 -1016 1024 -1016 1024 -1016 1024 -1016 1024 -1016 1024 
-1016 1024 -1016 1024 -1016 1024 -1016 1024 -1016 1024 -1016 1024 -1016 1024 -1016 1024 
-1016 1024 -1016 1024 -1016 1024 -1016 1024 -1016 1024 -1016 1024 -1016 1024 -1016 1024 
-1016 1024 -1016 1024 -1016 1024 -1016 1024 -1016 1024 -1016 1024 -1016 1024 -1016 1024 
-1016 1024 -1016 1024 -1016 1024 -1016 1024 -1016 1024 -1016 1024 -1016 1024 -1016 1024 
-1016 1024 -1016 1024 -1016 1024 -1016 1024 -1016 1024 -1016 1024 -1016 1024 -1016 1024 
-1016 1024 -1016 1024 -1016 1024 -1016 1024 -1016 1024 -1016 1024 -1016 1024 -1016 1024 
-1016 1024 -1016 1024 -1016 1024 -1016 1024 -1016 1024 -1016 1024 -1016 1024 -1016 1024 
GEMMINI: mvin - 0x10 cols and 0x10 rows from 0x10000100 to addr 0x00000000
-128 127 -128 127 -128 127 -128 127 -128 127 -128 127 -128 127 -128 127 
-128 127 -128 127 -128 127 -128 127 -128 127 -128 127 -128 127 -128 127 
-128 127 -128 127 -128 127 -128 127 -128 127 -128 127 -128 127 -128 127 
-128 127 -128 127 -128 127 -128 127 -128 127 -128 127 -128 127 -128 127 
-128 127 -128 127 -128 127 -128 127 -128 127 -128 127 -128 127 -128 127 
-128 127 -128 127 -128 127 -128 127 -128 127 -128 127 -128 127 -128 127 
-128 127 -128 127 -128 127 -128 127 -128 127 -128 127 -128 127 -128 127 
-128 127 -128 127 -128 127 -128 127 -128 127 -128 127 -128 127 -128 127 
-128 127 -128 127 -128 127 -128 127 -128 127 -128 127 -128 127 -128 127 
-128 127 -128 127 -128 127 -128 127 -128 127 -128 127 -128 127 -128 127 
-128 127 -128 127 -128 127 -128 127 -128 127 -128 127 -128 127 -128 127 
-128 127 -128 127 -128 127 -128 127 -128 127 -128 127 -128 127 -128 127 
-128 127 -128 127 -128 127 -128 127 -128 127 -128 127 -128 127 -128 127 
-128 127 -128 127 -128 127 -128 127 -128 127 -128 127 -128 127 -128 127 
-128 127 -128 127 -128 127 -128 127 -128 127 -128 127 -128 127 -128 127 
-128 127 -128 127 -128 127 -128 127 -128 127 -128 127 -128 127 -128 127 
GEMMINI: mvin - 0x10 cols and 0x10 rows from 0x20000000 to addr 0x00000010
127 -128 127 -128 127 -128 127 -128 127 -128 127 -128 127 -128 127 -128 
127 -128 127 -128 127 -128 127 -128 127 -128 127 -128 127 -128 127 -128 
127 -128 127 -128 127 -128 127 -128 127 -128 127 -128 127 -128 127 -128 
127 -128 127 -128 127 -128 127 -128 127 -128 127 -128 127 -128 127 -128 
127 -128 127 -128 127 -128 127 -128 127 -128 127 -128 127 -128 127 -128 
127 -128 127 -128 127 -128 127 -128 127 -128 127 -128 127 -128 127 -128 
127 -128 127 -128 127 -128 127 -128 127 -128 127 -128 127 -128 127 -128 
127 -128 127 -128 127 -128 127 -128 127 -128 127 -128 127 -128 127 -128 
127 -128 127 -128 127 -128 127 -128 127 -128 127 -128 127 -128 127 -128 
127 -128 127 -128 127 -128 127 -128 127 -128 127 -128 127 -128 127 -128 
127 -128 127 -128 127 -128 127 -128 127 -128 127 -128 127 -128 127 -128 
127 -128 127 -128 127 -128 127 -128 127 -128 127 -128 127 -128 127 -128 
127 -128 127 -128 127 -128 127 -128 127 -128 127 -128 127 -128 127 -128 
127 -128 127 -128 127 -128 127 -128 127 -128 127 -128 127 -128 127 -128 
127 -128 127 -128 127 -128 127 -128 127 -128 127 -128 127 -128 127 -128 
127 -128 127 -128 127 -128 127 -128 127 -128 127 -128 127 -128 127 -128 
GEMMINI: preload - scratchpad output addr = 0xa0000000, scratchpad preload addr = 0x00000010
GEMMINI: compute - preload = 1, scratchpad A addr = 0x00000000,scratchpad B addr 0xffffffff
GEMMINI: compute - PEs after preloading:
127 -128 127 -128 127 -128 127 -128 127 -128 127 -128 127 -128 127 -128 
127 -128 127 -128 127 -128 127 -128 127 -128 127 -128 127 -128 127 -128 
127 -128 127 -128 127 -128 127 -128 127 -128 127 -128 127 -128 127 -128 
127 -128 127 -128 127 -128 127 -128 127 -128 127 -128 127 -128 127 -128 
127 -128 127 -128 127 -128 127 -128 127 -128 127 -128 127 -128 127 -128 
127 -128 127 -128 127 -128 127 -128 127 -128 127 -128 127 -128 127 -128 
127 -128 127 -128 127 -128 127 -128 127 -128 127 -128 127 -128 127 -128 
127 -128 127 -128 127 -128 127 -128 127 -128 127 -128 127 -128 127 -128 
127 -128 127 -128 127 -128 127 -128 127 -128 127 -128 127 -128 127 -128 
127 -128 127 -128 127 -128 127 -128 127 -128 127 -128 127 -128 127 -128 
127 -128 127 -128 127 -128 127 -128 127 -128 127 -128 127 -128 127 -128 
127 -128 127 -128 127 -128 127 -128 127 -128 127 -128 127 -128 127 -128 
127 -128 127 -128 127 -128 127 -128 127 -128 127 -128 127 -128 127 -128 
127 -128 127 -128 127 -128 127 -128 127 -128 127 -128 127 -128 127 -128 
127 -128 127 -128 127 -128 127 -128 127 -128 127 -128 127 -128 127 -128 
127 -128 127 -128 127 -128 127 -128 127 -128 127 -128 127 -128 127 -128 
GEMMINI: compute - PEs after matmul:
127 -128 127 -128 127 -128 127 -128 127 -128 127 -128 127 -128 127 -128 
127 -128 127 -128 127 -128 127 -128 127 -128 127 -128 127 -128 127 -128 
127 -128 127 -128 127 -128 127 -128 127 -128 127 -128 127 -128 127 -128 
127 -128 127 -128 127 -128 127 -128 127 -128 127 -128 127 -128 127 -128 
127 -128 127 -128 127 -128 127 -128 127 -128 127 -128 127 -128 127 -128 
127 -128 127 -128 127 -128 127 -128 127 -128 127 -128 127 -128 127 -128 
127 -128 127 -128 127 -128 127 -128 127 -128 127 -128 127 -128 127 -128 
127 -128 127 -128 127 -128 127 -128 127 -128 127 -128 127 -128 127 -128 
127 -128 127 -128 127 -128 127 -128 127 -128 127 -128 127 -128 127 -128 
127 -128 127 -128 127 -128 127 -128 127 -128 127 -128 127 -128 127 -128 
127 -128 127 -128 127 -128 127 -128 127 -128 127 -128 127 -128 127 -128 
127 -128 127 -128 127 -128 127 -128 127 -128 127 -128 127 -128 127 -128 
127 -128 127 -128 127 -128 127 -128 127 -128 127 -128 127 -128 127 -128 
127 -128 127 -128 127 -128 127 -128 127 -128 127 -128 127 -128 127 -128 
127 -128 127 -128 127 -128 127 -128 127 -128 127 -128 127 -128 127 -128 
127 -128 127 -128 127 -128 127 -128 127 -128 127 -128 127 -128 127 -128 
GEMMINI: compute - writing results to addr 0xa0000000, :
-1016 1024 -1016 1024 -1016 1024 -1016 1024 -1016 1024 -1016 1024 -1016 1024 -1016 1024 
-1016 1024 -1016 1024 -1016 1024 -1016 1024 -1016 1024 -1016 1024 -1016 1024 -1016 1024 
-1016 1024 -1016 1024 -1016 1024 -1016 1024 -1016 1024 -1016 1024 -1016 1024 -1016 1024 
-1016 1024 -1016 1024 -1016 1024 -1016 1024 -1016 1024 -1016 1024 -1016 1024 -1016 1024 
-1016 1024 -1016 1024 -1016 1024 -1016 1024 -1016 1024 -1016 1024 -1016 1024 -1016 1024 
-1016 1024 -1016 1024 -1016 1024 -1016 1024 -1016 1024 -1016 1024 -1016 1024 -1016 1024 
-1016 1024 -1016 1024 -1016 1024 -1016 1024 -1016 1024 -1016 1024 -1016 1024 -1016 1024 
-1016 1024 -1016 1024 -1016 1024 -1016 1024 -1016 1024 -1016 1024 -1016 1024 -1016 1024 
-1016 1024 -1016 1024 -1016 1024 -1016 1024 -1016 1024 -1016 1024 -1016 1024 -1016 1024 
-1016 1024 -1016 1024 -1016 1024 -1016 1024 -1016 1024 -1016 1024 -1016 1024 -1016 1024 
-1016 1024 -1016 1024 -1016 1024 -1016 1024 -1016 1024 -1016 1024 -1016 1024 -1016 1024 
-1016 1024 -1016 1024 -1016 1024 -1016 1024 -1016 1024 -1016 1024 -1016 1024 -1016 1024 
-1016 1024 -1016 1024 -1016 1024 -1016 1024 -1016 1024 -1016 1024 -1016 1024 -1016 1024 
-1016 1024 -1016 1024 -1016 1024 -1016 1024 -1016 1024 -1016 1024 -1016 1024 -1016 1024 
-1016 1024 -1016 1024 -1016 1024 -1016 1024 -1016 1024 -1016 1024 -1016 1024 -1016 1024 
-1016 1024 -1016 1024 -1016 1024 -1016 1024 -1016 1024 -1016 1024 -1016 1024 -1016 1024 
GEMMINI: mvout - 0x10 cols and 0x10 rows from 0x100010e0000000 to addr 0x30000400
-1016 1024 -1016 1024 -1016 1024 -1016 1024 -1016 1024 -1016 1024 -1016 1024 -1016 1024 
-1016 1024 -1016 1024 -1016 1024 -1016 1024 -1016 1024 -1016 1024 -1016 1024 -1016 1024 
-1016 1024 -1016 1024 -1016 1024 -1016 1024 -1016 1024 -1016 1024 -1016 1024 -1016 1024 
-1016 1024 -1016 1024 -1016 1024 -1016 1024 -1016 1024 -1016 1024 -1016 1024 -1016 1024 
-1016 1024 -1016 1024 -1016 1024 -1016 1024 -1016 1024 -1016 1024 -1016 1024 -1016 1024 
-1016 1024 -1016 1024 -1016 1024 -1016 1024 -1016 1024 -1016 1024 -1016 1024 -1016 1024 
-1016 1024 -1016 1024 -1016 1024 -1016 1024 -1016 1024 -1016 1024 -1016 1024 -1016 1024 
-1016 1024 -1016 1024 -1016 1024 -1016 1024 -1016 1024 -1016 1024 -1016 1024 -1016 1024 
-1016 1024 -1016 1024 -1016 1024 -1016 1024 -1016 1024 -1016 1024 -1016 1024 -1016 1024 
-1016 1024 -1016 1024 -1016 1024 -1016 1024 -1016 1024 -1016 1024 -1016 1024 -1016 1024 
-1016 1024 -1016 1024 -1016 1024 -1016 1024 -1016 1024 -1016 1024 -1016 1024 -1016 1024 
-1016 1024 -1016 1024 -1016 1024 -1016 1024 -1016 1024 -1016 1024 -1016 1024 -1016 1024 
-1016 1024 -1016 1024 -1016 1024 -1016 1024 -1016 1024 -1016 1024 -1016 1024 -1016 1024 
-1016 1024 -1016 1024 -1016 1024 -1016 1024 -1016 1024 -1016 1024 -1016 1024 -1016 1024 
-1016 1024 -1016 1024 -1016 1024 -1016 1024 -1016 1024 -1016 1024 -1016 1024 -101MODE 1 PASS
6 1024 
-1016 1024 -1016 1024 -1016 1024 -1016 1024 -1016 1024 -1016 1024 -1016 1024 -1016 1024 
GEMMINI: flush
GEMMINI: config_ex - set dataflow mode from 1 to 1
GEMMINI: config_ex - set activation function from 0 to 0
GEMMINI: config_ex - set sys_shift from 0 to 0
GEMMINI: config_mvout - set store stride from 64 to 64
GEMMINI: config_mvout - no pooling
GEMMINI: config_mvin - set load stride from 16 to 16
GEMMINI: config_mvin - set load scale from 216361656939824 to 216361656939824
GEMMINI: config_mvin - set load stride from 16 to 16
GEMMINI: config_mvin - set load scale from 216361656939828 to 216361656939826
GEMMINI: mvin - 0x10 cols and 0x10 rows from 0x10000000 to addr 0x00000000
113 71 29 -108 -20 -119 -109 -57 68 -68 -40 -49 -53 60 -59 -90 
104 25 -88 -26 -54 -92 -30 59 105 -67 65 -119 65 -38 30 -36 
78 -40 54 19 -58 -126 73 76 25 -30 116 14 -87 74 79 57 
73 32 -58 -82 119 109 -72 -66 89 37 81 84 122 52 40 -31 
65 77 24 10 53 113 -34 20 -14 65 119 11 -22 5 55 -75 
-35 120 -87 58 22 89 42 -112 107 -78 68 -88 -14 -26 -53 90 
-125 126 -70 17 -14 -80 -53 54 9 -77 -40 94 72 -59 -12 50 
92 -8 72 34 95 -64 -81 -55 -43 62 17 30 98 74 -128 96 
77 67 20 -64 -75 -106 -121 -53 -107 15 -113 -98 121 -30 -1 -56 
-3 120 -100 -3 10 -5 -64 -128 -48 -96 -79 78 -125 -73 -66 11 
-43 116 31 -82 54 123 -118 -21 -50 45 -107 99 54 -75 -49 -114 
-6 -47 -100 100 -49 96 -44 -50 -107 -80 27 -48 11 -123 -2 115 
84 -23 -46 115 45 -73 77 -83 -21 -27 -31 71 55 -108 -36 -99 
-118 -39 65 -17 102 73 100 -53 90 71 71 59 -77 13 -73 -81 
2 123 38 -87 82 -94 71 43 38 16 108 -32 53 -39 -97 12 
-28 106 -126 53 -121 13 -25 -113 88 59 46 40 51 -91 98 -40 
GEMMINI: mvin - 0x10 cols and 0x10 rows from 0x20000000 to addr 0x00000010
121 -57 36 36 73 108 42 -38 100 -39 29 43 -4 -57 -75 111 
-40 -86 34 -92 -122 49 -92 -45 96 -101 -23 65 65 -64 42 91 
5 -38 4 95 -62 24 23 -54 -57 -31 96 -123 89 -24 87 -50 
40 -12 -56 -25 -109 109 113 -127 -96 -90 97 -25 -71 -20 11 -21 
39 82 45 -111 80 58 99 125 -80 -92 -118 28 -103 54 -43 -107 
-86 15 -79 110 17 76 90 -2 -128 86 58 -105 -16 -14 5 111 
24 6 -106 83 -84 44 -122 10 86 -8 -111 -118 117 9 -86 -35 
-104 -46 -40 -47 -71 38 -41 98 58 -123 110 -24 -96 41 -111 1 
17 -50 55 60 -114 69 -7 -118 -15 -73 112 101 -90 -70 75 -67 
41 21 50 -89 67 83 94 -59 4 10 -11 115 127 -24 38 -74 
72 -125 9 -27 -82 -35 52 21 -71 -72 29 70 -30 -97 50 79 
-107 -79 -70 -119 103 44 105 62 23 -67 -58 -48 70 -118 61 -87 
-10 -5 3 -26 -60 76 -82 -62 -27 -44 -112 -60 -30 18 -41 -88 
19 124 101 15 -35 8 112 -26 -85 119 -39 -106 -83 100 77 -16 
83 16 30 -42 -120 -22 -33 -86 -81 -31 -63 120 94 106 -80 -29 
-35 80 45 -48 93 63 -22 -44 -8 14 39 94 108 -48 -49 -92 
GEMMINI: preload - scratchpad output addr = 0xa0000000, scratchpad preload addr = 0x00000010
GEMMINI: compute - preload = 1, scratchpad A addr = 0x00000000,scratchpad B addr 0xffffffff
GEMMINI: compute - PEs after preloading:
121 -57 36 36 73 108 42 -38 100 -39 29 43 -4 -57 -75 111 
-40 -86 34 -92 -122 49 -92 -45 96 -101 -23 65 65 -64 42 91 
5 -38 4 95 -62 24 23 -54 -57 -31 96 -123 89 -24 87 -50 
40 -12 -56 -25 -109 109 113 -127 -96 -90 97 -25 -71 -20 11 -21 
39 82 45 -111 80 58 99 125 -80 -92 -118 28 -103 54 -43 -107 
-86 15 -79 110 17 76 90 -2 -128 86 58 -105 -16 -14 5 111 
24 6 -106 83 -84 44 -122 10 86 -8 -111 -118 117 9 -86 -35 
-104 -46 -40 -47 -71 38 -41 98 58 -123 110 -24 -96 41 -111 1 
17 -50 55 60 -114 69 -7 -118 -15 -73 112 101 -90 -70 75 -67 
41 21 50 -89 67 83 94 -59 4 10 -11 115 127 -24 38 -74 
72 -125 9 -27 -82 -35 52 21 -71 -72 29 70 -30 -97 50 79 
-107 -79 -70 -119 103 44 105 62 23 -67 -58 -48 70 -118 61 -87 
-10 -5 3 -26 -60 76 -82 -62 -27 -44 -112 -60 -30 18 -41 -88 
19 124 101 15 -35 8 112 -26 -85 119 -39 -106 -83 100 77 -16 
83 16 30 -42 -120 -22 -33 -86 -81 -31 -63 120 94 106 -80 -29 
-35 80 45 -48 93 63 -22 -44 -8 14 39 94 108 -48 -49 -92 
GEMMINI: compute - PEs after matmul:
121 -57 36 36 73 108 42 -38 100 -39 29 43 -4 -57 -75 111 
-40 -86 34 -92 -122 49 -92 -45 96 -101 -23 65 65 -64 42 91 
5 -38 4 95 -62 24 23 -54 -57 -31 96 -123 89 -24 87 -50 
40 -12 -56 -25 -109 109 113 -127 -96 -90 97 -25 -71 -20 11 -21 
39 82 45 -111 80 58 99 125 -80 -92 -118 28 -103 54 -43 -107 
-86 15 -79 110 17 76 90 -2 -128 86 58 -105 -16 -14 5 111 
24 6 -106 83 -84 44 -122 10 86 -8 -111 -118 117 9 -86 -35 
-104 -46 -40 -47 -71 38 -41 98 58 -123 110 -24 -96 41 -111 1 
17 -50 55 60 -114 69 -7 -118 -15 -73 112 101 -90 -70 75 -67 
41 21 50 -89 67 83 94 -59 4 10 -11 115 127 -24 38 -74 
72 -125 9 -27 -82 -35 52 21 -71 -72 29 70 -30 -97 50 79 
-107 -79 -70 -119 103 44 105 62 23 -67 -58 -48 70 -118 61 -87 
-10 -5 3 -26 -60 76 -82 -62 -27 -44 -112 -60 -30 18 -41 -88 
19 124 101 15 -35 8 112 -26 -85 119 -39 -106 -83 100 77 -16 
83 16 30 -42 -120 -22 -33 -86 -81 -31 -63 120 94 106 -80 -29 
-35 80 45 -48 93 63 -22 -44 -8 14 39 94 108 -48 -49 -92 
GEMMINI: compute - writing results to addr 0xa0000000, :
20078 -10206 38472 11872 4856 -22187 -9478 -1407 33234 7292 9088 14652 -24547 -2607 25258 27785 
27883 -25942 18333 7222 -38285 -5810 -41211 -16595 27388 -25332 14519 41349 -35020 -102 -21706 26181 
27377 -15041 9253 2898 -27634 -5385 -2691 -9021 11307 -18250 19788 13542 11270 -3619 -7932 -912 
8433 -6164 22109 -20589 13586 25560 33672 33 -27654 -8222 -31512 20306 -21066 -13394 13443 -2029 
12081 -24511 2251 -9139 -14734 16566 31823 320 -20316 -18127 6071 11952 -2964 -11502 8150 32627 
3740 -2510 1760 13961 -26010 12187 -14081 -24632 -11233 -1374 8432 21066 -12365 -23649 10548 22646 
-40918 -14766 -6448 -44716 -13260 -6145 -33592 8244 20090 -32983 -10573 13902 -3210 -11768 28 -20626 
12424 14449 28577 -24482 43313 29778 38407 -3122 -7460 -4572 -7718 -3535 -7264 -16777 17095 -27221 
14219 2540 24150 -4687 10385 -15686 -35756 -15340 32470 13657 -17538 9634 11506 17710 -6471 16100 
-17973 -4570 -6355 -18615 39397 -17673 -805 17916 26697 8292 -10885 14665 7726 -23214 13594 26500 
-41432 -11663 -9233 -19392 29888 5122 11350 23388 2113 -690 -16765 -17050 5015 -9939 20830 9250 
-6026 4390 -24496 4921 19814 -3772 -3270 -4049 -16400 13181 12380 8562 1543 -8065 -25243 25222 
20549 -18981 -25464 -8093 7072 15062 -313 -1199 20770 -27506 -28130 -9551 -2981 -15897 -12372 -6761 
-6428 -1885 -13763 12733 -1125 1871 32739 17916 -26810 1808 -5173 -24255 -1419 -14574 36506 -20575 
3306 -25559 11100 -17746 -16259 5410 -33239 19146 33001 -39378 -14609 13554 1740 -22560 1392 -5053 
9419 -33289 -2672 -16818 -33363 3090 -16169 -47991 4092 -12626 -6504 52327 24111 -27430 14738 14575 
GEMMINI: mvout - 0x10 cols and 0x10 rows from 0x100010e0000000 to addr 0x30000000
20078 -10206 38472 11872 4856 -22187 -9478 -1407 33234 7292 9088 14652 -24547 -2607 25258 27785 
27883 -25942 18333 7222 -38285 -5810 -41211 -16595 27388 -25332 14519 41349 -35020 -102 -21706 26181 
27377 -15041 9253 2898 -27634 -5385 -2691 -9021 11307 -18250 19788 13542 11270 -3619 -7932 -912 
8433 -6164 22109 -20589 13586 25560 33672 33 -27654 -8222 -31512 20306 -21066 -13394 13443 -2029 
12081 -24511 2251 -9139 -14734 16566 31823 320 -20316 -18127 6071 11952 -2964 -11502 8150 32627 
3740 -2510 1760 13961 -26010 12187 -14081 -24632 -11233 -1374 8432 21066 -12365 -23649 10548 22646 
-40918 -14766 -6448 -44716 -13260 -6145 -33592 8244 20090 -32983 -10573 13902 -3210 -11768 28 -20626 
12424 14449 28577 -24482 43313 29778 38407 -3122 -7460 -4572 -7718 -3535 -7264 -16777 17095 -27221 
14219 2540 24150 -4687 10385 -15686 -35756 -15340 32470 13657 -17538 9634 11506 17710 -6471 16100 
-17973 -4570 -6355 -18615 39397 -17673 -805 17916 26697 8292 -10885 14665 7726 -23214 13594 26500 
-41432 -11663 -9233 -19392 29888 5122 11350 23388 2113 -690 -16765 -17050 5015 -9939 20830 9250 
-6026 4390 -24496 4921 19814 -3772 -3270 -4049 -16400 13181 12380 8562 1543 -8065 -25243 25222 
20549 -18981 -25464 -8093 7072 15062 -313 -1199 20770 -27506 -28130 -9551 -2981 -15897 -12372 -6761 
-6428 -1885 -13763 12733 -1125 1871 32739 17916 -26810 1808 -5173 -24255 -1419 -14574 36506 -20575 
3306 -25559 11100 -17746 -16259 5410 -33239 19146 33001 -39378 -14609 13554 1740 -22560 1392 -5053 
9419 -33289 -2672 -16818 -33363 3090 -16169 -47991 4092 -12626 -6504 52327 24111 -27430 14738 14575 
GEMMINI: mvin - 0x10 cols and 0x10 rows from 0x10000100 to addr 0x00000000
23 1 18 -26 93 -107 -15 122 -74 -124 45 -57 -26 -36 -113 -11 
66 91 87 -49 -22 4 -43 49 -57 102 -57 47 67 -89 118 6 
-53 83 -113 -61 6 -25 -62 -75 -46 27 28 -108 3 -13 37 110 
-38 -124 -71 85 71 -121 -89 -54 -33 -97 11 -25 -101 106 107 80 
86 73 -108 -40 4 -16 51 -14 -77 -84 50 -34 68 119 -40 -113 
-26 -66 -97 94 86 -20 -44 113 -41 -66 -15 -23 -13 70 -70 -49 
-16 -68 26 -68 17 8 -69 74 -110 16 103 62 97 -63 33 114 
-100 -33 2 -125 -50 -115 -43 64 -23 -100 114 -51 3 -109 -37 -102 
-47 -126 24 8 -28 -121 -46 -43 -91 29 -79 75 17 40 119 45 
53 -63 -39 92 105 -63 33 76 76 15 -123 43 -125 -86 68 -53 
48 117 -122 83 52 -58 -15 -86 37 -83 11 -97 14 4 82 -40 
-23 59 29 -127 -35 -32 49 -80 56 -15 34 -102 43 -30 112 120 
71 108 93 55 -69 27 -113 -30 74 -106 106 -48 15 -83 43 -115 
-15 37 -59 -119 -28 67 124 -126 -28 25 66 -77 -78 -110 -44 -70 
77 63 -108 74 47 -32 37 -107 77 -78 -55 118 -53 124 122 98 
-125 87 -55 13 52 64 122 -37 -118 95 -35 13 -46 20 -22 -88 
GEMMINI: mvin - 0x10 cols and 0x10 rows from 0x20000000 to addr 0x00000010
121 -57 36 36 73 108 42 -38 100 -39 29 43 -4 -57 -75 111 
-40 -86 34 -92 -122 49 -92 -45 96 -101 -23 65 65 -64 42 91 
5 -38 4 95 -62 24 23 -54 -57 -31 96 -123 89 -24 87 -50 
40 -12 -56 -25 -109 109 113 -127 -96 -90 97 -25 -71 -20 11 -21 
39 82 45 -111 80 58 99 125 -80 -92 -118 28 -103 54 -43 -107 
-86 15 -79 110 17 76 90 -2 -128 86 58 -105 -16 -14 5 111 
24 6 -106 83 -84 44 -122 10 86 -8 -111 -118 117 9 -86 -35 
-104 -46 -40 -47 -71 38 -41 98 58 -123 110 -24 -96 41 -111 1 
17 -50 55 60 -114 69 -7 -118 -15 -73 112 101 -90 -70 75 -67 
41 21 50 -89 67 83 94 -59 4 10 -11 115 127 -24 38 -74 
72 -125 9 -27 -82 -35 52 21 -71 -72 29 70 -30 -97 50 79 
-107 -79 -70 -119 103 44 105 62 23 -67 -58 -48 70 -118 61 -87 
-10 -5 3 -26 -60 76 -82 -62 -27 -44 -112 -60 -30 18 -41 -88 
19 124 101 15 -35 8 112 -26 -85 119 -39 -106 -83 100 77 -16 
83 16 30 -42 -120 -22 -33 -86 -81 -31 -63 120 94 106 -80 -29 
-35 80 45 -48 93 63 -22 -44 -8 14 39 94 108 -48 -49 -92 
GEMMINI: preload - scratchpad output addr = 0xa0000000, scratchpad preload addr = 0x00000010
GEMMINI: compute - preload = 1, scratchpad A addr = 0x00000000,scratchpad B addr 0xffffffff
GEMMINI: compute - PEs after preloading:
121 -57 36 36 73 108 42 -38 100 -39 29 43 -4 -57 -75 111 
-40 -86 34 -92 -122 49 -92 -45 96 -101 -23 65 65 -64 42 91 
5 -38 4 95 -62 24 23 -54 -57 -31 96 -123 89 -24 87 -50 
40 -12 -56 -25 -109 109 113 -127 -96 -90 97 -25 -71 -20 11 -21 
39 82 45 -111 80 58 99 125 -80 -92 -118 28 -103 54 -43 -107 
-86 15 -79 110 17 76 90 -2 -128 86 58 -105 -16 -14 5 111 
24 6 -106 83 -84 44 -122 10 86 -8 -111 -118 117 9 -86 -35 
-104 -46 -40 -47 -71 38 -41 98 58 -123 110 -24 -96 41 -111 1 
17 -50 55 60 -114 69 -7 -118 -15 -73 112 101 -90 -70 75 -67 
41 21 50 -89 67 83 94 -59 4 10 -11 115 127 -24 38 -74 
72 -125 9 -27 -82 -35 52 21 -71 -72 29 70 -30 -97 50 79 
-107 -79 -70 -119 103 44 105 62 23 -67 -58 -48 70 -118 61 -87 
-10 -5 3 -26 -60 76 -82 -62 -27 -44 -112 -60 -30 18 -41 -88 
19 124 101 15 -35 8 112 -26 -85 119 -39 -106 -83 100 77 -16 
83 16 30 -42 -120 -22 -33 -86 -81 -31 -63 120 94 106 -80 -29 
-35 80 45 -48 93 63 -22 -44 -8 14 39 94 108 -48 -49 -92 
GEMMINI: compute - PEs after matmul:
121 -57 36 36 73 108 42 -38 100 -39 29 43 -4 -57 -75 111 
-40 -86 34 -92 -122 49 -92 -45 96 -101 -23 65 65 -64 42 91 
5 -38 4 95 -62 24 23 -54 -57 -31 96 -123 89 -24 87 -50 
40 -12 -56 -25 -109 109 113 -127 -96 -90 97 -25 -71 -20 11 -21 
39 82 45 -111 80 58 99 125 -80 -92 -118 28 -103 54 -43 -107 
-86 15 -79 110 17 76 90 -2 -128 86 58 -105 -16 -14 5 111 
24 6 -106 83 -84 44 -122 10 86 -8 -111 -118 117 9 -86 -35 
-104 -46 -40 -47 -71 38 -41 98 58 -123 110 -24 -96 41 -111 1 
17 -50 55 60 -114 69 -7 -118 -15 -73 112 101 -90 -70 75 -67 
41 21 50 -89 67 83 94 -59 4 10 -11 115 127 -24 38 -74 
72 -125 9 -27 -82 -35 52 21 -71 -72 29 70 -30 -97 50 79 
-107 -79 -70 -119 103 44 105 62 23 -67 -58 -48 70 -118 61 -87 
-10 -5 3 -26 -60 76 -82 -62 -27 -44 -112 -60 -30 18 -41 -88 
19 124 101 15 -35 8 112 -26 -85 119 -39 -106 -83 100 77 -16 
83MODE 2 PASS
VERITAC_GEMMINI_RAW_PASS
 16 30 -42 -120 -22 -33 -86 -81 -31 -63 120 94 106 -80 -29 
-35 80 45 -48 93 63 -22 -44 -8 14 39 94 108 -48 -49 -92 
GEMMINI: compute - writing results to addr 0xa0000000, :
-4847 -8498 -1736 -8402 7418 -18583 -17957 51265 25019 -26910 6448 -12895 -40383 5099 -20805 10910 
-3206 -19161 3038 -24369 444 18090 -15247 -13291 18014 -24344 -6707 22004 49541 -4265 -14589 -4129 
8799 19768 27083 -23965 9946 -18573 -22738 -5185 1476 17258 -19980 52030 15125 8678 -6853 8722 
28096 42439 26117 -19657 13160 -29620 30918 2080 -37634 16156 -5581 26071 -29367 35424 -4923 -22542 
14259 -2300 4317 2480 -13220 -9009 -13569 18115 19586 10077 -40456 -25584 -30715 15019 -9733 40377 
-9622 19067 -4592 -13902 5421 -3067 24002 32835 -12631 -5612 4834 -20162 -67171 25636 -14596 -776 
-15033 -6302 -3104 -28870 29545 -4293 1818 25384 -12130 -11192 -7888 9894 16645 -7300 -18877 -16322 
-7946 -32519 -7250 4322 -16750 -59471 -45576 39038 21127 -11893 4025 4598 -20034 509 -412 16897 
7296 29586 8737 -21852 26206 -20258 10086 -5078 -12697 19471 -25081 3282 28841 27259 -4703 -45461 
10384 2444 -10971 -14642 7383 15034 13641 8972 13796 -34472 10108 23039 -14231 10151 -26703 -23519 
35977 -665 18402 -13031 -36925 -501 -17091 -24520 1065 -17517 -19703 38414 -25620 12048 -10689 21746 
18600 5433 23000 11749 -23105 -13021 -53087 -27010 6070 8279 -16207 37499 42638 4162 -8465 -6243 
17878 -56343 2321 21543 -56217 -4104 -7410 -32952 -8584 -32604 42464 13802 -21159 -25848 23140 50986 
11904 -13204 -17631 29180 7273 -25863 -30581 15463 23502 25658 -22890 5408 32178 -13881 229 41397 
16925 19425 17354 -23356 244 21143 18673 -26569 -4511 -2558 -27406 24899 5617 -810 -779 -15729 
-14988 15796 -22361 -14414 423 -4154 2466 22606 695 15985 -43385 -26391 24576 15015 3387 3194 
GEMMINI: mvout - 0x10 cols and 0x10 rows from 0x100010e0000000 to addr 0x30000400
-4847 -8498 -1736 -8402 7418 -18583 -17957 51265 25019 -26910 6448 -12895 -40383 5099 -20805 10910 
-3206 -19161 3038 -24369 444 18090 -15247 -13291 18014 -24344 -6707 22004 49541 -4265 -14589 -4129 
8799 19768 27083 -23965 9946 -18573 -22738 -5185 1476 17258 -19980 52030 15125 8678 -6853 8722 
28096 42439 26117 -19657 13160 -29620 30918 2080 -37634 16156 -5581 26071 -29367 35424 -4923 -22542 
14259 -2300 4317 2480 -13220 -9009 -13569 18115 19586 10077 -40456 -25584 -30715 15019 -9733 40377 
-9622 19067 -4592 -13902 5421 -3067 24002 32835 -12631 -5612 4834 -20162 -67171 25636 -14596 -776 
-15033 -6302 -3104 -28870 29545 -4293 1818 25384 -12130 -11192 -7888 9894 16645 -7300 -18877 -16322 
-7946 -32519 -7250 4322 -16750 -59471 -45576 39038 21127 -11893 4025 4598 -20034 509 -412 16897 
7296 29586 8737 -21852 26206 -20258 10086 -5078 -12697 19471 -25081 3282 28841 27259 -4703 -45461 
10384 2444 -10971 -14642 7383 15034 13641 8972 13796 -34472 10108 23039 -14231 10151 -26703 -23519 
35977 -665 18402 -13031 -36925 -501 -17091 -24520 1065 -17517 -19703 38414 -25620 12048 -10689 21746 
18600 5433 23000 11749 -23105 -13021 -53087 -27010 6070 8279 -16207 37499 42638 4162 -8465 -6243 
17878 -56343 2321 21543 -56217 -4104 -7410 -32952 -8584 -32604 42464 13802 -21159 -25848 23140 50986 
11904 -13204 -17631 29180 7273 -25863 -30581 15463 23502 25658 -22890 5408 32178 -13881 229 41397 
16925 19425 17354 -23356 244 21143 18673 -26569 -4511 -2558 -27406 24899 5617 -810 -779 -15729 
-14988 15796 -22361 -14414 423 -4154 2466 22606 695 15985 -43385 -26391 24576 15015 3387 3194 
